Archive member included to satisfy reference by file (symbol)

/opt/st/stm32cubeide_1.6.1/plugins/com.st.stm32cube.ide.mcu.externaltools.gnu-tools-for-stm32.9-2020-q2-update.linux64_1.5.0.202011040924/tools/bin/../lib/gcc/arm-none-eabi/9.3.1/../../../../arm-none-eabi/lib/thumb/v7e-m+fp/hard/libc_nano.a(lib_a-errno.o)
                              Core/Src/syscalls.o (__errno)
/opt/st/stm32cubeide_1.6.1/plugins/com.st.stm32cube.ide.mcu.externaltools.gnu-tools-for-stm32.9-2020-q2-update.linux64_1.5.0.202011040924/tools/bin/../lib/gcc/arm-none-eabi/9.3.1/../../../../arm-none-eabi/lib/thumb/v7e-m+fp/hard/libc_nano.a(lib_a-exit.o)
                              /opt/st/stm32cubeide_1.6.1/plugins/com.st.stm32cube.ide.mcu.externaltools.gnu-tools-for-stm32.9-2020-q2-update.linux64_1.5.0.202011040924/tools/bin/../lib/gcc/arm-none-eabi/9.3.1/../../../../arm-none-eabi/lib/thumb/v7e-m+fp/hard/crt0.o (exit)
/opt/st/stm32cubeide_1.6.1/plugins/com.st.stm32cube.ide.mcu.externaltools.gnu-tools-for-stm32.9-2020-q2-update.linux64_1.5.0.202011040924/tools/bin/../lib/gcc/arm-none-eabi/9.3.1/../../../../arm-none-eabi/lib/thumb/v7e-m+fp/hard/libc_nano.a(lib_a-impure.o)
                              /opt/st/stm32cubeide_1.6.1/plugins/com.st.stm32cube.ide.mcu.externaltools.gnu-tools-for-stm32.9-2020-q2-update.linux64_1.5.0.202011040924/tools/bin/../lib/gcc/arm-none-eabi/9.3.1/../../../../arm-none-eabi/lib/thumb/v7e-m+fp/hard/libc_nano.a(lib_a-exit.o) (_global_impure_ptr)
/opt/st/stm32cubeide_1.6.1/plugins/com.st.stm32cube.ide.mcu.externaltools.gnu-tools-for-stm32.9-2020-q2-update.linux64_1.5.0.202011040924/tools/bin/../lib/gcc/arm-none-eabi/9.3.1/../../../../arm-none-eabi/lib/thumb/v7e-m+fp/hard/libc_nano.a(lib_a-init.o)
                              /opt/st/stm32cubeide_1.6.1/plugins/com.st.stm32cube.ide.mcu.externaltools.gnu-tools-for-stm32.9-2020-q2-update.linux64_1.5.0.202011040924/tools/bin/../lib/gcc/arm-none-eabi/9.3.1/../../../../arm-none-eabi/lib/thumb/v7e-m+fp/hard/crt0.o (__libc_init_array)
/opt/st/stm32cubeide_1.6.1/plugins/com.st.stm32cube.ide.mcu.externaltools.gnu-tools-for-stm32.9-2020-q2-update.linux64_1.5.0.202011040924/tools/bin/../lib/gcc/arm-none-eabi/9.3.1/../../../../arm-none-eabi/lib/thumb/v7e-m+fp/hard/libc_nano.a(lib_a-memcpy-stub.o)
                              Middlewares/Third_Party/FreeRTOS/Source/CMSIS_RTOS_V2/cmsis_os2.o (memcpy)
/opt/st/stm32cubeide_1.6.1/plugins/com.st.stm32cube.ide.mcu.externaltools.gnu-tools-for-stm32.9-2020-q2-update.linux64_1.5.0.202011040924/tools/bin/../lib/gcc/arm-none-eabi/9.3.1/../../../../arm-none-eabi/lib/thumb/v7e-m+fp/hard/libc_nano.a(lib_a-memset.o)
                              /opt/st/stm32cubeide_1.6.1/plugins/com.st.stm32cube.ide.mcu.externaltools.gnu-tools-for-stm32.9-2020-q2-update.linux64_1.5.0.202011040924/tools/bin/../lib/gcc/arm-none-eabi/9.3.1/../../../../arm-none-eabi/lib/thumb/v7e-m+fp/hard/crt0.o (memset)
/opt/st/stm32cubeide_1.6.1/plugins/com.st.stm32cube.ide.mcu.externaltools.gnu-tools-for-stm32.9-2020-q2-update.linux64_1.5.0.202011040924/tools/bin/../lib/gcc/arm-none-eabi/9.3.1/../../../../arm-none-eabi/lib/thumb/v7e-m+fp/hard/libc_nano.a(lib_a-printf.o)
                              Core/Src/piece.o (printf)
/opt/st/stm32cubeide_1.6.1/plugins/com.st.stm32cube.ide.mcu.externaltools.gnu-tools-for-stm32.9-2020-q2-update.linux64_1.5.0.202011040924/tools/bin/../lib/gcc/arm-none-eabi/9.3.1/../../../../arm-none-eabi/lib/thumb/v7e-m+fp/hard/libc_nano.a(lib_a-puts.o)
                              Core/Src/main.o (puts)
/opt/st/stm32cubeide_1.6.1/plugins/com.st.stm32cube.ide.mcu.externaltools.gnu-tools-for-stm32.9-2020-q2-update.linux64_1.5.0.202011040924/tools/bin/../lib/gcc/arm-none-eabi/9.3.1/../../../../arm-none-eabi/lib/thumb/v7e-m+fp/hard/libc_nano.a(lib_a-strlen.o)
                              Core/Src/main.o (strlen)
/opt/st/stm32cubeide_1.6.1/plugins/com.st.stm32cube.ide.mcu.externaltools.gnu-tools-for-stm32.9-2020-q2-update.linux64_1.5.0.202011040924/tools/bin/../lib/gcc/arm-none-eabi/9.3.1/../../../../arm-none-eabi/lib/thumb/v7e-m+fp/hard/libc_nano.a(lib_a-wbuf.o)
                              /opt/st/stm32cubeide_1.6.1/plugins/com.st.stm32cube.ide.mcu.externaltools.gnu-tools-for-stm32.9-2020-q2-update.linux64_1.5.0.202011040924/tools/bin/../lib/gcc/arm-none-eabi/9.3.1/../../../../arm-none-eabi/lib/thumb/v7e-m+fp/hard/libc_nano.a(lib_a-puts.o) (__swbuf_r)
/opt/st/stm32cubeide_1.6.1/plugins/com.st.stm32cube.ide.mcu.externaltools.gnu-tools-for-stm32.9-2020-q2-update.linux64_1.5.0.202011040924/tools/bin/../lib/gcc/arm-none-eabi/9.3.1/../../../../arm-none-eabi/lib/thumb/v7e-m+fp/hard/libc_nano.a(lib_a-wsetup.o)
                              /opt/st/stm32cubeide_1.6.1/plugins/com.st.stm32cube.ide.mcu.externaltools.gnu-tools-for-stm32.9-2020-q2-update.linux64_1.5.0.202011040924/tools/bin/../lib/gcc/arm-none-eabi/9.3.1/../../../../arm-none-eabi/lib/thumb/v7e-m+fp/hard/libc_nano.a(lib_a-puts.o) (__swsetup_r)
[...]
Memory Configuration

Name             Origin             Length             Attributes
RAM              0x0000000020000000 0x0000000000018000 xrw
RAM2             0x0000000010000000 0x0000000000008000 xrw
FLASH            0x0000000008000000 0x0000000000100000 xr
*default*        0x0000000000000000 0xffffffffffffffff

Linker script and memory map

LOAD /opt/st/stm32cubeide_1.6.1/plugins/com.st.stm32cube.ide.mcu.externaltools.gnu-tools-for-stm32.9-2020-q2-update.linux64_1.5.0.202011040924/tools/bin/../lib/gcc/arm-none-eabi/9.3.1/thumb/v7e-m+fp/hard/crti.o
LOAD /opt/st/stm32cubeide_1.6.1/plugins/com.st.stm32cube.ide.mcu.externaltools.gnu-tools-for-stm32.9-2020-q2-update.linux64_1.5.0.202011040924/tools/bin/../lib/gcc/arm-none-eabi/9.3.1/thumb/v7e-m+fp/hard/crtbegin.o
LOAD /opt/st/stm32cubeide_1.6.1/plugins/com.st.stm32cube.ide.mcu.externaltools.gnu-tools-for-stm32.9-2020-q2-update.linux64_1.5.0.202011040924/tools/bin/../lib/gcc/arm-none-eabi/9.3.1/../../../../arm-none-eabi/lib/thumb/v7e-m+fp/hard/crt0.o
LOAD Core/Src/fatfs_sd.o
LOAD Core/Src/freertos.o
LOAD Core/Src/main.o
LOAD Core/Src/piece.o
LOAD Core/Src/stm32l4xx_hal_msp.o
LOAD Core/Src/stm32l4xx_hal_timebase_tim.o
LOAD Core/Src/stm32l4xx_it.o
LOAD Core/Src/syscalls.o
LOAD Core/Src/sysmem.o
LOAD Core/Src/system_stm32l4xx.o
LOAD Core/Src/violin.o
LOAD Core/Src/ws2812b.o
LOAD Core/Startup/startup_stm32l476rgtx.o
LOAD Drivers/STM32L4xx_HAL_Driver/Src/stm32l4xx_hal.o
LOAD Drivers/STM32L4xx_HAL_Driver/Src/stm32l4xx_hal_adc.o
LOAD Drivers/STM32L4xx_HAL_Driver/Src/stm32l4xx_hal_adc_ex.o
LOAD Drivers/STM32L4xx_HAL_Driver/Src/stm32l4xx_hal_cortex.o
LOAD Drivers/STM32L4xx_HAL_Driver/Src/stm32l4xx_hal_dma.o
LOAD Drivers/STM32L4xx_HAL_Driver/Src/stm32l4xx_hal_dma_ex.o
LOAD Drivers/STM32L4xx_HAL_Driver/Src/stm32l4xx_hal_exti.o
LOAD Drivers/STM32L4xx_HAL_Driver/Src/stm32l4xx_hal_flash.o
LOAD Drivers/STM32L4xx_HAL_Driver/Src/stm32l4xx_hal_flash_ex.o
LOAD Drivers/STM32L4xx_HAL_Driver/Src/stm32l4xx_hal_flash_ramfunc.o
LOAD Drivers/STM32L4xx_HAL_Driver/Src/stm32l4xx_hal_gpio.o
LOAD Drivers/STM32L4xx_HAL_Driver/Src/stm32l4xx_hal_i2c.o
LOAD Drivers/STM32L4xx_HAL_Driver/Src/stm32l4xx_hal_i2c_ex.o
LOAD Drivers/STM32L4xx_HAL_Driver/Src/stm32l4xx_hal_pwr.o
LOAD Drivers/STM32L4xx_HAL_Driver/Src/stm32l4xx_hal_pwr_ex.o
LOAD Drivers/STM32L4xx_HAL_Driver/Src/stm32l4xx_hal_rcc.o
LOAD Drivers/STM32L4xx_HAL_Driver/Src/stm32l4xx_hal_rcc_ex.o
LOAD Drivers/STM32L4xx_HAL_Driver/Src/stm32l4xx_hal_spi.o
LOAD Drivers/STM32L4xx_HAL_Driver/Src/stm32l4xx_hal_spi_ex.o
LOAD Drivers/STM32L4xx_HAL_Driver/Src/stm32l4xx_hal_tim.o
LOAD Drivers/STM32L4xx_HAL_Driver/Src/stm32l4xx_hal_tim_ex.o
LOAD Drivers/STM32L4xx_HAL_Driver/Src/stm32l4xx_hal_uart.o
LOAD Drivers/STM32L4xx_HAL_Driver/Src/stm32l4xx_hal_uart_ex.o
LOAD FATFS/App/fatfs.o
LOAD FATFS/Target/user_diskio.o
LOAD Middlewares/Third_Party/FatFs/src/diskio.o
LOAD Middlewares/Third_Party/FatFs/src/ff.o
LOAD Middlewares/Third_Party/FatFs/src/ff_gen_drv.o
LOAD Middlewares/Third_Party/FatFs/src/option/ccsbcs.o
LOAD Middlewares/Third_Party/FatFs/src/option/syscall.o
LOAD Middlewares/Third_Party/FreeRTOS/Source/CMSIS_RTOS_V2/cmsis_os2.o
LOAD Middlewares/Third_Party/FreeRTOS/Source/croutine.o
LOAD Middlewares/Third_Party/FreeRTOS/Source/event_groups.o
LOAD Middlewares/Third_Party/FreeRTOS/Source/list.o
LOAD Middlewares/Third_Party/FreeRTOS/Source/queue.o
LOAD Middlewares/Third_Party/FreeRTOS/Source/stream_buffer.o
LOAD Middlewares/Third_Party/FreeRTOS/Source/tasks.o
LOAD Middlewares/Third_Party/FreeRTOS/Source/timers.o
LOAD Middlewares/Third_Party/FreeRTOS/Source/portable/GCC/ARM_CM4F/port.o
LOAD Middlewares/Third_Party/FreeRTOS/Source/portable/MemMang/heap_4.o
START GROUP
LOAD /opt/st/stm32cubeide_1.6.1/plugins/com.st.stm32cube.ide.mcu.externaltools.gnu-tools-for-stm32.9-2020-q2-update.linux64_1.5.0.202011040924/tools/bin/../lib/gcc/arm-none-eabi/9.3.1/../../../../arm-none-eabi/lib/thumb/v7e-m+fp/hard/libc_nano.a
LOAD /opt/st/stm32cubeide_1.6.1/plugins/com.st.stm32cube.ide.mcu.externaltools.gnu-tools-for-stm32.9-2020-q2-update.linux64_1.5.0.202011040924/tools/bin/../lib/gcc/arm-none-eabi/9.3.1/../../../../arm-none-eabi/lib/thumb/v7e-m+fp/hard/libm.a
END GROUP
START GROUP
LOAD /opt/st/stm32cubeide_1.6.1/plugins/com.st.stm32cube.ide.mcu.externaltools.gnu-tools-for-stm32.9-2020-q2-update.linux64_1.5.0.202011040924/tools/bin/../lib/gcc/arm-none-eabi/9.3.1/thumb/v7e-m+fp/hard/libgcc.a
LOAD /opt/st/stm32cubeide_1.6.1/plugins/com.st.stm32cube.ide.mcu.externaltools.gnu-tools-for-stm32.9-2020-q2-update.linux64_1.5.0.202011040924/tools/bin/../lib/gcc/arm-none-eabi/9.3.1/../../../../arm-none-eabi/lib/thumb/v7e-m+fp/hard/libc_nano.a
END GROUP
START GROUP
LOAD /opt/st/stm32cubeide_1.6.1/plugins/com.st.stm32cube.ide.mcu.externaltools.gnu-tools-for-stm32.9-2020-q2-update.linux64_1.5.0.202011040924/tools/bin/../lib/gcc/arm-none-eabi/9.3.1/thumb/v7e-m+fp/hard/libgcc.a
LOAD /opt/st/stm32cubeide_1.6.1/plugins/com.st.stm32cube.ide.mcu.externaltools.gnu-tools-for-stm32.9-2020-q2-update.linux64_1.5.0.202011040924/tools/bin/../lib/gcc/arm-none-eabi/9.3.1/../../../../arm-none-eabi/lib/thumb/v7e-m+fp/hard/libc_nano.a
LOAD /opt/st/stm32cubeide_1.6.1/plugins/com.st.stm32cube.ide.mcu.externaltools.gnu-tools-for-stm32.9-2020-q2-update.linux64_1.5.0.202011040924/tools/bin/../lib/gcc/arm-none-eabi/9.3.1/../../../../arm-none-eabi/lib/thumb/v7e-m+fp/hard/libnosys.a
END GROUP
START GROUP
LOAD /opt/st/stm32cubeide_1.6.1/plugins/com.st.stm32cube.ide.mcu.externaltools.gnu-tools-for-stm32.9-2020-q2-update.linux64_1.5.0.202011040924/tools/bin/../lib/gcc/arm-none-eabi/9.3.1/thumb/v7e-m+fp/hard/libgcc.a
LOAD /opt/st/stm32cubeide_1.6.1/plugins/com.st.stm32cube.ide.mcu.externaltools.gnu-tools-for-stm32.9-2020-q2-update.linux64_1.5.0.202011040924/tools/bin/../lib/gcc/arm-none-eabi/9.3.1/../../../../arm-none-eabi/lib/thumb/v7e-m+fp/hard/libc_nano.a
LOAD /opt/st/stm32cubeide_1.6.1/plugins/com.st.stm32cube.ide.mcu.externaltools.gnu-tools-for-stm32.9-2020-q2-update.linux64_1.5.0.202011040924/tools/bin/../lib/gcc/arm-none-eabi/9.3.1/../../../../arm-none-eabi/lib/thumb/v7e-m+fp/hard/libnosys.a
END GROUP
LOAD /opt/st/stm32cubeide_1.6.1/plugins/com.st.stm32cube.ide.mcu.externaltools.gnu-tools-for-stm32.9-2020-q2-update.linux64_1.5.0.202011040924/tools/bin/../lib/gcc/arm-none-eabi/9.3.1/thumb/v7e-m+fp/hard/crtend.o
LOAD /opt/st/stm32cubeide_1.6.1/plugins/com.st.stm32cube.ide.mcu.externaltools.gnu-tools-for-stm32.9-2020-q2-update.linux64_1.5.0.202011040924/tools/bin/../lib/gcc/arm-none-eabi/9.3.1/thumb/v7e-m+fp/hard/crtn.o
                0x0000000020018000                _estack = (ORIGIN (RAM) + LENGTH (RAM))
                0x0000000000000200                _Min_Heap_Size = 0x200
                0x0000000000000400                _Min_Stack_Size = 0x400

.isr_vector     0x0000000008000000      0x188
                0x0000000008000000                . = ALIGN (0x4)
 *(.isr_vector)
 .isr_vector    0x0000000008000000      0x188 Core/Startup/startup_stm32l476rgtx.o
                0x0000000008000000                g_pfnVectors
                0x0000000008000188                . = ALIGN (0x4)

.text           0x0000000008000190     0xfaa4
                0x0000000008000190                . = ALIGN (0x4)
 *(.text)
 .text          0x0000000008000190       0x40 /opt/st/stm32cubeide_1.6.1/plugins/com.st.stm32cube.ide.mcu.externaltools.gnu-tools-for-stm32.9-2020-q2-update.linux64_1.5.0.202011040924/tools/bin/../lib/gcc/arm-none-eabi/9.3.1/thumb/v7e-m+fp/hard/crtbegin.o
 .text          0x00000000080001d0       0xa0 /opt/st/stm32cubeide_1.6.1/plugins/com.st.stm32cube.ide.mcu.externaltools.gnu-tools-for-stm32.9-2020-q2-update.linux64_1.5.0.202011040924/tools/bin/../lib/gcc/arm-none-eabi/9.3.1/../../../../arm-none-eabi/lib/thumb/v7e-m+fp/hard/libc_nano.a(lib_a-memchr.o)
                0x00000000080001d0                memchr
 .text          0x0000000008000270      0x378 /opt/st/stm32cubeide_1.6.1/plugins/com.st.stm32cube.ide.mcu.externaltools.gnu-tools-for-stm32.9-2020-q2-update.linux64_1.5.0.202011040924/tools/bin/../lib/gcc/arm-none-eabi/9.3.1/thumb/v7e-m+fp/hard/libgcc.a(_arm_addsubdf3.o)
                0x0000000008000270                __aeabi_drsub
                0x0000000008000278                __aeabi_dsub
                0x0000000008000278                __subdf3
                0x000000000800027c                __adddf3
                0x000000000800027c                __aeabi_dadd
                0x00000000080004f4                __aeabi_ui2d
                0x00000000080004f4                __floatunsidf
                0x0000000008000514                __floatsidf
                0x0000000008000514                __aeabi_i2d
                0x0000000008000538                __extendsfdf2
                0x0000000008000538                __aeabi_f2d
                0x000000000800057c                __aeabi_ul2d
                0x000000000800057c                __floatundidf
                0x000000000800058c                __floatdidf
                0x000000000800058c                __aeabi_l2d
 .text          0x00000000080005e8      0x424 /opt/st/stm32cubeide_1.6.1/plugins/com.st.stm32cube.ide.mcu.externaltools.gnu-tools-for-stm32.9-2020-q2-update.linux64_1.5.0.202011040924/tools/bin/../lib/gcc/arm-none-eabi/9.3.1/thumb/v7e-m+fp/hard/libgcc.a(_arm_muldivdf3.o)
                0x00000000080005e8                __aeabi_dmul
                0x00000000080005e8                __muldf3
                0x000000000800083c                __aeabi_ddiv
                0x000000000800083c                __divdf3
 .text          0x0000000008000a0c      0x110 /opt/st/stm32cubeide_1.6.1/plugins/com.st.stm32cube.ide.mcu.externaltools.gnu-tools-for-stm32.9-2020-q2-update.linux64_1.5.0.202011040924/tools/bin/../lib/gcc/arm-none-eabi/9.3.1/thumb/v7e-m+fp/hard/libgcc.a(_arm_cmpdf2.o)
                0x0000000008000a0c                __gtdf2
                0x0000000008000a0c                __gedf2
                0x0000000008000a14                __ltdf2
                0x0000000008000a14                __ledf2
                0x0000000008000a1c                __cmpdf2
                0x0000000008000a1c                __eqdf2
                0x0000000008000a1c                __nedf2
                0x0000000008000a98                __aeabi_cdrcmple
                0x0000000008000aa8                __aeabi_cdcmple
                0x0000000008000aa8                __aeabi_cdcmpeq
                0x0000000008000ab8                __aeabi_dcmpeq
                0x0000000008000acc                __aeabi_dcmplt
                0x0000000008000ae0                __aeabi_dcmple
                0x0000000008000af4                __aeabi_dcmpge
                0x0000000008000b08                __aeabi_dcmpgt
 .text          0x0000000008000b1c       0x50 /opt/st/stm32cubeide_1.6.1/plugins/com.st.stm32cube.ide.mcu.externaltools.gnu-tools-for-stm32.9-2020-q2-update.linux64_1.5.0.202011040924/tools/bin/../lib/gcc/arm-none-eabi/9.3.1/thumb/v7e-m+fp/hard/libgcc.a(_arm_fixdfsi.o)
                0x0000000008000b1c                __fixdfsi
                0x0000000008000b1c                __aeabi_d2iz
 .text          0x0000000008000b6c       0x40 /opt/st/stm32cubeide_1.6.1/plugins/com.st.stm32cube.ide.mcu.externaltools.gnu-tools-for-stm32.9-2020-q2-update.linux64_1.5.0.202011040924/tools/bin/../lib/gcc/arm-none-eabi/9.3.1/thumb/v7e-m+fp/hard/libgcc.a(_arm_fixunsdfsi.o)
                0x0000000008000b6c                __fixunsdfsi
                0x0000000008000b6c                __aeabi_d2uiz
 .text          0x0000000008000bac       0xa0 /opt/st/stm32cubeide_1.6.1/plugins/com.st.stm32cube.ide.mcu.externaltools.gnu-tools-for-stm32.9-2020-q2-update.linux64_1.5.0.202011040924/tools/bin/../lib/gcc/arm-none-eabi/9.3.1/thumb/v7e-m+fp/hard/libgcc.a(_arm_truncdfsf2.o)
                0x0000000008000bac                __aeabi_d2f
                0x0000000008000bac                __truncdfsf2
 .text          0x0000000008000c4c       0x30 /opt/st/stm32cubeide_1.6.1/plugins/com.st.stm32cube.ide.mcu.externaltools.gnu-tools-for-stm32.9-2020-q2-update.linux64_1.5.0.202011040924/tools/bin/../lib/gcc/arm-none-eabi/9.3.1/thumb/v7e-m+fp/hard/libgcc.a(_aeabi_uldivmod.o)
                0x0000000008000c4c                __aeabi_uldivmod
 .text          0x0000000008000c7c      0x2c4 /opt/st/stm32cubeide_1.6.1/plugins/com.st.stm32cube.ide.mcu.externaltools.gnu-tools-for-stm32.9-2020-q2-update.linux64_1.5.0.202011040924/tools/bin/../lib/gcc/arm-none-eabi/9.3.1/thumb/v7e-m+fp/hard/libgcc.a(_udivmoddi4.o)
                0x0000000008000c7c                __udivmoddi4
 .text          0x0000000008000f40        0x4 /opt/st/stm32cubeide_1.6.1/plugins/com.st.stm32cube.ide.mcu.externaltools.gnu-tools-for-stm32.9-2020-q2-update.linux64_1.5.0.202011040924/tools/bin/../lib/gcc/arm-none-eabi/9.3.1/thumb/v7e-m+fp/hard/libgcc.a(_dvmd_tls.o)
                0x0000000008000f40                __aeabi_ldiv0
                0x0000000008000f40                __aeabi_idiv0
 *(.text*)
 .text.SELECT   0x0000000008000f44       0x1c Core/Src/fatfs_sd.o
 .text.DESELECT
                0x0000000008000f60       0x1c Core/Src/fatfs_sd.o
 .text.SPI_TxByte
                0x0000000008000f7c       0x34 Core/Src/fatfs_sd.o
 .text.SPI_TxBuffer
                0x0000000008000fb0       0x34 Core/Src/fatfs_sd.o
 .text.SPI_RxByte
                0x0000000008000fe4       0x38 Core/Src/fatfs_sd.o
 .text.SPI_RxBytePtr
                0x000000000800101c       0x1c Core/Src/fatfs_sd.o
 .text.SD_ReadyWait
                0x0000000008001038       0x34 Core/Src/fatfs_sd.o
 .text.SD_PowerOn
                0x000000000800106c       0x84 Core/Src/fatfs_sd.o
 .text.SD_PowerOff
                0x00000000080010f0       0x18 Core/Src/fatfs_sd.o
 .text.SD_CheckPower
                0x0000000008001108       0x18 Core/Src/fatfs_sd.o
 .text.SD_RxDataBlock
                0x0000000008001120       0x5c Core/Src/fatfs_sd.o
 .text.SD_TxDataBlock
                0x000000000800117c       0x86 Core/Src/fatfs_sd.o
 .text.SD_SendCmd
                0x0000000008001202       0xa8 Core/Src/fatfs_sd.o
 *fill*         0x00000000080012aa        0x2 
 .text.SD_disk_initialize
                0x00000000080012ac      0x1cc Core/Src/fatfs_sd.o
                0x00000000080012ac                SD_disk_initialize
 .text.SD_disk_status
                0x0000000008001478       0x2c Core/Src/fatfs_sd.o
                0x0000000008001478                SD_disk_status
 .text.SD_disk_read
                0x00000000080014a4       0xd4 Core/Src/fatfs_sd.o
                0x00000000080014a4                SD_disk_read
 .text.SD_disk_write
                0x0000000008001578      0x108 Core/Src/fatfs_sd.o
                0x0000000008001578                SD_disk_write
 .text.SD_disk_ioctl
                0x0000000008001680      0x258 Core/Src/fatfs_sd.o
                0x0000000008001680                SD_disk_ioctl
 .text.__io_putchar
                0x00000000080018d8       0x24 Core/Src/main.o
                0x00000000080018d8                __io_putchar
 .text.main     0x00000000080018fc       0xfc Core/Src/main.o
                0x00000000080018fc                main
 .text.SystemClock_Config
                0x00000000080019f8      0x10e Core/Src/main.o
                0x00000000080019f8                SystemClock_Config
 *fill*         0x0000000008001b06        0x2 
 .text.MX_ADC1_Init
                0x0000000008001b08      0x14c Core/Src/main.o
 .text.MX_I2C1_Init
                0x0000000008001c54       0x80 Core/Src/main.o
 .text.MX_SPI1_Init
                0x0000000008001cd4       0x7c Core/Src/main.o
 .text.MX_TIM1_Init
                0x0000000008001d50      0x120 Core/Src/main.o
 .text.MX_TIM3_Init
                0x0000000008001e70       0xe0 Core/Src/main.o
 .text.MX_TIM8_Init
                0x0000000008001f50      0x120 Core/Src/main.o
 .text.MX_TIM15_Init
                0x0000000008002070      0x108 Core/Src/main.o
 .text.MX_TIM16_Init
                0x0000000008002178       0xf0 Core/Src/main.o
 .text.MX_TIM17_Init
                0x0000000008002268       0xf0 Core/Src/main.o
 .text.MX_USART2_UART_Init
                0x0000000008002358       0x60 Core/Src/main.o
 .text.MX_DMA_Init
                0x00000000080023b8       0x94 Core/Src/main.o
 .text.MX_GPIO_Init
                0x000000000800244c       0xec Core/Src/main.o
 .text.HAL_GPIO_EXTI_Callback
                0x0000000008002538       0x28 Core/Src/main.o
                0x0000000008002538                HAL_GPIO_EXTI_Callback
 .text.StartMainMenuTask
                0x0000000008002560       0x24 Core/Src/main.o
                0x0000000008002560                StartMainMenuTask
 .text.StartPlayTickTask
                0x0000000008002584       0x64 Core/Src/main.o
                0x0000000008002584                StartPlayTickTask
 .text.StartPlayState
                0x00000000080025e8       0x44 Core/Src/main.o
                0x00000000080025e8                StartPlayState
 .text.HAL_TIM_PeriodElapsedCallback
                0x000000000800262c       0x24 Core/Src/main.o
                0x000000000800262c                HAL_TIM_PeriodElapsedCallback
 .text.Error_Handler
                0x0000000008002650        0xa Core/Src/main.o
                0x0000000008002650                Error_Handler
 .text.Piece_ucParseBeatValue
                0x000000000800265a       0x36 Core/Src/piece.o
                0x000000000800265a                Piece_ucParseBeatValue
 .text.Piece_vParseCommand
                0x0000000008002690       0xf0 Core/Src/piece.o
                0x0000000008002690                Piece_vParseCommand
 .text.Piece_vSetMovement
                0x0000000008002780       0x30 Core/Src/piece.o
                0x0000000008002780                Piece_vSetMovement
 .text.Piece_vSetBPM
                0x00000000080027b0       0x30 Core/Src/piece.o
                0x00000000080027b0                Piece_vSetBPM
 .text.Piece_vSetDynamic
                0x00000000080027e0       0x30 Core/Src/piece.o
                0x00000000080027e0                Piece_vSetDynamic
 .text.Piece_vConfigureAll
                0x0000000008002810       0x88 Core/Src/piece.o
                0x0000000008002810                Piece_vConfigureAll
 .text.Piece_vCaptureFragment
                0x0000000008002898       0xa4 Core/Src/piece.o
                0x0000000008002898                Piece_vCaptureFragment
 .text.Piece_vResetGoal
                0x000000000800293c       0x44 Core/Src/piece.o
                0x000000000800293c                Piece_vResetGoal
 .text.Piece_vParseNoteGoal
                0x0000000008002980      0x10c Core/Src/piece.o
                0x0000000008002980                Piece_vParseNoteGoal
 .text.Piece_vParseGoal
                0x0000000008002a8c       0x42 Core/Src/piece.o
                0x0000000008002a8c                Piece_vParseGoal
 *fill*         0x0000000008002ace        0x2 
 .text.Piece_vPlayNotes
                0x0000000008002ad0      0x2c0 Core/Src/piece.o
                0x0000000008002ad0                Piece_vPlayNotes
 .text.bIsPlayCommand
                0x0000000008002d90       0x20 Core/Src/piece.o
                0x0000000008002d90                bIsPlayCommand
 .text.Piece_usGetPitchTick
                0x0000000008002db0       0x74 Core/Src/piece.o
                0x0000000008002db0                Piece_usGetPitchTick
 .text.Piece_ucGetFingeringIndex
                0x0000000008002e24       0x88 Core/Src/piece.o
                0x0000000008002e24                Piece_ucGetFingeringIndex
 .text.Piece_Debug_vPrintGoal
                0x0000000008002eac      0x248 Core/Src/piece.o
                0x0000000008002eac                Piece_Debug_vPrintGoal
 .text.HAL_MspInit
                0x00000000080030f4       0x50 Core/Src/stm32l4xx_hal_msp.o
                0x00000000080030f4                HAL_MspInit
 .text.HAL_ADC_MspInit
                0x0000000008003144       0xdc Core/Src/stm32l4xx_hal_msp.o
                0x0000000008003144                HAL_ADC_MspInit
 .text.HAL_I2C_MspInit
                0x0000000008003220       0x88 Core/Src/stm32l4xx_hal_msp.o
                0x0000000008003220                HAL_I2C_MspInit
 .text.HAL_SPI_MspInit
                0x00000000080032a8       0xc0 Core/Src/stm32l4xx_hal_msp.o
                0x00000000080032a8                HAL_SPI_MspInit
 .text.HAL_TIM_PWM_MspInit
                0x0000000008003368      0x244 Core/Src/stm32l4xx_hal_msp.o
                0x0000000008003368                HAL_TIM_PWM_MspInit
 .text.HAL_TIM_Base_MspInit
                0x00000000080035ac       0x68 Core/Src/stm32l4xx_hal_msp.o
                0x00000000080035ac                HAL_TIM_Base_MspInit
 .text.HAL_TIM_MspPostInit
                0x0000000008003614      0x21c Core/Src/stm32l4xx_hal_msp.o
                0x0000000008003614                HAL_TIM_MspPostInit
 .text.HAL_UART_MspInit
                0x0000000008003830       0x84 Core/Src/stm32l4xx_hal_msp.o
                0x0000000008003830                HAL_UART_MspInit
 .text.HAL_InitTick
                0x00000000080038b4       0xac Core/Src/stm32l4xx_hal_timebase_tim.o
                0x00000000080038b4                HAL_InitTick
 .text.NMI_Handler
                0x0000000008003960        0x6 Core/Src/stm32l4xx_it.o
                0x0000000008003960                NMI_Handler
 .text.HardFault_Handler
                0x0000000008003966        0x6 Core/Src/stm32l4xx_it.o
                0x0000000008003966                HardFault_Handler
 .text.MemManage_Handler
                0x000000000800396c        0x6 Core/Src/stm32l4xx_it.o
                0x000000000800396c                MemManage_Handler
 .text.BusFault_Handler
                0x0000000008003972        0x6 Core/Src/stm32l4xx_it.o
                0x0000000008003972                BusFault_Handler
 .text.UsageFault_Handler
                0x0000000008003978        0x6 Core/Src/stm32l4xx_it.o
                0x0000000008003978                UsageFault_Handler
 .text.DebugMon_Handler
                0x000000000800397e        0xe Core/Src/stm32l4xx_it.o
                0x000000000800397e                DebugMon_Handler
 .text.EXTI0_IRQHandler
                0x000000000800398c        0xe Core/Src/stm32l4xx_it.o
                0x000000000800398c                EXTI0_IRQHandler
 .text.EXTI1_IRQHandler
                0x000000000800399a        0xe Core/Src/stm32l4xx_it.o
                0x000000000800399a                EXTI1_IRQHandler
 .text.DMA1_Channel1_IRQHandler
                0x00000000080039a8       0x14 Core/Src/stm32l4xx_it.o
                0x00000000080039a8                DMA1_Channel1_IRQHandler
 .text.DMA1_Channel2_IRQHandler
                0x00000000080039bc       0x14 Core/Src/stm32l4xx_it.o
                0x00000000080039bc                DMA1_Channel2_IRQHandler
 .text.DMA1_Channel3_IRQHandler
                0x00000000080039d0       0x14 Core/Src/stm32l4xx_it.o
                0x00000000080039d0                DMA1_Channel3_IRQHandler
 .text.DMA1_Channel6_IRQHandler
                0x00000000080039e4       0x14 Core/Src/stm32l4xx_it.o
                0x00000000080039e4                DMA1_Channel6_IRQHandler
 .text.TIM6_DAC_IRQHandler
                0x00000000080039f8       0x44 Core/Src/stm32l4xx_it.o
                0x00000000080039f8                TIM6_DAC_IRQHandler
 .text.DMA2_Channel7_IRQHandler
                0x0000000008003a3c       0x14 Core/Src/stm32l4xx_it.o
                0x0000000008003a3c                DMA2_Channel7_IRQHandler
 .text._read    0x0000000008003a50       0x3a Core/Src/syscalls.o
                0x0000000008003a50                _read
 .text._write   0x0000000008003a8a       0x38 Core/Src/syscalls.o
                0x0000000008003a8a                _write
 .text._close   0x0000000008003ac2       0x18 Core/Src/syscalls.o
                0x0000000008003ac2                _close
 .text._fstat   0x0000000008003ada       0x20 Core/Src/syscalls.o
                0x0000000008003ada                _fstat
 .text._isatty  0x0000000008003afa       0x16 Core/Src/syscalls.o
                0x0000000008003afa                _isatty
 .text._lseek   0x0000000008003b10       0x1a Core/Src/syscalls.o
                0x0000000008003b10                _lseek
 *fill*         0x0000000008003b2a        0x2 
 .text._sbrk    0x0000000008003b2c       0x6c Core/Src/sysmem.o
                0x0000000008003b2c                _sbrk
 .text.SystemInit
                0x0000000008003b98       0x64 Core/Src/system_stm32l4xx.o
                0x0000000008003b98                SystemInit
 .text.HAL_TIM_PWM_PulseFinishedCallback
                0x0000000008003bfc       0x24 Core/Src/ws2812b.o
                0x0000000008003bfc                HAL_TIM_PWM_PulseFinishedCallback
 .text.WS2812B_vInit
                0x0000000008003c20       0x52 Core/Src/ws2812b.o
                0x0000000008003c20                WS2812B_vInit
 .text.WS2812B_vSetLED
                0x0000000008003c72       0x66 Core/Src/ws2812b.o
                0x0000000008003c72                WS2812B_vSetLED
 .text.WS2812B_vResetLED
                0x0000000008003cd8       0x58 Core/Src/ws2812b.o
                0x0000000008003cd8                WS2812B_vResetLED
 .text.WS2812B_vResetLEDs
                0x0000000008003d30       0x36 Core/Src/ws2812b.o
                0x0000000008003d30                WS2812B_vResetLEDs
 *fill*         0x0000000008003d66        0x2 
 .text.WS2812B_vSetBrightness
                0x0000000008003d68      0x1a4 Core/Src/ws2812b.o
                0x0000000008003d68                WS2812B_vSetBrightness
 .text.WS2812B_vSend
                0x0000000008003f0c       0xe0 Core/Src/ws2812b.o
                0x0000000008003f0c                WS2812B_vSend
 .text.Reset_Handler
                0x0000000008003fec       0x50 Core/Startup/startup_stm32l476rgtx.o
                0x0000000008003fec                Reset_Handler
 .text.Default_Handler
                0x000000000800403c        0x2 Core/Startup/startup_stm32l476rgtx.o
                0x000000000800403c                RTC_Alarm_IRQHandler
                0x000000000800403c                EXTI2_IRQHandler
                0x000000000800403c                TIM8_TRG_COM_IRQHandler
                0x000000000800403c                TIM8_CC_IRQHandler
                0x000000000800403c                TIM1_CC_IRQHandler
                0x000000000800403c                TSC_IRQHandler
                0x000000000800403c                TAMP_STAMP_IRQHandler
                0x000000000800403c                EXTI3_IRQHandler
                0x000000000800403c                LPTIM2_IRQHandler
                0x000000000800403c                DFSDM1_FLT1_IRQHandler
                0x000000000800403c                I2C3_ER_IRQHandler
                0x000000000800403c                DFSDM1_FLT2_IRQHandler
                0x000000000800403c                I2C2_EV_IRQHandler
                0x000000000800403c                CAN1_RX0_IRQHandler
                0x000000000800403c                FPU_IRQHandler
                0x000000000800403c                TIM1_UP_TIM16_IRQHandler
                0x000000000800403c                ADC1_2_IRQHandler
                0x000000000800403c                SPI1_IRQHandler
                0x000000000800403c                TIM8_UP_IRQHandler
                0x000000000800403c                DMA2_Channel2_IRQHandler
                0x000000000800403c                DMA1_Channel4_IRQHandler
                0x000000000800403c                SAI2_IRQHandler
                0x000000000800403c                DFSDM1_FLT3_IRQHandler
                0x000000000800403c                USART3_IRQHandler
                0x000000000800403c                DMA1_Channel7_IRQHandler
                0x000000000800403c                CAN1_RX1_IRQHandler
                0x000000000800403c                LCD_IRQHandler
                0x000000000800403c                UART5_IRQHandler
                0x000000000800403c                ADC3_IRQHandler
                0x000000000800403c                TIM4_IRQHandler
                0x000000000800403c                DMA2_Channel1_IRQHandler
                0x000000000800403c                QUADSPI_IRQHandler
                0x000000000800403c                I2C1_EV_IRQHandler
                0x000000000800403c                UART4_IRQHandler
                0x000000000800403c                DMA2_Channel4_IRQHandler
                0x000000000800403c                TIM3_IRQHandler
                0x000000000800403c                RCC_IRQHandler
                0x000000000800403c                Default_Handler
                0x000000000800403c                EXTI15_10_IRQHandler
                0x000000000800403c                TIM7_IRQHandler
                0x000000000800403c                SDMMC1_IRQHandler
                0x000000000800403c                TIM5_IRQHandler
                0x000000000800403c                I2C3_EV_IRQHandler
                0x000000000800403c                EXTI9_5_IRQHandler
                0x000000000800403c                RTC_WKUP_IRQHandler
                0x000000000800403c                PVD_PVM_IRQHandler
                0x000000000800403c                SPI2_IRQHandler
                0x000000000800403c                CAN1_TX_IRQHandler
                0x000000000800403c                DMA2_Channel5_IRQHandler
                0x000000000800403c                DMA1_Channel5_IRQHandler
                0x000000000800403c                EXTI4_IRQHandler
                0x000000000800403c                RNG_IRQHandler
                0x000000000800403c                TIM1_TRG_COM_TIM17_IRQHandler
                0x000000000800403c                COMP_IRQHandler
                0x000000000800403c                WWDG_IRQHandler
                0x000000000800403c                LPUART1_IRQHandler
                0x000000000800403c                DMA2_Channel6_IRQHandler
                0x000000000800403c                TIM2_IRQHandler
                0x000000000800403c                USART2_IRQHandler
                0x000000000800403c                DFSDM1_FLT0_IRQHandler
                0x000000000800403c                I2C2_ER_IRQHandler
                0x000000000800403c                TIM8_BRK_IRQHandler
                0x000000000800403c                CAN1_SCE_IRQHandler
                0x000000000800403c                FLASH_IRQHandler
                0x000000000800403c                USART1_IRQHandler
                0x000000000800403c                OTG_FS_IRQHandler
                0x000000000800403c                SPI3_IRQHandler
                0x000000000800403c                I2C1_ER_IRQHandler
                0x000000000800403c                FMC_IRQHandler
                0x000000000800403c                SWPMI1_IRQHandler
                0x000000000800403c                LPTIM1_IRQHandler
                0x000000000800403c                SAI1_IRQHandler
                0x000000000800403c                DMA2_Channel3_IRQHandler
                0x000000000800403c                TIM1_BRK_TIM15_IRQHandler
 *fill*         0x000000000800403e        0x2 
 .text.HAL_Init
                0x0000000008004040       0x40 Drivers/STM32L4xx_HAL_Driver/Src/stm32l4xx_hal.o
                0x0000000008004040                HAL_Init
 .text.HAL_IncTick
                0x0000000008004080       0x28 Drivers/STM32L4xx_HAL_Driver/Src/stm32l4xx_hal.o
                0x0000000008004080                HAL_IncTick
 .text.HAL_GetTick
                0x00000000080040a8       0x18 Drivers/STM32L4xx_HAL_Driver/Src/stm32l4xx_hal.o
                0x00000000080040a8                HAL_GetTick
 .text.HAL_Delay
                0x00000000080040c0       0x48 Drivers/STM32L4xx_HAL_Driver/Src/stm32l4xx_hal.o
                0x00000000080040c0                HAL_Delay
 .text.LL_ADC_SetCommonClock
                0x0000000008004108       0x26 Drivers/STM32L4xx_HAL_Driver/Src/stm32l4xx_hal_adc.o
 .text.LL_ADC_SetCommonPathInternalCh
                0x000000000800412e       0x26 Drivers/STM32L4xx_HAL_Driver/Src/stm32l4xx_hal_adc.o
 .text.LL_ADC_GetCommonPathInternalCh
                0x0000000008004154       0x1c Drivers/STM32L4xx_HAL_Driver/Src/stm32l4xx_hal_adc.o
 .text.LL_ADC_SetOffset
                0x0000000008004170       0x48 Drivers/STM32L4xx_HAL_Driver/Src/stm32l4xx_hal_adc.o
 .text.LL_ADC_GetOffsetChannel
                0x00000000080041b8       0x2c Drivers/STM32L4xx_HAL_Driver/Src/stm32l4xx_hal_adc.o
 .text.LL_ADC_SetOffsetState
                0x00000000080041e4       0x36 Drivers/STM32L4xx_HAL_Driver/Src/stm32l4xx_hal_adc.o
 .text.LL_ADC_REG_IsTriggerSourceSWStart
                0x000000000800421a       0x26 Drivers/STM32L4xx_HAL_Driver/Src/stm32l4xx_hal_adc.o
 .text.LL_ADC_REG_SetSequencerRanks
                0x0000000008004240       0x58 Drivers/STM32L4xx_HAL_Driver/Src/stm32l4xx_hal_adc.o
 .text.LL_ADC_SetChannelSamplingTime
                0x0000000008004298       0x56 Drivers/STM32L4xx_HAL_Driver/Src/stm32l4xx_hal_adc.o
 *fill*         0x00000000080042ee        0x2 
 .text.LL_ADC_SetChannelSingleDiff
                0x00000000080042f0       0x48 Drivers/STM32L4xx_HAL_Driver/Src/stm32l4xx_hal_adc.o
 .text.LL_ADC_GetMultimode
                0x0000000008004338       0x1c Drivers/STM32L4xx_HAL_Driver/Src/stm32l4xx_hal_adc.o
 .text.LL_ADC_DisableDeepPowerDown
                0x0000000008004354       0x24 Drivers/STM32L4xx_HAL_Driver/Src/stm32l4xx_hal_adc.o
 .text.LL_ADC_IsDeepPowerDownEnabled
                0x0000000008004378       0x28 Drivers/STM32L4xx_HAL_Driver/Src/stm32l4xx_hal_adc.o
 .text.LL_ADC_EnableInternalRegulator
                0x00000000080043a0       0x28 Drivers/STM32L4xx_HAL_Driver/Src/stm32l4xx_hal_adc.o
 .text.LL_ADC_IsInternalRegulatorEnabled
                0x00000000080043c8       0x28 Drivers/STM32L4xx_HAL_Driver/Src/stm32l4xx_hal_adc.o
 .text.LL_ADC_Enable
                0x00000000080043f0       0x28 Drivers/STM32L4xx_HAL_Driver/Src/stm32l4xx_hal_adc.o
 .text.LL_ADC_IsEnabled
                0x0000000008004418       0x26 Drivers/STM32L4xx_HAL_Driver/Src/stm32l4xx_hal_adc.o
 .text.LL_ADC_REG_StartConversion
                0x000000000800443e       0x28 Drivers/STM32L4xx_HAL_Driver/Src/stm32l4xx_hal_adc.o
 .text.LL_ADC_REG_IsConversionOngoing
                0x0000000008004466       0x26 Drivers/STM32L4xx_HAL_Driver/Src/stm32l4xx_hal_adc.o
 .text.LL_ADC_INJ_IsConversionOngoing
                0x000000000800448c       0x26 Drivers/STM32L4xx_HAL_Driver/Src/stm32l4xx_hal_adc.o
 *fill*         0x00000000080044b2        0x2 
 .text.HAL_ADC_Init
                0x00000000080044b4      0x2ac Drivers/STM32L4xx_HAL_Driver/Src/stm32l4xx_hal_adc.o
                0x00000000080044b4                HAL_ADC_Init
 .text.HAL_ADC_Start_DMA
                0x0000000008004760      0x168 Drivers/STM32L4xx_HAL_Driver/Src/stm32l4xx_hal_adc.o
                0x0000000008004760                HAL_ADC_Start_DMA
 .text.HAL_ADC_ConvCpltCallback
                0x00000000080048c8       0x14 Drivers/STM32L4xx_HAL_Driver/Src/stm32l4xx_hal_adc.o
                0x00000000080048c8                HAL_ADC_ConvCpltCallback
 .text.HAL_ADC_ConvHalfCpltCallback
                0x00000000080048dc       0x14 Drivers/STM32L4xx_HAL_Driver/Src/stm32l4xx_hal_adc.o
                0x00000000080048dc                HAL_ADC_ConvHalfCpltCallback
 .text.HAL_ADC_ErrorCallback
                0x00000000080048f0       0x14 Drivers/STM32L4xx_HAL_Driver/Src/stm32l4xx_hal_adc.o
                0x00000000080048f0                HAL_ADC_ErrorCallback
 .text.HAL_ADC_ConfigChannel
                0x0000000008004904      0x7e0 Drivers/STM32L4xx_HAL_Driver/Src/stm32l4xx_hal_adc.o
                0x0000000008004904                HAL_ADC_ConfigChannel
 .text.ADC_Enable
                0x00000000080050e4       0xc4 Drivers/STM32L4xx_HAL_Driver/Src/stm32l4xx_hal_adc.o
                0x00000000080050e4                ADC_Enable
 .text.ADC_DMAConvCplt
                0x00000000080051a8       0xd8 Drivers/STM32L4xx_HAL_Driver/Src/stm32l4xx_hal_adc.o
                0x00000000080051a8                ADC_DMAConvCplt
 .text.ADC_DMAHalfConvCplt
                0x0000000008005280       0x1c Drivers/STM32L4xx_HAL_Driver/Src/stm32l4xx_hal_adc.o
                0x0000000008005280                ADC_DMAHalfConvCplt
 .text.ADC_DMAError
                0x000000000800529c       0x34 Drivers/STM32L4xx_HAL_Driver/Src/stm32l4xx_hal_adc.o
                0x000000000800529c                ADC_DMAError
 .text.LL_ADC_IsEnabled
                0x00000000080052d0       0x26 Drivers/STM32L4xx_HAL_Driver/Src/stm32l4xx_hal_adc_ex.o
 .text.LL_ADC_REG_IsConversionOngoing
                0x00000000080052f6       0x26 Drivers/STM32L4xx_HAL_Driver/Src/stm32l4xx_hal_adc_ex.o
 .text.HAL_ADCEx_MultiModeConfigChannel
                0x000000000800531c      0x160 Drivers/STM32L4xx_HAL_Driver/Src/stm32l4xx_hal_adc_ex.o
                0x000000000800531c                HAL_ADCEx_MultiModeConfigChannel
 .text.__NVIC_SetPriorityGrouping
                0x000000000800547c       0x48 Drivers/STM32L4xx_HAL_Driver/Src/stm32l4xx_hal_cortex.o
 .text.__NVIC_GetPriorityGrouping
                0x00000000080054c4       0x1c Drivers/STM32L4xx_HAL_Driver/Src/stm32l4xx_hal_cortex.o
 .text.__NVIC_EnableIRQ
                0x00000000080054e0       0x3c Drivers/STM32L4xx_HAL_Driver/Src/stm32l4xx_hal_cortex.o
 .text.__NVIC_DisableIRQ
                0x000000000800551c       0x48 Drivers/STM32L4xx_HAL_Driver/Src/stm32l4xx_hal_cortex.o
 .text.__NVIC_SetPriority
                0x0000000008005564       0x54 Drivers/STM32L4xx_HAL_Driver/Src/stm32l4xx_hal_cortex.o
 .text.NVIC_EncodePriority
                0x00000000080055b8       0x66 Drivers/STM32L4xx_HAL_Driver/Src/stm32l4xx_hal_cortex.o
 .text.HAL_NVIC_SetPriorityGrouping
                0x000000000800561e       0x16 Drivers/STM32L4xx_HAL_Driver/Src/stm32l4xx_hal_cortex.o
                0x000000000800561e                HAL_NVIC_SetPriorityGrouping
 .text.HAL_NVIC_SetPriority
                0x0000000008005634       0x38 Drivers/STM32L4xx_HAL_Driver/Src/stm32l4xx_hal_cortex.o
                0x0000000008005634                HAL_NVIC_SetPriority
 .text.HAL_NVIC_EnableIRQ
                0x000000000800566c       0x1c Drivers/STM32L4xx_HAL_Driver/Src/stm32l4xx_hal_cortex.o
                0x000000000800566c                HAL_NVIC_EnableIRQ
 .text.HAL_NVIC_DisableIRQ
                0x0000000008005688       0x1c Drivers/STM32L4xx_HAL_Driver/Src/stm32l4xx_hal_cortex.o
                0x0000000008005688                HAL_NVIC_DisableIRQ
 .text.HAL_DMA_Init
                0x00000000080056a4      0x170 Drivers/STM32L4xx_HAL_Driver/Src/stm32l4xx_hal_dma.o
                0x00000000080056a4                HAL_DMA_Init
 .text.HAL_DMA_Start_IT
                0x0000000008005814       0xc0 Drivers/STM32L4xx_HAL_Driver/Src/stm32l4xx_hal_dma.o
                0x0000000008005814                HAL_DMA_Start_IT
 .text.HAL_DMA_Abort_IT
                0x00000000080058d4       0x82 Drivers/STM32L4xx_HAL_Driver/Src/stm32l4xx_hal_dma.o
                0x00000000080058d4                HAL_DMA_Abort_IT
 .text.HAL_DMA_IRQHandler
                0x0000000008005956      0x15e Drivers/STM32L4xx_HAL_Driver/Src/stm32l4xx_hal_dma.o
                0x0000000008005956                HAL_DMA_IRQHandler
 .text.DMA_SetConfig
                0x0000000008005ab4       0x60 Drivers/STM32L4xx_HAL_Driver/Src/stm32l4xx_hal_dma.o
 .text.HAL_GPIO_Init
                0x0000000008005b14      0x354 Drivers/STM32L4xx_HAL_Driver/Src/stm32l4xx_hal_gpio.o
                0x0000000008005b14                HAL_GPIO_Init
 .text.HAL_GPIO_WritePin
                0x0000000008005e68       0x30 Drivers/STM32L4xx_HAL_Driver/Src/stm32l4xx_hal_gpio.o
                0x0000000008005e68                HAL_GPIO_WritePin
 .text.HAL_GPIO_EXTI_IRQHandler
                0x0000000008005e98       0x30 Drivers/STM32L4xx_HAL_Driver/Src/stm32l4xx_hal_gpio.o
                0x0000000008005e98                HAL_GPIO_EXTI_IRQHandler
 .text.HAL_I2C_Init
                0x0000000008005ec8      0x11e Drivers/STM32L4xx_HAL_Driver/Src/stm32l4xx_hal_i2c.o
                0x0000000008005ec8                HAL_I2C_Init
 .text.HAL_I2CEx_ConfigAnalogFilter
                0x0000000008005fe6       0x96 Drivers/STM32L4xx_HAL_Driver/Src/stm32l4xx_hal_i2c_ex.o
                0x0000000008005fe6                HAL_I2CEx_ConfigAnalogFilter
 .text.HAL_I2CEx_ConfigDigitalFilter
                0x000000000800607c       0x98 Drivers/STM32L4xx_HAL_Driver/Src/stm32l4xx_hal_i2c_ex.o
                0x000000000800607c                HAL_I2CEx_ConfigDigitalFilter
 .text.HAL_PWREx_GetVoltageRange
                0x0000000008006114       0x1c Drivers/STM32L4xx_HAL_Driver/Src/stm32l4xx_hal_pwr_ex.o
                0x0000000008006114                HAL_PWREx_GetVoltageRange
 .text.HAL_PWREx_ControlVoltageScaling
                0x0000000008006130       0xac Drivers/STM32L4xx_HAL_Driver/Src/stm32l4xx_hal_pwr_ex.o
                0x0000000008006130                HAL_PWREx_ControlVoltageScaling
 .text.HAL_RCC_OscConfig
                0x00000000080061dc      0x7cc Drivers/STM32L4xx_HAL_Driver/Src/stm32l4xx_hal_rcc.o
                0x00000000080061dc                HAL_RCC_OscConfig
 .text.HAL_RCC_ClockConfig
                0x00000000080069a8      0x1c4 Drivers/STM32L4xx_HAL_Driver/Src/stm32l4xx_hal_rcc.o
                0x00000000080069a8                HAL_RCC_ClockConfig
 .text.HAL_RCC_GetSysClockFreq
                0x0000000008006b6c      0x114 Drivers/STM32L4xx_HAL_Driver/Src/stm32l4xx_hal_rcc.o
                0x0000000008006b6c                HAL_RCC_GetSysClockFreq
 .text.HAL_RCC_GetHCLKFreq
                0x0000000008006c80       0x18 Drivers/STM32L4xx_HAL_Driver/Src/stm32l4xx_hal_rcc.o
                0x0000000008006c80                HAL_RCC_GetHCLKFreq
 .text.HAL_RCC_GetPCLK1Freq
                0x0000000008006c98       0x2c Drivers/STM32L4xx_HAL_Driver/Src/stm32l4xx_hal_rcc.o
                0x0000000008006c98                HAL_RCC_GetPCLK1Freq
 .text.HAL_RCC_GetPCLK2Freq
                0x0000000008006cc4       0x2c Drivers/STM32L4xx_HAL_Driver/Src/stm32l4xx_hal_rcc.o
                0x0000000008006cc4                HAL_RCC_GetPCLK2Freq
 .text.HAL_RCC_GetClockConfig
                0x0000000008006cf0       0x64 Drivers/STM32L4xx_HAL_Driver/Src/stm32l4xx_hal_rcc.o
                0x0000000008006cf0                HAL_RCC_GetClockConfig
 .text.RCC_SetFlashLatencyFromMSIRange
                0x0000000008006d54       0xc0 Drivers/STM32L4xx_HAL_Driver/Src/stm32l4xx_hal_rcc.o
 .text.HAL_RCCEx_PeriphCLKConfig
                0x0000000008006e14      0x5d4 Drivers/STM32L4xx_HAL_Driver/Src/stm32l4xx_hal_rcc_ex.o
                0x0000000008006e14                HAL_RCCEx_PeriphCLKConfig
 .text.RCCEx_PLLSAI1_Config
                0x00000000080073e8      0x1e8 Drivers/STM32L4xx_HAL_Driver/Src/stm32l4xx_hal_rcc_ex.o
 .text.RCCEx_PLLSAI2_Config
                0x00000000080075d0      0x1bc Drivers/STM32L4xx_HAL_Driver/Src/stm32l4xx_hal_rcc_ex.o
 .text.HAL_SPI_Init
                0x000000000800778c      0x146 Drivers/STM32L4xx_HAL_Driver/Src/stm32l4xx_hal_spi.o
                0x000000000800778c                HAL_SPI_Init
 .text.HAL_SPI_Transmit
                0x00000000080078d2      0x2dc Drivers/STM32L4xx_HAL_Driver/Src/stm32l4xx_hal_spi.o
                0x00000000080078d2                HAL_SPI_Transmit
 .text.HAL_SPI_TransmitReceive
                0x0000000008007bae      0x426 Drivers/STM32L4xx_HAL_Driver/Src/stm32l4xx_hal_spi.o
                0x0000000008007bae                HAL_SPI_TransmitReceive
 .text.SPI_WaitFlagStateUntilTimeout
                0x0000000008007fd4      0x110 Drivers/STM32L4xx_HAL_Driver/Src/stm32l4xx_hal_spi.o
 .text.SPI_WaitFifoStateUntilTimeout
                0x00000000080080e4      0x124 Drivers/STM32L4xx_HAL_Driver/Src/stm32l4xx_hal_spi.o
 .text.SPI_EndRxTxTransaction
                0x0000000008008208       0x8c Drivers/STM32L4xx_HAL_Driver/Src/stm32l4xx_hal_spi.o
 .text.HAL_TIM_Base_Init
                0x0000000008008294       0xae Drivers/STM32L4xx_HAL_Driver/Src/stm32l4xx_hal_tim.o
                0x0000000008008294                HAL_TIM_Base_Init
 *fill*         0x0000000008008342        0x2 
 .text.HAL_TIM_Base_Start_IT
                0x0000000008008344       0xe0 Drivers/STM32L4xx_HAL_Driver/Src/stm32l4xx_hal_tim.o
                0x0000000008008344                HAL_TIM_Base_Start_IT
 .text.HAL_TIM_PWM_Init
                0x0000000008008424       0xae Drivers/STM32L4xx_HAL_Driver/Src/stm32l4xx_hal_tim.o
                0x0000000008008424                HAL_TIM_PWM_Init
 *fill*         0x00000000080084d2        0x2 
 .text.HAL_TIM_PWM_Start_IT
                0x00000000080084d4      0x298 Drivers/STM32L4xx_HAL_Driver/Src/stm32l4xx_hal_tim.o
                0x00000000080084d4                HAL_TIM_PWM_Start_IT
 .text.HAL_TIM_PWM_Stop_IT
                0x000000000800876c      0x1b8 Drivers/STM32L4xx_HAL_Driver/Src/stm32l4xx_hal_tim.o
                0x000000000800876c                HAL_TIM_PWM_Stop_IT
 .text.HAL_TIM_PWM_Start_DMA
                0x0000000008008924      0x430 Drivers/STM32L4xx_HAL_Driver/Src/stm32l4xx_hal_tim.o
                0x0000000008008924                HAL_TIM_PWM_Start_DMA
 .text.HAL_TIM_PWM_Stop_DMA
                0x0000000008008d54      0x1e0 Drivers/STM32L4xx_HAL_Driver/Src/stm32l4xx_hal_tim.o
                0x0000000008008d54                HAL_TIM_PWM_Stop_DMA
 .text.HAL_TIM_IRQHandler
                0x0000000008008f34      0x23e Drivers/STM32L4xx_HAL_Driver/Src/stm32l4xx_hal_tim.o
                0x0000000008008f34                HAL_TIM_IRQHandler
 *fill*         0x0000000008009172        0x2 
 .text.HAL_TIM_PWM_ConfigChannel
                0x0000000008009174      0x220 Drivers/STM32L4xx_HAL_Driver/Src/stm32l4xx_hal_tim.o
                0x0000000008009174                HAL_TIM_PWM_ConfigChannel
 .text.HAL_TIM_OC_DelayElapsedCallback
                0x0000000008009394       0x14 Drivers/STM32L4xx_HAL_Driver/Src/stm32l4xx_hal_tim.o
                0x0000000008009394                HAL_TIM_OC_DelayElapsedCallback
 .text.HAL_TIM_IC_CaptureCallback
                0x00000000080093a8       0x14 Drivers/STM32L4xx_HAL_Driver/Src/stm32l4xx_hal_tim.o
                0x00000000080093a8                HAL_TIM_IC_CaptureCallback
 .text.HAL_TIM_PWM_PulseFinishedHalfCpltCallback
                0x00000000080093bc       0x14 Drivers/STM32L4xx_HAL_Driver/Src/stm32l4xx_hal_tim.o
                0x00000000080093bc                HAL_TIM_PWM_PulseFinishedHalfCpltCallback
 .text.HAL_TIM_TriggerCallback
                0x00000000080093d0       0x14 Drivers/STM32L4xx_HAL_Driver/Src/stm32l4xx_hal_tim.o
                0x00000000080093d0                HAL_TIM_TriggerCallback
 .text.HAL_TIM_ErrorCallback
                0x00000000080093e4       0x14 Drivers/STM32L4xx_HAL_Driver/Src/stm32l4xx_hal_tim.o
                0x00000000080093e4                HAL_TIM_ErrorCallback
 .text.TIM_DMAError
                0x00000000080093f8       0x92 Drivers/STM32L4xx_HAL_Driver/Src/stm32l4xx_hal_tim.o
                0x00000000080093f8                TIM_DMAError
 .text.TIM_DMADelayPulseCplt
                0x000000000800948a       0xa8 Drivers/STM32L4xx_HAL_Driver/Src/stm32l4xx_hal_tim.o
 .text.TIM_DMADelayPulseHalfCplt
                0x0000000008009532       0x68 Drivers/STM32L4xx_HAL_Driver/Src/stm32l4xx_hal_tim.o
                0x0000000008009532                TIM_DMADelayPulseHalfCplt
 *fill*         0x000000000800959a        0x2 
 .text.TIM_Base_SetConfig
                0x000000000800959c      0x134 Drivers/STM32L4xx_HAL_Driver/Src/stm32l4xx_hal_tim.o
                0x000000000800959c                TIM_Base_SetConfig
 .text.TIM_OC1_SetConfig
                0x00000000080096d0      0x120 Drivers/STM32L4xx_HAL_Driver/Src/stm32l4xx_hal_tim.o
 .text.TIM_OC2_SetConfig
                0x00000000080097f0      0x114 Drivers/STM32L4xx_HAL_Driver/Src/stm32l4xx_hal_tim.o
                0x00000000080097f0                TIM_OC2_SetConfig
 .text.TIM_OC3_SetConfig
                0x0000000008009904      0x110 Drivers/STM32L4xx_HAL_Driver/Src/stm32l4xx_hal_tim.o
 .text.TIM_OC4_SetConfig
                0x0000000008009a14       0xd4 Drivers/STM32L4xx_HAL_Driver/Src/stm32l4xx_hal_tim.o
 .text.TIM_OC5_SetConfig
                0x0000000008009ae8       0xc8 Drivers/STM32L4xx_HAL_Driver/Src/stm32l4xx_hal_tim.o
 .text.TIM_OC6_SetConfig
                0x0000000008009bb0       0xcc Drivers/STM32L4xx_HAL_Driver/Src/stm32l4xx_hal_tim.o
 .text.TIM_CCxChannelCmd
                0x0000000008009c7c       0x4a Drivers/STM32L4xx_HAL_Driver/Src/stm32l4xx_hal_tim.o
                0x0000000008009c7c                TIM_CCxChannelCmd
 *fill*         0x0000000008009cc6        0x2 
 .text.HAL_TIMEx_MasterConfigSynchronization
                0x0000000008009cc8      0x110 Drivers/STM32L4xx_HAL_Driver/Src/stm32l4xx_hal_tim_ex.o
                0x0000000008009cc8                HAL_TIMEx_MasterConfigSynchronization
 .text.HAL_TIMEx_ConfigBreakDeadTime
                0x0000000008009dd8       0xfc Drivers/STM32L4xx_HAL_Driver/Src/stm32l4xx_hal_tim_ex.o
                0x0000000008009dd8                HAL_TIMEx_ConfigBreakDeadTime
 .text.HAL_TIMEx_CommutCallback
                0x0000000008009ed4       0x14 Drivers/STM32L4xx_HAL_Driver/Src/stm32l4xx_hal_tim_ex.o
                0x0000000008009ed4                HAL_TIMEx_CommutCallback
 .text.HAL_TIMEx_BreakCallback
                0x0000000008009ee8       0x14 Drivers/STM32L4xx_HAL_Driver/Src/stm32l4xx_hal_tim_ex.o
                0x0000000008009ee8                HAL_TIMEx_BreakCallback
 .text.HAL_TIMEx_Break2Callback
                0x0000000008009efc       0x14 Drivers/STM32L4xx_HAL_Driver/Src/stm32l4xx_hal_tim_ex.o
                0x0000000008009efc                HAL_TIMEx_Break2Callback
 .text.HAL_UART_Init
                0x0000000008009f10       0x9c Drivers/STM32L4xx_HAL_Driver/Src/stm32l4xx_hal_uart.o
                0x0000000008009f10                HAL_UART_Init
 .text.HAL_UART_Transmit
                0x0000000008009fac      0x128 Drivers/STM32L4xx_HAL_Driver/Src/stm32l4xx_hal_uart.o
                0x0000000008009fac                HAL_UART_Transmit
 .text.UART_SetConfig
                0x000000000800a0d4      0x514 Drivers/STM32L4xx_HAL_Driver/Src/stm32l4xx_hal_uart.o
                0x000000000800a0d4                UART_SetConfig
 .text.UART_AdvFeatureConfig
                0x000000000800a5e8      0x144 Drivers/STM32L4xx_HAL_Driver/Src/stm32l4xx_hal_uart.o
                0x000000000800a5e8                UART_AdvFeatureConfig
 .text.UART_CheckIdleState
                0x000000000800a72c       0x92 Drivers/STM32L4xx_HAL_Driver/Src/stm32l4xx_hal_uart.o
                0x000000000800a72c                UART_CheckIdleState
 .text.UART_WaitOnFlagUntilTimeout
                0x000000000800a7be       0xf8 Drivers/STM32L4xx_HAL_Driver/Src/stm32l4xx_hal_uart.o
                0x000000000800a7be                UART_WaitOnFlagUntilTimeout
 *fill*         0x000000000800a8b6        0x2 
 .text.MX_FATFS_Init
                0x000000000800a8b8       0x24 FATFS/App/fatfs.o
                0x000000000800a8b8                MX_FATFS_Init
 .text.USER_initialize
                0x000000000800a8dc       0x1c FATFS/Target/user_diskio.o
                0x000000000800a8dc                USER_initialize
 .text.USER_status
                0x000000000800a8f8       0x1c FATFS/Target/user_diskio.o
                0x000000000800a8f8                USER_status
 .text.USER_read
                0x000000000800a914       0x26 FATFS/Target/user_diskio.o
                0x000000000800a914                USER_read
 .text.USER_write
                0x000000000800a93a       0x26 FATFS/Target/user_diskio.o
                0x000000000800a93a                USER_write
 .text.USER_ioctl
                0x000000000800a960       0x26 FATFS/Target/user_diskio.o
                0x000000000800a960                USER_ioctl
 *fill*         0x000000000800a986        0x2 
 .text.FATFS_LinkDriverEx
                0x000000000800a988       0x98 Middlewares/Third_Party/FatFs/src/ff_gen_drv.o
                0x000000000800a988                FATFS_LinkDriverEx
 .text.FATFS_LinkDriver
                0x000000000800aa20       0x1e Middlewares/Third_Party/FatFs/src/ff_gen_drv.o
                0x000000000800aa20                FATFS_LinkDriver
 *fill*         0x000000000800aa3e        0x2 
 .text.__NVIC_SetPriority
                0x000000000800aa40       0x54 Middlewares/Third_Party/FreeRTOS/Source/CMSIS_RTOS_V2/cmsis_os2.o
 .text.SysTick_Handler
                0x000000000800aa94       0x20 Middlewares/Third_Party/FreeRTOS/Source/CMSIS_RTOS_V2/cmsis_os2.o
                0x000000000800aa94                SysTick_Handler
 .text.SVC_Setup
                0x000000000800aab4       0x12 Middlewares/Third_Party/FreeRTOS/Source/CMSIS_RTOS_V2/cmsis_os2.o
 *fill*         0x000000000800aac6        0x2 
 .text.osKernelInitialize
                0x000000000800aac8       0x48 Middlewares/Third_Party/FreeRTOS/Source/CMSIS_RTOS_V2/cmsis_os2.o
                0x000000000800aac8                osKernelInitialize
 .text.osKernelStart
                0x000000000800ab10       0x4c Middlewares/Third_Party/FreeRTOS/Source/CMSIS_RTOS_V2/cmsis_os2.o
                0x000000000800ab10                osKernelStart
 .text.osThreadNew
                0x000000000800ab5c      0x124 Middlewares/Third_Party/FreeRTOS/Source/CMSIS_RTOS_V2/cmsis_os2.o
                0x000000000800ab5c                osThreadNew
 .text.osDelay  0x000000000800ac80       0x36 Middlewares/Third_Party/FreeRTOS/Source/CMSIS_RTOS_V2/cmsis_os2.o
                0x000000000800ac80                osDelay
 .text.osDelayUntil
                0x000000000800acb6       0x5a Middlewares/Third_Party/FreeRTOS/Source/CMSIS_RTOS_V2/cmsis_os2.o
                0x000000000800acb6                osDelayUntil
 .text.osEventFlagsNew
                0x000000000800ad10       0x7e Middlewares/Third_Party/FreeRTOS/Source/CMSIS_RTOS_V2/cmsis_os2.o
                0x000000000800ad10                osEventFlagsNew
 .text.osEventFlagsWait
                0x000000000800ad8e       0xcc Middlewares/Third_Party/FreeRTOS/Source/CMSIS_RTOS_V2/cmsis_os2.o
                0x000000000800ad8e                osEventFlagsWait
 *fill*         0x000000000800ae5a        0x2 
 .text.vApplicationGetIdleTaskMemory
                0x000000000800ae5c       0x34 Middlewares/Third_Party/FreeRTOS/Source/CMSIS_RTOS_V2/cmsis_os2.o
                0x000000000800ae5c                vApplicationGetIdleTaskMemory
 .text.vApplicationGetTimerTaskMemory
                0x000000000800ae90       0x34 Middlewares/Third_Party/FreeRTOS/Source/CMSIS_RTOS_V2/cmsis_os2.o
                0x000000000800ae90                vApplicationGetTimerTaskMemory
 .text.xEventGroupCreateStatic
                0x000000000800aec4       0x6e Middlewares/Third_Party/FreeRTOS/Source/event_groups.o
                0x000000000800aec4                xEventGroupCreateStatic
 .text.xEventGroupCreate
                0x000000000800af32       0x34 Middlewares/Third_Party/FreeRTOS/Source/event_groups.o
                0x000000000800af32                xEventGroupCreate
 *fill*         0x000000000800af66        0x2 
 .text.xEventGroupWaitBits
                0x000000000800af68      0x19c Middlewares/Third_Party/FreeRTOS/Source/event_groups.o
                0x000000000800af68                xEventGroupWaitBits
 .text.prvTestWaitCondition
                0x000000000800b104       0x44 Middlewares/Third_Party/FreeRTOS/Source/event_groups.o
 .text.vListInitialise
                0x000000000800b148       0x40 Middlewares/Third_Party/FreeRTOS/Source/list.o
                0x000000000800b148                vListInitialise
 .text.vListInitialiseItem
                0x000000000800b188       0x1a Middlewares/Third_Party/FreeRTOS/Source/list.o
                0x000000000800b188                vListInitialiseItem
 .text.vListInsertEnd
                0x000000000800b1a2       0x48 Middlewares/Third_Party/FreeRTOS/Source/list.o
                0x000000000800b1a2                vListInsertEnd
 .text.vListInsert
                0x000000000800b1ea       0x72 Middlewares/Third_Party/FreeRTOS/Source/list.o
                0x000000000800b1ea                vListInsert
 .text.uxListRemove
                0x000000000800b25c       0x54 Middlewares/Third_Party/FreeRTOS/Source/list.o
                0x000000000800b25c                uxListRemove
 .text.xQueueGenericReset
                0x000000000800b2b0       0xd0 Middlewares/Third_Party/FreeRTOS/Source/queue.o
                0x000000000800b2b0                xQueueGenericReset
 .text.xQueueGenericCreateStatic
                0x000000000800b380       0xf0 Middlewares/Third_Party/FreeRTOS/Source/queue.o
                0x000000000800b380                xQueueGenericCreateStatic
 .text.prvInitialiseNewQueue
                0x000000000800b470       0x46 Middlewares/Third_Party/FreeRTOS/Source/queue.o
 *fill*         0x000000000800b4b6        0x2 
 .text.xQueueGenericSend
                0x000000000800b4b8      0x1fc Middlewares/Third_Party/FreeRTOS/Source/queue.o
                0x000000000800b4b8                xQueueGenericSend
 .text.xQueueGenericSendFromISR
                0x000000000800b6b4      0x136 Middlewares/Third_Party/FreeRTOS/Source/queue.o
                0x000000000800b6b4                xQueueGenericSendFromISR
 *fill*         0x000000000800b7ea        0x2 
 .text.xQueueReceive
                0x000000000800b7ec      0x1c0 Middlewares/Third_Party/FreeRTOS/Source/queue.o
                0x000000000800b7ec                xQueueReceive
 .text.prvCopyDataToQueue
                0x000000000800b9ac       0xd4 Middlewares/Third_Party/FreeRTOS/Source/queue.o
 .text.prvCopyDataFromQueue
                0x000000000800ba80       0x4c Middlewares/Third_Party/FreeRTOS/Source/queue.o
 .text.prvUnlockQueue
                0x000000000800bacc       0xa4 Middlewares/Third_Party/FreeRTOS/Source/queue.o
 .text.prvIsQueueEmpty
                0x000000000800bb70       0x2c Middlewares/Third_Party/FreeRTOS/Source/queue.o
 .text.prvIsQueueFull
                0x000000000800bb9c       0x30 Middlewares/Third_Party/FreeRTOS/Source/queue.o
 .text.vQueueAddToRegistry
                0x000000000800bbcc       0x54 Middlewares/Third_Party/FreeRTOS/Source/queue.o
                0x000000000800bbcc                vQueueAddToRegistry
 .text.vQueueWaitForMessageRestricted
                0x000000000800bc20       0x68 Middlewares/Third_Party/FreeRTOS/Source/queue.o
                0x000000000800bc20                vQueueWaitForMessageRestricted
 .text.xTaskCreateStatic
                0x000000000800bc88       0xba Middlewares/Third_Party/FreeRTOS/Source/tasks.o
                0x000000000800bc88                xTaskCreateStatic
 .text.xTaskCreate
                0x000000000800bd42       0x8a Middlewares/Third_Party/FreeRTOS/Source/tasks.o
                0x000000000800bd42                xTaskCreate
 .text.prvInitialiseNewTask
                0x000000000800bdcc      0x11e Middlewares/Third_Party/FreeRTOS/Source/tasks.o
 *fill*         0x000000000800beea        0x2 
 .text.prvAddNewTaskToReadyList
                0x000000000800beec       0xe0 Middlewares/Third_Party/FreeRTOS/Source/tasks.o
 .text.vTaskDelayUntil
                0x000000000800bfcc       0xfc Middlewares/Third_Party/FreeRTOS/Source/tasks.o
                0x000000000800bfcc                vTaskDelayUntil
 .text.vTaskDelay
                0x000000000800c0c8       0x68 Middlewares/Third_Party/FreeRTOS/Source/tasks.o
                0x000000000800c0c8                vTaskDelay
 .text.vTaskStartScheduler
                0x000000000800c130       0xcc Middlewares/Third_Party/FreeRTOS/Source/tasks.o
                0x000000000800c130                vTaskStartScheduler
 .text.vTaskSuspendAll
                0x000000000800c1fc       0x1c Middlewares/Third_Party/FreeRTOS/Source/tasks.o
                0x000000000800c1fc                vTaskSuspendAll
 .text.xTaskResumeAll
                0x000000000800c218      0x13c Middlewares/Third_Party/FreeRTOS/Source/tasks.o
                0x000000000800c218                xTaskResumeAll
 .text.xTaskGetTickCount
                0x000000000800c354       0x20 Middlewares/Third_Party/FreeRTOS/Source/tasks.o
                0x000000000800c354                xTaskGetTickCount
 .text.xTaskIncrementTick
                0x000000000800c374      0x174 Middlewares/Third_Party/FreeRTOS/Source/tasks.o
                0x000000000800c374                xTaskIncrementTick
 .text.vTaskSwitchContext
                0x000000000800c4e8       0xbc Middlewares/Third_Party/FreeRTOS/Source/tasks.o
                0x000000000800c4e8                vTaskSwitchContext
 .text.vTaskPlaceOnEventList
                0x000000000800c5a4       0x48 Middlewares/Third_Party/FreeRTOS/Source/tasks.o
                0x000000000800c5a4                vTaskPlaceOnEventList
 .text.vTaskPlaceOnUnorderedEventList
                0x000000000800c5ec       0x78 Middlewares/Third_Party/FreeRTOS/Source/tasks.o
                0x000000000800c5ec                vTaskPlaceOnUnorderedEventList
 .text.vTaskPlaceOnEventListRestricted
                0x000000000800c664       0x58 Middlewares/Third_Party/FreeRTOS/Source/tasks.o
                0x000000000800c664                vTaskPlaceOnEventListRestricted
 .text.xTaskRemoveFromEventList
                0x000000000800c6bc       0xc8 Middlewares/Third_Party/FreeRTOS/Source/tasks.o
                0x000000000800c6bc                xTaskRemoveFromEventList
 .text.vTaskInternalSetTimeOutState
                0x000000000800c784       0x2c Middlewares/Third_Party/FreeRTOS/Source/tasks.o
                0x000000000800c784                vTaskInternalSetTimeOutState
 .text.xTaskCheckForTimeOut
                0x000000000800c7b0       0xc4 Middlewares/Third_Party/FreeRTOS/Source/tasks.o
                0x000000000800c7b0                xTaskCheckForTimeOut
 .text.vTaskMissedYield
                0x000000000800c874       0x18 Middlewares/Third_Party/FreeRTOS/Source/tasks.o
                0x000000000800c874                vTaskMissedYield
 .text.prvIdleTask
                0x000000000800c88c       0x30 Middlewares/Third_Party/FreeRTOS/Source/tasks.o
 .text.prvInitialiseTaskLists
                0x000000000800c8bc       0x80 Middlewares/Third_Party/FreeRTOS/Source/tasks.o
 .text.prvCheckTasksWaitingTermination
                0x000000000800c93c       0x5c Middlewares/Third_Party/FreeRTOS/Source/tasks.o
 .text.prvDeleteTCB
                0x000000000800c998       0x5e Middlewares/Third_Party/FreeRTOS/Source/tasks.o
 *fill*         0x000000000800c9f6        0x2 
 .text.prvResetNextTaskUnblockTime
                0x000000000800c9f8       0x40 Middlewares/Third_Party/FreeRTOS/Source/tasks.o
 .text.xTaskGetSchedulerState
                0x000000000800ca38       0x3c Middlewares/Third_Party/FreeRTOS/Source/tasks.o
                0x000000000800ca38                xTaskGetSchedulerState
 .text.xTaskPriorityDisinherit
                0x000000000800ca74       0xdc Middlewares/Third_Party/FreeRTOS/Source/tasks.o
                0x000000000800ca74                xTaskPriorityDisinherit
 .text.uxTaskResetEventItemValue
                0x000000000800cb50       0x30 Middlewares/Third_Party/FreeRTOS/Source/tasks.o
                0x000000000800cb50                uxTaskResetEventItemValue
 .text.prvAddCurrentTaskToDelayedList
                0x000000000800cb80       0xa8 Middlewares/Third_Party/FreeRTOS/Source/tasks.o
 .text.xTimerCreateTimerTask
                0x000000000800cc28       0x90 Middlewares/Third_Party/FreeRTOS/Source/timers.o
                0x000000000800cc28                xTimerCreateTimerTask
 .text.xTimerGenericCommand
                0x000000000800ccb8       0x9c Middlewares/Third_Party/FreeRTOS/Source/timers.o
                0x000000000800ccb8                xTimerGenericCommand
 .text.prvProcessExpiredTimer
                0x000000000800cd54       0x98 Middlewares/Third_Party/FreeRTOS/Source/timers.o
 .text.prvTimerTask
                0x000000000800cdec       0x24 Middlewares/Third_Party/FreeRTOS/Source/timers.o
 .text.prvProcessTimerOrBlockTask
                0x000000000800ce10       0x9c Middlewares/Third_Party/FreeRTOS/Source/timers.o
 .text.prvGetNextExpireTime
                0x000000000800ceac       0x48 Middlewares/Third_Party/FreeRTOS/Source/timers.o
 .text.prvSampleTimeNow
                0x000000000800cef4       0x40 Middlewares/Third_Party/FreeRTOS/Source/timers.o
 .text.prvInsertTimerInActiveList
                0x000000000800cf34       0x84 Middlewares/Third_Party/FreeRTOS/Source/timers.o
 .text.prvProcessReceivedCommands
                0x000000000800cfb8      0x1c4 Middlewares/Third_Party/FreeRTOS/Source/timers.o
 .text.prvSwitchTimerLists
                0x000000000800d17c       0xc8 Middlewares/Third_Party/FreeRTOS/Source/timers.o
 .text.prvCheckForValidListAndQueue
                0x000000000800d244       0x80 Middlewares/Third_Party/FreeRTOS/Source/timers.o
 .text.pxPortInitialiseStack
                0x000000000800d2c4       0x68 Middlewares/Third_Party/FreeRTOS/Source/portable/GCC/ARM_CM4F/port.o
                0x000000000800d2c4                pxPortInitialiseStack
 .text.prvTaskExitError
                0x000000000800d32c       0x58 Middlewares/Third_Party/FreeRTOS/Source/portable/GCC/ARM_CM4F/port.o
 *fill*         0x000000000800d384        0xc 
 .text.SVC_Handler
                0x000000000800d390       0x28 Middlewares/Third_Party/FreeRTOS/Source/portable/GCC/ARM_CM4F/port.o
                0x000000000800d390                SVC_Handler
 .text.prvPortStartFirstTask
                0x000000000800d3b8       0x28 Middlewares/Third_Party/FreeRTOS/Source/portable/GCC/ARM_CM4F/port.o
 .text.xPortStartScheduler
                0x000000000800d3e0      0x144 Middlewares/Third_Party/FreeRTOS/Source/portable/GCC/ARM_CM4F/port.o
                0x000000000800d3e0                xPortStartScheduler
 .text.vPortEnterCritical
                0x000000000800d524       0x60 Middlewares/Third_Party/FreeRTOS/Source/portable/GCC/ARM_CM4F/port.o
                0x000000000800d524                vPortEnterCritical
 .text.vPortExitCritical
                0x000000000800d584       0x54 Middlewares/Third_Party/FreeRTOS/Source/portable/GCC/ARM_CM4F/port.o
                0x000000000800d584                vPortExitCritical
 *fill*         0x000000000800d5d8        0x8 
 .text.PendSV_Handler
                0x000000000800d5e0       0x68 Middlewares/Third_Party/FreeRTOS/Source/portable/GCC/ARM_CM4F/port.o
                0x000000000800d5e0                PendSV_Handler
 .text.xPortSysTickHandler
                0x000000000800d648       0x44 Middlewares/Third_Party/FreeRTOS/Source/portable/GCC/ARM_CM4F/port.o
                0x000000000800d648                xPortSysTickHandler
 .text.vPortSetupTimerInterrupt
                0x000000000800d68c       0x48 Middlewares/Third_Party/FreeRTOS/Source/portable/GCC/ARM_CM4F/port.o
                0x000000000800d68c                vPortSetupTimerInterrupt
 .text.vPortEnableVFP
                0x000000000800d6d4       0x14 Middlewares/Third_Party/FreeRTOS/Source/portable/GCC/ARM_CM4F/port.o
 .text.vPortValidateInterruptPriority
                0x000000000800d6e8       0x80 Middlewares/Third_Party/FreeRTOS/Source/portable/GCC/ARM_CM4F/port.o
                0x000000000800d6e8                vPortValidateInterruptPriority
 .text.pvPortMalloc
                0x000000000800d768      0x198 Middlewares/Third_Party/FreeRTOS/Source/portable/MemMang/heap_4.o
                0x000000000800d768                pvPortMalloc
 .text.vPortFree
                0x000000000800d900       0xc4 Middlewares/Third_Party/FreeRTOS/Source/portable/MemMang/heap_4.o
                0x000000000800d900                vPortFree
 .text.prvHeapInit
                0x000000000800d9c4       0xc4 Middlewares/Third_Party/FreeRTOS/Source/portable/MemMang/heap_4.o
 .text.prvInsertBlockIntoFreeList
                0x000000000800da88       0xb4 Middlewares/Third_Party/FreeRTOS/Source/portable/MemMang/heap_4.o
 .text.__errno  0x000000000800db3c        0xc /opt/st/stm32cubeide_1.6.1/plugins/com.st.stm32cube.ide.mcu.externaltools.gnu-tools-for-stm32.9-2020-q2-update.linux64_1.5.0.202011040924/tools/bin/../lib/gcc/arm-none-eabi/9.3.1/../../../../arm-none-eabi/lib/thumb/v7e-m+fp/hard/libc_nano.a(lib_a-errno.o)
                0x000000000800db3c                __errno
 .text.__libc_init_array
                0x000000000800db48       0x48 /opt/st/stm32cubeide_1.6.1/plugins/com.st.stm32cube.ide.mcu.externaltools.gnu-tools-for-stm32.9-2020-q2-update.linux64_1.5.0.202011040924/tools/bin/../lib/gcc/arm-none-eabi/9.3.1/../../../../arm-none-eabi/lib/thumb/v7e-m+fp/hard/libc_nano.a(lib_a-init.o)
                0x000000000800db48                __libc_init_array
 .text.memcpy   0x000000000800db90       0x1c /opt/st/stm32cubeide_1.6.1/plugins/com.st.stm32cube.ide.mcu.externaltools.gnu-tools-for-stm32.9-2020-q2-update.linux64_1.5.0.202011040924/tools/bin/../lib/gcc/arm-none-eabi/9.3.1/../../../../arm-none-eabi/lib/thumb/v7e-m+fp/hard/libc_nano.a(lib_a-memcpy-stub.o)
                0x000000000800db90                memcpy
 .text.memset   0x000000000800dbac       0x10 /opt/st/stm32cubeide_1.6.1/plugins/com.st.stm32cube.ide.mcu.externaltools.gnu-tools-for-stm32.9-2020-q2-update.linux64_1.5.0.202011040924/tools/bin/../lib/gcc/arm-none-eabi/9.3.1/../../../../arm-none-eabi/lib/thumb/v7e-m+fp/hard/libc_nano.a(lib_a-memset.o)
                0x000000000800dbac                memset
 .text.printf   0x000000000800dbbc       0x30 /opt/st/stm32cubeide_1.6.1/plugins/com.st.stm32cube.ide.mcu.externaltools.gnu-tools-for-stm32.9-2020-q2-update.linux64_1.5.0.202011040924/tools/bin/../lib/gcc/arm-none-eabi/9.3.1/../../../../arm-none-eabi/lib/thumb/v7e-m+fp/hard/libc_nano.a(lib_a-printf.o)
                0x000000000800dbbc                printf
                0x000000000800dbbc                iprintf
 .text._puts_r  0x000000000800dbec       0xdc /opt/st/stm32cubeide_1.6.1/plugins/com.st.stm32cube.ide.mcu.externaltools.gnu-tools-for-stm32.9-2020-q2-update.linux64_1.5.0.202011040924/tools/bin/../lib/gcc/arm-none-eabi/9.3.1/../../../../arm-none-eabi/lib/thumb/v7e-m+fp/hard/libc_nano.a(lib_a-puts.o)
                0x000000000800dbec                _puts_r
 .text.puts     0x000000000800dcc8       0x10 /opt/st/stm32cubeide_1.6.1/plugins/com.st.stm32cube.ide.mcu.externaltools.gnu-tools-for-stm32.9-2020-q2-update.linux64_1.5.0.202011040924/tools/bin/../lib/gcc/arm-none-eabi/9.3.1/../../../../arm-none-eabi/lib/thumb/v7e-m+fp/hard/libc_nano.a(lib_a-puts.o)
                0x000000000800dcc8                puts
 .text.__swbuf_r
                0x000000000800dcd8       0xa4 /opt/st/stm32cubeide_1.6.1/plugins/com.st.stm32cube.ide.mcu.externaltools.gnu-tools-for-stm32.9-2020-q2-update.linux64_1.5.0.202011040924/tools/bin/../lib/gcc/arm-none-eabi/9.3.1/../../../../arm-none-eabi/lib/thumb/v7e-m+fp/hard/libc_nano.a(lib_a-wbuf.o)
                0x000000000800dcd8                __swbuf_r
 .text.__swsetup_r
                0x000000000800dd7c       0xdc /opt/st/stm32cubeide_1.6.1/plugins/com.st.stm32cube.ide.mcu.externaltools.gnu-tools-for-stm32.9-2020-q2-update.linux64_1.5.0.202011040924/tools/bin/../lib/gcc/arm-none-eabi/9.3.1/../../../../arm-none-eabi/lib/thumb/v7e-m+fp/hard/libc_nano.a(lib_a-wsetup.o)
                0x000000000800dd7c                __swsetup_r
 .text.__sflush_r
                0x000000000800de58      0x10c /opt/st/stm32cubeide_1.6.1/plugins/com.st.stm32cube.ide.mcu.externaltools.gnu-tools-for-stm32.9-2020-q2-update.linux64_1.5.0.202011040924/tools/bin/../lib/gcc/arm-none-eabi/9.3.1/../../../../arm-none-eabi/lib/thumb/v7e-m+fp/hard/libc_nano.a(lib_a-fflush.o)
                0x000000000800de58                __sflush_r
 .text._fflush_r
                0x000000000800df64       0x78 /opt/st/stm32cubeide_1.6.1/plugins/com.st.stm32cube.ide.mcu.externaltools.gnu-tools-for-stm32.9-2020-q2-update.linux64_1.5.0.202011040924/tools/bin/../lib/gcc/arm-none-eabi/9.3.1/../../../../arm-none-eabi/lib/thumb/v7e-m+fp/hard/libc_nano.a(lib_a-fflush.o)
                0x000000000800df64                _fflush_r
 .text.std      0x000000000800dfdc       0x48 /opt/st/stm32cubeide_1.6.1/plugins/com.st.stm32cube.ide.mcu.externaltools.gnu-tools-for-stm32.9-2020-q2-update.linux64_1.5.0.202011040924/tools/bin/../lib/gcc/arm-none-eabi/9.3.1/../../../../arm-none-eabi/lib/thumb/v7e-m+fp/hard/libc_nano.a(lib_a-findfp.o)
 .text._cleanup_r
                0x000000000800e024        0xc /opt/st/stm32cubeide_1.6.1/plugins/com.st.stm32cube.ide.mcu.externaltools.gnu-tools-for-stm32.9-2020-q2-update.linux64_1.5.0.202011040924/tools/bin/../lib/gcc/arm-none-eabi/9.3.1/../../../../arm-none-eabi/lib/thumb/v7e-m+fp/hard/libc_nano.a(lib_a-findfp.o)
                0x000000000800e024                _cleanup_r
 .text.__sfmoreglue
                0x000000000800e030       0x2c /opt/st/stm32cubeide_1.6.1/plugins/com.st.stm32cube.ide.mcu.externaltools.gnu-tools-for-stm32.9-2020-q2-update.linux64_1.5.0.202011040924/tools/bin/../lib/gcc/arm-none-eabi/9.3.1/../../../../arm-none-eabi/lib/thumb/v7e-m+fp/hard/libc_nano.a(lib_a-findfp.o)
                0x000000000800e030                __sfmoreglue
 .text.__sfp_lock_acquire
                0x000000000800e05c        0xc /opt/st/stm32cubeide_1.6.1/plugins/com.st.stm32cube.ide.mcu.externaltools.gnu-tools-for-stm32.9-2020-q2-update.linux64_1.5.0.202011040924/tools/bin/../lib/gcc/arm-none-eabi/9.3.1/../../../../arm-none-eabi/lib/thumb/v7e-m+fp/hard/libc_nano.a(lib_a-findfp.o)
                0x000000000800e05c                __sfp_lock_acquire
 .text.__sfp_lock_release
                0x000000000800e068        0xc /opt/st/stm32cubeide_1.6.1/plugins/com.st.stm32cube.ide.mcu.externaltools.gnu-tools-for-stm32.9-2020-q2-update.linux64_1.5.0.202011040924/tools/bin/../lib/gcc/arm-none-eabi/9.3.1/../../../../arm-none-eabi/lib/thumb/v7e-m+fp/hard/libc_nano.a(lib_a-findfp.o)
                0x000000000800e068                __sfp_lock_release
 .text.__sinit_lock_acquire
                0x000000000800e074        0xc /opt/st/stm32cubeide_1.6.1/plugins/com.st.stm32cube.ide.mcu.externaltools.gnu-tools-for-stm32.9-2020-q2-update.linux64_1.5.0.202011040924/tools/bin/../lib/gcc/arm-none-eabi/9.3.1/../../../../arm-none-eabi/lib/thumb/v7e-m+fp/hard/libc_nano.a(lib_a-findfp.o)
                0x000000000800e074                __sinit_lock_acquire
 .text.__sinit_lock_release
                0x000000000800e080        0xc /opt/st/stm32cubeide_1.6.1/plugins/com.st.stm32cube.ide.mcu.externaltools.gnu-tools-for-stm32.9-2020-q2-update.linux64_1.5.0.202011040924/tools/bin/../lib/gcc/arm-none-eabi/9.3.1/../../../../arm-none-eabi/lib/thumb/v7e-m+fp/hard/libc_nano.a(lib_a-findfp.o)
                0x000000000800e080                __sinit_lock_release
 .text.__sinit  0x000000000800e08c       0x70 /opt/st/stm32cubeide_1.6.1/plugins/com.st.stm32cube.ide.mcu.externaltools.gnu-tools-for-stm32.9-2020-q2-update.linux64_1.5.0.202011040924/tools/bin/../lib/gcc/arm-none-eabi/9.3.1/../../../../arm-none-eabi/lib/thumb/v7e-m+fp/hard/libc_nano.a(lib_a-findfp.o)
                0x000000000800e08c                __sinit
 .text.__sfp    0x000000000800e0fc       0x8c /opt/st/stm32cubeide_1.6.1/plugins/com.st.stm32cube.ide.mcu.externaltools.gnu-tools-for-stm32.9-2020-q2-update.linux64_1.5.0.202011040924/tools/bin/../lib/gcc/arm-none-eabi/9.3.1/../../../../arm-none-eabi/lib/thumb/v7e-m+fp/hard/libc_nano.a(lib_a-findfp.o)
                0x000000000800e0fc                __sfp
 .text._fwalk_reent
                0x000000000800e188       0x3e /opt/st/stm32cubeide_1.6.1/plugins/com.st.stm32cube.ide.mcu.externaltools.gnu-tools-for-stm32.9-2020-q2-update.linux64_1.5.0.202011040924/tools/bin/../lib/gcc/arm-none-eabi/9.3.1/../../../../arm-none-eabi/lib/thumb/v7e-m+fp/hard/libc_nano.a(lib_a-fwalk.o)
                0x000000000800e188                _fwalk_reent
 .text.__retarget_lock_init_recursive
                0x000000000800e1c6        0x2 /opt/st/stm32cubeide_1.6.1/plugins/com.st.stm32cube.ide.mcu.externaltools.gnu-tools-for-stm32.9-2020-q2-update.linux64_1.5.0.202011040924/tools/bin/../lib/gcc/arm-none-eabi/9.3.1/../../../../arm-none-eabi/lib/thumb/v7e-m+fp/hard/libc_nano.a(lib_a-lock.o)
                0x000000000800e1c6                __retarget_lock_init_recursive
 .text.__retarget_lock_acquire_recursive
                0x000000000800e1c8        0x2 /opt/st/stm32cubeide_1.6.1/plugins/com.st.stm32cube.ide.mcu.externaltools.gnu-tools-for-stm32.9-2020-q2-update.linux64_1.5.0.202011040924/tools/bin/../lib/gcc/arm-none-eabi/9.3.1/../../../../arm-none-eabi/lib/thumb/v7e-m+fp/hard/libc_nano.a(lib_a-lock.o)
                0x000000000800e1c8                __retarget_lock_acquire_recursive
 .text.__retarget_lock_release_recursive
                0x000000000800e1ca        0x2 /opt/st/stm32cubeide_1.6.1/plugins/com.st.stm32cube.ide.mcu.externaltools.gnu-tools-for-stm32.9-2020-q2-update.linux64_1.5.0.202011040924/tools/bin/../lib/gcc/arm-none-eabi/9.3.1/../../../../arm-none-eabi/lib/thumb/v7e-m+fp/hard/libc_nano.a(lib_a-lock.o)
                0x000000000800e1ca                __retarget_lock_release_recursive
 .text.__swhatbuf_r
                0x000000000800e1cc       0x48 /opt/st/stm32cubeide_1.6.1/plugins/com.st.stm32cube.ide.mcu.externaltools.gnu-tools-for-stm32.9-2020-q2-update.linux64_1.5.0.202011040924/tools/bin/../lib/gcc/arm-none-eabi/9.3.1/../../../../arm-none-eabi/lib/thumb/v7e-m+fp/hard/libc_nano.a(lib_a-makebuf.o)
                0x000000000800e1cc                __swhatbuf_r
 .text.__smakebuf_r
                0x000000000800e214       0x80 /opt/st/stm32cubeide_1.6.1/plugins/com.st.stm32cube.ide.mcu.externaltools.gnu-tools-for-stm32.9-2020-q2-update.linux64_1.5.0.202011040924/tools/bin/../lib/gcc/arm-none-eabi/9.3.1/../../../../arm-none-eabi/lib/thumb/v7e-m+fp/hard/libc_nano.a(lib_a-makebuf.o)
                0x000000000800e214                __smakebuf_r
 .text._free_r  0x000000000800e294       0xa0 /opt/st/stm32cubeide_1.6.1/plugins/com.st.stm32cube.ide.mcu.externaltools.gnu-tools-for-stm32.9-2020-q2-update.linux64_1.5.0.202011040924/tools/bin/../lib/gcc/arm-none-eabi/9.3.1/../../../../arm-none-eabi/lib/thumb/v7e-m+fp/hard/libc_nano.a(lib_a-nano-freer.o)
                0x000000000800e294                _free_r
 .text._malloc_r
                0x000000000800e334       0xb4 /opt/st/stm32cubeide_1.6.1/plugins/com.st.stm32cube.ide.mcu.externaltools.gnu-tools-for-stm32.9-2020-q2-update.linux64_1.5.0.202011040924/tools/bin/../lib/gcc/arm-none-eabi/9.3.1/../../../../arm-none-eabi/lib/thumb/v7e-m+fp/hard/libc_nano.a(lib_a-nano-mallocr.o)
                0x000000000800e334                _malloc_r
 .text.__sfputc_r
                0x000000000800e3e8       0x2e /opt/st/stm32cubeide_1.6.1/plugins/com.st.stm32cube.ide.mcu.externaltools.gnu-tools-for-stm32.9-2020-q2-update.linux64_1.5.0.202011040924/tools/bin/../lib/gcc/arm-none-eabi/9.3.1/../../../../arm-none-eabi/lib/thumb/v7e-m+fp/hard/libc_nano.a(lib_a-nano-vfprintf.o)
 .text.__sfputs_r
                0x000000000800e416       0x24 /opt/st/stm32cubeide_1.6.1/plugins/com.st.stm32cube.ide.mcu.externaltools.gnu-tools-for-stm32.9-2020-q2-update.linux64_1.5.0.202011040924/tools/bin/../lib/gcc/arm-none-eabi/9.3.1/../../../../arm-none-eabi/lib/thumb/v7e-m+fp/hard/libc_nano.a(lib_a-nano-vfprintf.o)
                0x000000000800e416                __sfputs_r
 *fill*         0x000000000800e43a        0x2 
 .text._vfprintf_r
                0x000000000800e43c      0x260 /opt/st/stm32cubeide_1.6.1/plugins/com.st.stm32cube.ide.mcu.externaltools.gnu-tools-for-stm32.9-2020-q2-update.linux64_1.5.0.202011040924/tools/bin/../lib/gcc/arm-none-eabi/9.3.1/../../../../arm-none-eabi/lib/thumb/v7e-m+fp/hard/libc_nano.a(lib_a-nano-vfprintf.o)
                0x000000000800e43c                _vfiprintf_r
                0x000000000800e43c                _vfprintf_r
 .text._printf_common
                0x000000000800e69c       0xda /opt/st/stm32cubeide_1.6.1/plugins/com.st.stm32cube.ide.mcu.externaltools.gnu-tools-for-stm32.9-2020-q2-update.linux64_1.5.0.202011040924/tools/bin/../lib/gcc/arm-none-eabi/9.3.1/../../../../arm-none-eabi/lib/thumb/v7e-m+fp/hard/libc_nano.a(lib_a-nano-vfprintf_i.o)
                0x000000000800e69c                _printf_common
 *fill*         0x000000000800e776        0x2 
 .text._printf_i
                0x000000000800e778      0x24c /opt/st/stm32cubeide_1.6.1/plugins/com.st.stm32cube.ide.mcu.externaltools.gnu-tools-for-stm32.9-2020-q2-update.linux64_1.5.0.202011040924/tools/bin/../lib/gcc/arm-none-eabi/9.3.1/../../../../arm-none-eabi/lib/thumb/v7e-m+fp/hard/libc_nano.a(lib_a-nano-vfprintf_i.o)
                0x000000000800e778                _printf_i
 .text._sbrk_r  0x000000000800e9c4       0x20 /opt/st/stm32cubeide_1.6.1/plugins/com.st.stm32cube.ide.mcu.externaltools.gnu-tools-for-stm32.9-2020-q2-update.linux64_1.5.0.202011040924/tools/bin/../lib/gcc/arm-none-eabi/9.3.1/../../../../arm-none-eabi/lib/thumb/v7e-m+fp/hard/libc_nano.a(lib_a-sbrkr.o)
                0x000000000800e9c4                _sbrk_r
 .text.__sread  0x000000000800e9e4       0x22 /opt/st/stm32cubeide_1.6.1/plugins/com.st.stm32cube.ide.mcu.externaltools.gnu-tools-for-stm32.9-2020-q2-update.linux64_1.5.0.202011040924/tools/bin/../lib/gcc/arm-none-eabi/9.3.1/../../../../arm-none-eabi/lib/thumb/v7e-m+fp/hard/libc_nano.a(lib_a-stdio.o)
                0x000000000800e9e4                __sread
 .text.__swrite
                0x000000000800ea06       0x38 /opt/st/stm32cubeide_1.6.1/plugins/com.st.stm32cube.ide.mcu.externaltools.gnu-tools-for-stm32.9-2020-q2-update.linux64_1.5.0.202011040924/tools/bin/../lib/gcc/arm-none-eabi/9.3.1/../../../../arm-none-eabi/lib/thumb/v7e-m+fp/hard/libc_nano.a(lib_a-stdio.o)
                0x000000000800ea06                __swrite
 .text.__sseek  0x000000000800ea3e       0x24 /opt/st/stm32cubeide_1.6.1/plugins/com.st.stm32cube.ide.mcu.externaltools.gnu-tools-for-stm32.9-2020-q2-update.linux64_1.5.0.202011040924/tools/bin/../lib/gcc/arm-none-eabi/9.3.1/../../../../arm-none-eabi/lib/thumb/v7e-m+fp/hard/libc_nano.a(lib_a-stdio.o)
                0x000000000800ea3e                __sseek
 .text.__sclose
                0x000000000800ea62        0x8 /opt/st/stm32cubeide_1.6.1/plugins/com.st.stm32cube.ide.mcu.externaltools.gnu-tools-for-stm32.9-2020-q2-update.linux64_1.5.0.202011040924/tools/bin/../lib/gcc/arm-none-eabi/9.3.1/../../../../arm-none-eabi/lib/thumb/v7e-m+fp/hard/libc_nano.a(lib_a-stdio.o)
                0x000000000800ea62                __sclose
 *fill*         0x000000000800ea6a        0x2 
 .text._write_r
                0x000000000800ea6c       0x24 /opt/st/stm32cubeide_1.6.1/plugins/com.st.stm32cube.ide.mcu.externaltools.gnu-tools-for-stm32.9-2020-q2-update.linux64_1.5.0.202011040924/tools/bin/../lib/gcc/arm-none-eabi/9.3.1/../../../../arm-none-eabi/lib/thumb/v7e-m+fp/hard/libc_nano.a(lib_a-writer.o)
                0x000000000800ea6c                _write_r
 .text._close_r
                0x000000000800ea90       0x20 /opt/st/stm32cubeide_1.6.1/plugins/com.st.stm32cube.ide.mcu.externaltools.gnu-tools-for-stm32.9-2020-q2-update.linux64_1.5.0.202011040924/tools/bin/../lib/gcc/arm-none-eabi/9.3.1/../../../../arm-none-eabi/lib/thumb/v7e-m+fp/hard/libc_nano.a(lib_a-closer.o)
                0x000000000800ea90                _close_r
 .text._fstat_r
                0x000000000800eab0       0x24 /opt/st/stm32cubeide_1.6.1/plugins/com.st.stm32cube.ide.mcu.externaltools.gnu-tools-for-stm32.9-2020-q2-update.linux64_1.5.0.202011040924/tools/bin/../lib/gcc/arm-none-eabi/9.3.1/../../../../arm-none-eabi/lib/thumb/v7e-m+fp/hard/libc_nano.a(lib_a-fstatr.o)
                0x000000000800eab0                _fstat_r
 .text._isatty_r
                0x000000000800ead4       0x20 /opt/st/stm32cubeide_1.6.1/plugins/com.st.stm32cube.ide.mcu.externaltools.gnu-tools-for-stm32.9-2020-q2-update.linux64_1.5.0.202011040924/tools/bin/../lib/gcc/arm-none-eabi/9.3.1/../../../../arm-none-eabi/lib/thumb/v7e-m+fp/hard/libc_nano.a(lib_a-isattyr.o)
                0x000000000800ead4                _isatty_r
 .text._lseek_r
                0x000000000800eaf4       0x24 /opt/st/stm32cubeide_1.6.1/plugins/com.st.stm32cube.ide.mcu.externaltools.gnu-tools-for-stm32.9-2020-q2-update.linux64_1.5.0.202011040924/tools/bin/../lib/gcc/arm-none-eabi/9.3.1/../../../../arm-none-eabi/lib/thumb/v7e-m+fp/hard/libc_nano.a(lib_a-lseekr.o)
                0x000000000800eaf4                _lseek_r
 .text.__malloc_lock
                0x000000000800eb18        0xc /opt/st/stm32cubeide_1.6.1/plugins/com.st.stm32cube.ide.mcu.externaltools.gnu-tools-for-stm32.9-2020-q2-update.linux64_1.5.0.202011040924/tools/bin/../lib/gcc/arm-none-eabi/9.3.1/../../../../arm-none-eabi/lib/thumb/v7e-m+fp/hard/libc_nano.a(lib_a-mlock.o)
                0x000000000800eb18                __malloc_lock
 .text.__malloc_unlock
                0x000000000800eb24        0xc /opt/st/stm32cubeide_1.6.1/plugins/com.st.stm32cube.ide.mcu.externaltools.gnu-tools-for-stm32.9-2020-q2-update.linux64_1.5.0.202011040924/tools/bin/../lib/gcc/arm-none-eabi/9.3.1/../../../../arm-none-eabi/lib/thumb/v7e-m+fp/hard/libc_nano.a(lib_a-mlock.o)
                0x000000000800eb24                __malloc_unlock
 .text._read_r  0x000000000800eb30       0x24 /opt/st/stm32cubeide_1.6.1/plugins/com.st.stm32cube.ide.mcu.externaltools.gnu-tools-for-stm32.9-2020-q2-update.linux64_1.5.0.202011040924/tools/bin/../lib/gcc/arm-none-eabi/9.3.1/../../../../arm-none-eabi/lib/thumb/v7e-m+fp/hard/libc_nano.a(lib_a-readr.o)
                0x000000000800eb30                _read_r
 *fill*         0x000000000800eb54        0x4 
 .text.tan      0x000000000800eb58       0x60 /opt/st/stm32cubeide_1.6.1/plugins/com.st.stm32cube.ide.mcu.externaltools.gnu-tools-for-stm32.9-2020-q2-update.linux64_1.5.0.202011040924/tools/bin/../lib/gcc/arm-none-eabi/9.3.1/../../../../arm-none-eabi/lib/thumb/v7e-m+fp/hard/libm.a(lib_a-s_tan.o)
                0x000000000800eb58                tan
 .text.__ieee754_rem_pio2
                0x000000000800ebb8      0x414 /opt/st/stm32cubeide_1.6.1/plugins/com.st.stm32cube.ide.mcu.externaltools.gnu-tools-for-stm32.9-2020-q2-update.linux64_1.5.0.202011040924/tools/bin/../lib/gcc/arm-none-eabi/9.3.1/../../../../arm-none-eabi/lib/thumb/v7e-m+fp/hard/libm.a(lib_a-e_rem_pio2.o)
                0x000000000800ebb8                __ieee754_rem_pio2
 *fill*         0x000000000800efcc        0x4 
 .text.__kernel_rem_pio2
                0x000000000800efd0      0x680 /opt/st/stm32cubeide_1.6.1/plugins/com.st.stm32cube.ide.mcu.externaltools.gnu-tools-for-stm32.9-2020-q2-update.linux64_1.5.0.202011040924/tools/bin/../lib/gcc/arm-none-eabi/9.3.1/../../../../arm-none-eabi/lib/thumb/v7e-m+fp/hard/libm.a(lib_a-k_rem_pio2.o)
                0x000000000800efd0                __kernel_rem_pio2
 .text.__kernel_tan
                0x000000000800f650      0x3a8 /opt/st/stm32cubeide_1.6.1/plugins/com.st.stm32cube.ide.mcu.externaltools.gnu-tools-for-stm32.9-2020-q2-update.linux64_1.5.0.202011040924/tools/bin/../lib/gcc/arm-none-eabi/9.3.1/../../../../arm-none-eabi/lib/thumb/v7e-m+fp/hard/libm.a(lib_a-k_tan.o)
                0x000000000800f650                __kernel_tan
 .text.fabs     0x000000000800f9f8       0x12 /opt/st/stm32cubeide_1.6.1/plugins/com.st.stm32cube.ide.mcu.externaltools.gnu-tools-for-stm32.9-2020-q2-update.linux64_1.5.0.202011040924/tools/bin/../lib/gcc/arm-none-eabi/9.3.1/../../../../arm-none-eabi/lib/thumb/v7e-m+fp/hard/libm.a(lib_a-s_fabs.o)
                0x000000000800f9f8                fabs
 *fill*         0x000000000800fa0a        0x6 
 .text.floor    0x000000000800fa10      0x100 /opt/st/stm32cubeide_1.6.1/plugins/com.st.stm32cube.ide.mcu.externaltools.gnu-tools-for-stm32.9-2020-q2-update.linux64_1.5.0.202011040924/tools/bin/../lib/gcc/arm-none-eabi/9.3.1/../../../../arm-none-eabi/lib/thumb/v7e-m+fp/hard/libm.a(lib_a-s_floor.o)
                0x000000000800fa10                floor
 .text.scalbn   0x000000000800fb10      0x10c /opt/st/stm32cubeide_1.6.1/plugins/com.st.stm32cube.ide.mcu.externaltools.gnu-tools-for-stm32.9-2020-q2-update.linux64_1.5.0.202011040924/tools/bin/../lib/gcc/arm-none-eabi/9.3.1/../../../../arm-none-eabi/lib/thumb/v7e-m+fp/hard/libm.a(lib_a-s_scalbn.o)
                0x000000000800fb10                scalbn
 *(.glue_7)
 .glue_7        0x000000000800fc1c        0x0 linker stubs
 *(.glue_7t)
 .glue_7t       0x000000000800fc1c        0x0 linker stubs
 *(.eh_frame)
 .eh_frame      0x000000000800fc1c        0x0 /opt/st/stm32cubeide_1.6.1/plugins/com.st.stm32cube.ide.mcu.externaltools.gnu-tools-for-stm32.9-2020-q2-update.linux64_1.5.0.202011040924/tools/bin/../lib/gcc/arm-none-eabi/9.3.1/thumb/v7e-m+fp/hard/crtbegin.o
 *(.init)
 .init          0x000000000800fc1c        0x4 /opt/st/stm32cubeide_1.6.1/plugins/com.st.stm32cube.ide.mcu.externaltools.gnu-tools-for-stm32.9-2020-q2-update.linux64_1.5.0.202011040924/tools/bin/../lib/gcc/arm-none-eabi/9.3.1/thumb/v7e-m+fp/hard/crti.o
                0x000000000800fc1c                _init
 .init          0x000000000800fc20        0x8 /opt/st/stm32cubeide_1.6.1/plugins/com.st.stm32cube.ide.mcu.externaltools.gnu-tools-for-stm32.9-2020-q2-update.linux64_1.5.0.202011040924/tools/bin/../lib/gcc/arm-none-eabi/9.3.1/thumb/v7e-m+fp/hard/crtn.o
 *(.fini)
 .fini          0x000000000800fc28        0x4 /opt/st/stm32cubeide_1.6.1/plugins/com.st.stm32cube.ide.mcu.externaltools.gnu-tools-for-stm32.9-2020-q2-update.linux64_1.5.0.202011040924/tools/bin/../lib/gcc/arm-none-eabi/9.3.1/thumb/v7e-m+fp/hard/crti.o
                0x000000000800fc28                _fini
 .fini          0x000000000800fc2c        0x8 /opt/st/stm32cubeide_1.6.1/plugins/com.st.stm32cube.ide.mcu.externaltools.gnu-tools-for-stm32.9-2020-q2-update.linux64_1.5.0.202011040924/tools/bin/../lib/gcc/arm-none-eabi/9.3.1/thumb/v7e-m+fp/hard/crtn.o
                0x000000000800fc34                . = ALIGN (0x4)
                0x000000000800fc34                _etext = .

.vfp11_veneer   0x000000000800fc34        0x0
 .vfp11_veneer  0x000000000800fc34        0x0 linker stubs

.v4_bx          0x000000000800fc34        0x0
 .v4_bx         0x000000000800fc34        0x0 linker stubs

.iplt           0x000000000800fc34        0x0
 .iplt          0x000000000800fc34        0x0 /opt/st/stm32cubeide_1.6.1/plugins/com.st.stm32cube.ide.mcu.externaltools.gnu-tools-for-stm32.9-2020-q2-update.linux64_1.5.0.202011040924/tools/bin/../lib/gcc/arm-none-eabi/9.3.1/thumb/v7e-m+fp/hard/crtbegin.o

.rodata         0x000000000800fc38      0x538
                0x000000000800fc38                . = ALIGN (0x4)
 *(.rodata)
 .rodata        0x000000000800fc38       0x6a Core/Src/main.o
 *fill*         0x000000000800fca2        0x2 
 .rodata        0x000000000800fca4      0x171 Core/Src/piece.o
 *fill*         0x000000000800fe15        0x3 
 .rodata        0x000000000800fe18        0x5 Middlewares/Third_Party/FreeRTOS/Source/tasks.o
 *fill*         0x000000000800fe1d        0x3 
 .rodata        0x000000000800fe20        0xd Middlewares/Third_Party/FreeRTOS/Source/timers.o
 *(.rodata*)
 *fill*         0x000000000800fe2d        0x3 
 .rodata.xMainMenuTask_attributes
                0x000000000800fe30       0x24 Core/Src/main.o
                0x000000000800fe30                xMainMenuTask_attributes
 .rodata.xPlayTickTask_attributes
                0x000000000800fe54       0x24 Core/Src/main.o
                0x000000000800fe54                xPlayTickTask_attributes
 .rodata.xPlayStateTask_attributes
                0x000000000800fe78       0x24 Core/Src/main.o
                0x000000000800fe78                xPlayStateTask_attributes
 .rodata.xEmbeddedViolinEventGroup_attributes
                0x000000000800fe9c       0x10 Core/Src/main.o
                0x000000000800fe9c                xEmbeddedViolinEventGroup_attributes
 .rodata.xBitsToWaitFor.13117
                0x000000000800feac        0x4 Core/Src/main.o
 .rodata.xFrequency.13118
                0x000000000800feb0        0x4 Core/Src/main.o
 .rodata.xBitsToWaitFor.13127
                0x000000000800feb4        0x4 Core/Src/main.o
 .rodata.AHBPrescTable
                0x000000000800feb8       0x10 Core/Src/system_stm32l4xx.o
                0x000000000800feb8                AHBPrescTable
 .rodata.APBPrescTable
                0x000000000800fec8        0x8 Core/Src/system_stm32l4xx.o
                0x000000000800fec8                APBPrescTable
 .rodata.MSIRangeTable
                0x000000000800fed0       0x30 Core/Src/system_stm32l4xx.o
                0x000000000800fed0                MSIRangeTable
 .rodata._global_impure_ptr
                0x000000000800ff00        0x4 /opt/st/stm32cubeide_1.6.1/plugins/com.st.stm32cube.ide.mcu.externaltools.gnu-tools-for-stm32.9-2020-q2-update.linux64_1.5.0.202011040924/tools/bin/../lib/gcc/arm-none-eabi/9.3.1/../../../../arm-none-eabi/lib/thumb/v7e-m+fp/hard/libc_nano.a(lib_a-impure.o)
                0x000000000800ff00                _global_impure_ptr
 .rodata.__sf_fake_stderr
                0x000000000800ff04       0x20 /opt/st/stm32cubeide_1.6.1/plugins/com.st.stm32cube.ide.mcu.externaltools.gnu-tools-for-stm32.9-2020-q2-update.linux64_1.5.0.202011040924/tools/bin/../lib/gcc/arm-none-eabi/9.3.1/../../../../arm-none-eabi/lib/thumb/v7e-m+fp/hard/libc_nano.a(lib_a-findfp.o)
                0x000000000800ff04                __sf_fake_stderr
 .rodata.__sf_fake_stdin
                0x000000000800ff24       0x20 /opt/st/stm32cubeide_1.6.1/plugins/com.st.stm32cube.ide.mcu.externaltools.gnu-tools-for-stm32.9-2020-q2-update.linux64_1.5.0.202011040924/tools/bin/../lib/gcc/arm-none-eabi/9.3.1/../../../../arm-none-eabi/lib/thumb/v7e-m+fp/hard/libc_nano.a(lib_a-findfp.o)
                0x000000000800ff24                __sf_fake_stdin
 .rodata.__sf_fake_stdout
                0x000000000800ff44       0x20 /opt/st/stm32cubeide_1.6.1/plugins/com.st.stm32cube.ide.mcu.externaltools.gnu-tools-for-stm32.9-2020-q2-update.linux64_1.5.0.202011040924/tools/bin/../lib/gcc/arm-none-eabi/9.3.1/../../../../arm-none-eabi/lib/thumb/v7e-m+fp/hard/libc_nano.a(lib_a-findfp.o)
                0x000000000800ff44                __sf_fake_stdout
 .rodata._vfprintf_r.str1.1