Archive member included to satisfy reference by file (symbol)

/opt/st/stm32cubeide_1.6.1/plugins/com.st.stm32cube.ide.mcu.externaltools.gnu-tools-for-stm32.9-2020-q2-update.linux64_1.5.0.202011040924/tools/bin/../lib/gcc/arm-none-eabi/9.3.1/../../../../arm-none-eabi/lib/thumb/v7e-m+fp/hard/libc_nano.a(lib_a-errno.o)
                              Core/Src/syscalls.o (__errno)
/opt/st/stm32cubeide_1.6.1/plugins/com.st.stm32cube.ide.mcu.externaltools.gnu-tools-for-stm32.9-2020-q2-update.linux64_1.5.0.202011040924/tools/bin/../lib/gcc/arm-none-eabi/9.3.1/../../../../arm-none-eabi/lib/thumb/v7e-m+fp/hard/libc_nano.a(lib_a-exit.o)
                              /opt/st/stm32cubeide_1.6.1/plugins/com.st.stm32cube.ide.mcu.externaltools.gnu-tools-for-stm32.9-2020-q2-update.linux64_1.5.0.202011040924/tools/bin/../lib/gcc/arm-none-eabi/9.3.1/../../../../arm-none-eabi/lib/thumb/v7e-m+fp/hard/crt0.o (exit)
/opt/st/stm32cubeide_1.6.1/plugins/com.st.stm32cube.ide.mcu.externaltools.gnu-tools-for-stm32.9-2020-q2-update.linux64_1.5.0.202011040924/tools/bin/../lib/gcc/arm-none-eabi/9.3.1/../../../../arm-none-eabi/lib/thumb/v7e-m+fp/hard/libc_nano.a(lib_a-impure.o)
                              /opt/st/stm32cubeide_1.6.1/plugins/com.st.stm32cube.ide.mcu.externaltools.gnu-tools-for-stm32.9-2020-q2-update.linux64_1.5.0.202011040924/tools/bin/../lib/gcc/arm-none-eabi/9.3.1/../../../../arm-none-eabi/lib/thumb/v7e-m+fp/hard/libc_nano.a(lib_a-exit.o) (_global_impure_ptr)
/opt/st/stm32cubeide_1.6.1/plugins/com.st.stm32cube.ide.mcu.externaltools.gnu-tools-for-stm32.9-2020-q2-update.linux64_1.5.0.202011040924/tools/bin/../lib/gcc/arm-none-eabi/9.3.1/../../../../arm-none-eabi/lib/thumb/v7e-m+fp/hard/libc_nano.a(lib_a-init.o)
                              /opt/st/stm32cubeide_1.6.1/plugins/com.st.stm32cube.ide.mcu.externaltools.gnu-tools-for-stm32.9-2020-q2-update.linux64_1.5.0.202011040924/tools/bin/../lib/gcc/arm-none-eabi/9.3.1/../../../../arm-none-eabi/lib/thumb/v7e-m+fp/hard/crt0.o (__libc_init_array)
/opt/st/stm32cubeide_1.6.1/plugins/com.st.stm32cube.ide.mcu.externaltools.gnu-tools-for-stm32.9-2020-q2-update.linux64_1.5.0.202011040924/tools/bin/../lib/gcc/arm-none-eabi/9.3.1/../../../../arm-none-eabi/lib/thumb/v7e-m+fp/hard/libc_nano.a(lib_a-memcpy-stub.o)
                              Middlewares/Third_Party/FreeRTOS/Source/CMSIS_RTOS_V2/cmsis_os2.o (memcpy)
/opt/st/stm32cubeide_1.6.1/plugins/com.st.stm32cube.ide.mcu.externaltools.gnu-tools-for-stm32.9-2020-q2-update.linux64_1.5.0.202011040924/tools/bin/../lib/gcc/arm-none-eabi/9.3.1/../../../../arm-none-eabi/lib/thumb/v7e-m+fp/hard/libc_nano.a(lib_a-memset.o)
                              /opt/st/stm32cubeide_1.6.1/plugins/com.st.stm32cube.ide.mcu.externaltools.gnu-tools-for-stm32.9-2020-q2-update.linux64_1.5.0.202011040924/tools/bin/../lib/gcc/arm-none-eabi/9.3.1/../../../../arm-none-eabi/lib/thumb/v7e-m+fp/hard/crt0.o (memset)
/opt/st/stm32cubeide_1.6.1/plugins/com.st.stm32cube.ide.mcu.externaltools.gnu-tools-for-stm32.9-2020-q2-update.linux64_1.5.0.202011040924/tools/bin/../lib/gcc/arm-none-eabi/9.3.1/../../../../arm-none-eabi/lib/thumb/v7e-m+fp/hard/libc_nano.a(lib_a-printf.o)
                              Core/Src/main.o (printf)
/opt/st/stm32cubeide_1.6.1/plugins/com.st.stm32cube.ide.mcu.externaltools.gnu-tools-for-stm32.9-2020-q2-update.linux64_1.5.0.202011040924/tools/bin/../lib/gcc/arm-none-eabi/9.3.1/../../../../arm-none-eabi/lib/thumb/v7e-m+fp/hard/libc_nano.a(lib_a-puts.o)
                              Core/Src/main.o (puts)
/opt/st/stm32cubeide_1.6.1/plugins/com.st.stm32cube.ide.mcu.externaltools.gnu-tools-for-stm32.9-2020-q2-update.linux64_1.5.0.202011040924/tools/bin/../lib/gcc/arm-none-eabi/9.3.1/../../../../arm-none-eabi/lib/thumb/v7e-m+fp/hard/libc_nano.a(lib_a-strlen.o)
                              Core/Src/main.o (strlen)
/opt/st/stm32cubeide_1.6.1/plugins/com.st.stm32cube.ide.mcu.externaltools.gnu-tools-for-stm32.9-2020-q2-update.linux64_1.5.0.202011040924/tools/bin/../lib/gcc/arm-none-eabi/9.3.1/../../../../arm-none-eabi/lib/thumb/v7e-m+fp/hard/libc_nano.a(lib_a-wbuf.o)
                              /opt/st/stm32cubeide_1.6.1/plugins/com.st.stm32cube.ide.mcu.externaltools.gnu-tools-for-stm32.9-2020-q2-update.linux64_1.5.0.202011040924/tools/bin/../lib/gcc/arm-none-eabi/9.3.1/../../../../arm-none-eabi/lib/thumb/v7e-m+fp/hard/libc_nano.a(lib_a-puts.o) (__swbuf_r)
/opt/st/stm32cubeide_1.6.1/plugins/com.st.stm32cube.ide.mcu.externaltools.gnu-tools-for-stm32.9-2020-q2-update.linux64_1.5.0.202011040924/tools/bin/../lib/gcc/arm-none-eabi/9.3.1/../../../../arm-none-eabi/lib/thumb/v7e-m+fp/hard/libc_nano.a(lib_a-wsetup.o)
                              /opt/st/stm32cubeide_1.6.1/plugins/com.st.stm32cube.ide.mcu.externaltools.gnu-tools-for-stm32.9-2020-q2-update.linux64_1.5.0.202011040924/tools/bin/../lib/gcc/arm-none-eabi/9.3.1/../../../../arm-none-eabi/lib/thumb/v7e-m+fp/hard/libc_nano.a(lib_a-puts.o) (__swsetup_r)
[...]
Memory Configuration

Name             Origin             Length             Attributes
RAM              0x0000000020000000 0x0000000000018000 xrw
RAM2             0x0000000010000000 0x0000000000008000 xrw
FLASH            0x0000000008000000 0x0000000000100000 xr
*default*        0x0000000000000000 0xffffffffffffffff

Linker script and memory map

LOAD /opt/st/stm32cubeide_1.6.1/plugins/com.st.stm32cube.ide.mcu.externaltools.gnu-tools-for-stm32.9-2020-q2-update.linux64_1.5.0.202011040924/tools/bin/../lib/gcc/arm-none-eabi/9.3.1/thumb/v7e-m+fp/hard/crti.o
LOAD /opt/st/stm32cubeide_1.6.1/plugins/com.st.stm32cube.ide.mcu.externaltools.gnu-tools-for-stm32.9-2020-q2-update.linux64_1.5.0.202011040924/tools/bin/../lib/gcc/arm-none-eabi/9.3.1/thumb/v7e-m+fp/hard/crtbegin.o
LOAD /opt/st/stm32cubeide_1.6.1/plugins/com.st.stm32cube.ide.mcu.externaltools.gnu-tools-for-stm32.9-2020-q2-update.linux64_1.5.0.202011040924/tools/bin/../lib/gcc/arm-none-eabi/9.3.1/../../../../arm-none-eabi/lib/thumb/v7e-m+fp/hard/crt0.o
LOAD Core/Src/fatfs_sd.o
LOAD Core/Src/freertos.o
LOAD Core/Src/main.o
LOAD Core/Src/piece.o
LOAD Core/Src/stm32l4xx_hal_msp.o
LOAD Core/Src/stm32l4xx_hal_timebase_tim.o
LOAD Core/Src/stm32l4xx_it.o
LOAD Core/Src/syscalls.o
LOAD Core/Src/sysmem.o
LOAD Core/Src/system_stm32l4xx.o
LOAD Core/Src/ws2812b.o
LOAD Core/Startup/startup_stm32l476rgtx.o
LOAD Drivers/STM32L4xx_HAL_Driver/Src/stm32l4xx_hal.o
LOAD Drivers/STM32L4xx_HAL_Driver/Src/stm32l4xx_hal_adc.o
LOAD Drivers/STM32L4xx_HAL_Driver/Src/stm32l4xx_hal_adc_ex.o
LOAD Drivers/STM32L4xx_HAL_Driver/Src/stm32l4xx_hal_cortex.o
LOAD Drivers/STM32L4xx_HAL_Driver/Src/stm32l4xx_hal_dma.o
LOAD Drivers/STM32L4xx_HAL_Driver/Src/stm32l4xx_hal_dma_ex.o
LOAD Drivers/STM32L4xx_HAL_Driver/Src/stm32l4xx_hal_exti.o
LOAD Drivers/STM32L4xx_HAL_Driver/Src/stm32l4xx_hal_flash.o
LOAD Drivers/STM32L4xx_HAL_Driver/Src/stm32l4xx_hal_flash_ex.o
LOAD Drivers/STM32L4xx_HAL_Driver/Src/stm32l4xx_hal_flash_ramfunc.o
LOAD Drivers/STM32L4xx_HAL_Driver/Src/stm32l4xx_hal_gpio.o
LOAD Drivers/STM32L4xx_HAL_Driver/Src/stm32l4xx_hal_i2c.o
LOAD Drivers/STM32L4xx_HAL_Driver/Src/stm32l4xx_hal_i2c_ex.o
LOAD Drivers/STM32L4xx_HAL_Driver/Src/stm32l4xx_hal_pwr.o
LOAD Drivers/STM32L4xx_HAL_Driver/Src/stm32l4xx_hal_pwr_ex.o
LOAD Drivers/STM32L4xx_HAL_Driver/Src/stm32l4xx_hal_rcc.o
LOAD Drivers/STM32L4xx_HAL_Driver/Src/stm32l4xx_hal_rcc_ex.o
LOAD Drivers/STM32L4xx_HAL_Driver/Src/stm32l4xx_hal_spi.o
LOAD Drivers/STM32L4xx_HAL_Driver/Src/stm32l4xx_hal_spi_ex.o
LOAD Drivers/STM32L4xx_HAL_Driver/Src/stm32l4xx_hal_tim.o
LOAD Drivers/STM32L4xx_HAL_Driver/Src/stm32l4xx_hal_tim_ex.o
LOAD Drivers/STM32L4xx_HAL_Driver/Src/stm32l4xx_hal_uart.o
LOAD Drivers/STM32L4xx_HAL_Driver/Src/stm32l4xx_hal_uart_ex.o
LOAD FATFS/App/fatfs.o
LOAD FATFS/Target/user_diskio.o
LOAD Middlewares/Third_Party/FatFs/src/diskio.o
LOAD Middlewares/Third_Party/FatFs/src/ff.o
LOAD Middlewares/Third_Party/FatFs/src/ff_gen_drv.o
LOAD Middlewares/Third_Party/FatFs/src/option/ccsbcs.o
LOAD Middlewares/Third_Party/FatFs/src/option/syscall.o
LOAD Middlewares/Third_Party/FreeRTOS/Source/CMSIS_RTOS_V2/cmsis_os2.o
LOAD Middlewares/Third_Party/FreeRTOS/Source/croutine.o
LOAD Middlewares/Third_Party/FreeRTOS/Source/event_groups.o
LOAD Middlewares/Third_Party/FreeRTOS/Source/list.o
LOAD Middlewares/Third_Party/FreeRTOS/Source/queue.o
LOAD Middlewares/Third_Party/FreeRTOS/Source/stream_buffer.o
LOAD Middlewares/Third_Party/FreeRTOS/Source/tasks.o
LOAD Middlewares/Third_Party/FreeRTOS/Source/timers.o
LOAD Middlewares/Third_Party/FreeRTOS/Source/portable/GCC/ARM_CM4F/port.o
LOAD Middlewares/Third_Party/FreeRTOS/Source/portable/MemMang/heap_4.o
START GROUP
LOAD /opt/st/stm32cubeide_1.6.1/plugins/com.st.stm32cube.ide.mcu.externaltools.gnu-tools-for-stm32.9-2020-q2-update.linux64_1.5.0.202011040924/tools/bin/../lib/gcc/arm-none-eabi/9.3.1/../../../../arm-none-eabi/lib/thumb/v7e-m+fp/hard/libc_nano.a
LOAD /opt/st/stm32cubeide_1.6.1/plugins/com.st.stm32cube.ide.mcu.externaltools.gnu-tools-for-stm32.9-2020-q2-update.linux64_1.5.0.202011040924/tools/bin/../lib/gcc/arm-none-eabi/9.3.1/../../../../arm-none-eabi/lib/thumb/v7e-m+fp/hard/libm.a
END GROUP
START GROUP
LOAD /opt/st/stm32cubeide_1.6.1/plugins/com.st.stm32cube.ide.mcu.externaltools.gnu-tools-for-stm32.9-2020-q2-update.linux64_1.5.0.202011040924/tools/bin/../lib/gcc/arm-none-eabi/9.3.1/thumb/v7e-m+fp/hard/libgcc.a
LOAD /opt/st/stm32cubeide_1.6.1/plugins/com.st.stm32cube.ide.mcu.externaltools.gnu-tools-for-stm32.9-2020-q2-update.linux64_1.5.0.202011040924/tools/bin/../lib/gcc/arm-none-eabi/9.3.1/../../../../arm-none-eabi/lib/thumb/v7e-m+fp/hard/libc_nano.a
END GROUP
START GROUP
LOAD /opt/st/stm32cubeide_1.6.1/plugins/com.st.stm32cube.ide.mcu.externaltools.gnu-tools-for-stm32.9-2020-q2-update.linux64_1.5.0.202011040924/tools/bin/../lib/gcc/arm-none-eabi/9.3.1/thumb/v7e-m+fp/hard/libgcc.a
LOAD /opt/st/stm32cubeide_1.6.1/plugins/com.st.stm32cube.ide.mcu.externaltools.gnu-tools-for-stm32.9-2020-q2-update.linux64_1.5.0.202011040924/tools/bin/../lib/gcc/arm-none-eabi/9.3.1/../../../../arm-none-eabi/lib/thumb/v7e-m+fp/hard/libc_nano.a
LOAD /opt/st/stm32cubeide_1.6.1/plugins/com.st.stm32cube.ide.mcu.externaltools.gnu-tools-for-stm32.9-2020-q2-update.linux64_1.5.0.202011040924/tools/bin/../lib/gcc/arm-none-eabi/9.3.1/../../../../arm-none-eabi/lib/thumb/v7e-m+fp/hard/libnosys.a
END GROUP
START GROUP
LOAD /opt/st/stm32cubeide_1.6.1/plugins/com.st.stm32cube.ide.mcu.externaltools.gnu-tools-for-stm32.9-2020-q2-update.linux64_1.5.0.202011040924/tools/bin/../lib/gcc/arm-none-eabi/9.3.1/thumb/v7e-m+fp/hard/libgcc.a
LOAD /opt/st/stm32cubeide_1.6.1/plugins/com.st.stm32cube.ide.mcu.externaltools.gnu-tools-for-stm32.9-2020-q2-update.linux64_1.5.0.202011040924/tools/bin/../lib/gcc/arm-none-eabi/9.3.1/../../../../arm-none-eabi/lib/thumb/v7e-m+fp/hard/libc_nano.a
LOAD /opt/st/stm32cubeide_1.6.1/plugins/com.st.stm32cube.ide.mcu.externaltools.gnu-tools-for-stm32.9-2020-q2-update.linux64_1.5.0.202011040924/tools/bin/../lib/gcc/arm-none-eabi/9.3.1/../../../../arm-none-eabi/lib/thumb/v7e-m+fp/hard/libnosys.a
END GROUP
LOAD /opt/st/stm32cubeide_1.6.1/plugins/com.st.stm32cube.ide.mcu.externaltools.gnu-tools-for-stm32.9-2020-q2-update.linux64_1.5.0.202011040924/tools/bin/../lib/gcc/arm-none-eabi/9.3.1/thumb/v7e-m+fp/hard/crtend.o
LOAD /opt/st/stm32cubeide_1.6.1/plugins/com.st.stm32cube.ide.mcu.externaltools.gnu-tools-for-stm32.9-2020-q2-update.linux64_1.5.0.202011040924/tools/bin/../lib/gcc/arm-none-eabi/9.3.1/thumb/v7e-m+fp/hard/crtn.o
                0x0000000020018000                _estack = (ORIGIN (RAM) + LENGTH (RAM))
                0x0000000000000200                _Min_Heap_Size = 0x200
                0x0000000000000400                _Min_Stack_Size = 0x400

.isr_vector     0x0000000008000000      0x188
                0x0000000008000000                . = ALIGN (0x4)
 *(.isr_vector)
 .isr_vector    0x0000000008000000      0x188 Core/Startup/startup_stm32l476rgtx.o
                0x0000000008000000                g_pfnVectors
                0x0000000008000188                . = ALIGN (0x4)

.text           0x0000000008000190     0xca8c
                0x0000000008000190                . = ALIGN (0x4)
 *(.text)
 .text          0x0000000008000190       0x40 /opt/st/stm32cubeide_1.6.1/plugins/com.st.stm32cube.ide.mcu.externaltools.gnu-tools-for-stm32.9-2020-q2-update.linux64_1.5.0.202011040924/tools/bin/../lib/gcc/arm-none-eabi/9.3.1/thumb/v7e-m+fp/hard/crtbegin.o
 .text          0x00000000080001d0       0xa0 /opt/st/stm32cubeide_1.6.1/plugins/com.st.stm32cube.ide.mcu.externaltools.gnu-tools-for-stm32.9-2020-q2-update.linux64_1.5.0.202011040924/tools/bin/../lib/gcc/arm-none-eabi/9.3.1/../../../../arm-none-eabi/lib/thumb/v7e-m+fp/hard/libc_nano.a(lib_a-memchr.o)
                0x00000000080001d0                memchr
 .text          0x0000000008000270       0x30 /opt/st/stm32cubeide_1.6.1/plugins/com.st.stm32cube.ide.mcu.externaltools.gnu-tools-for-stm32.9-2020-q2-update.linux64_1.5.0.202011040924/tools/bin/../lib/gcc/arm-none-eabi/9.3.1/thumb/v7e-m+fp/hard/libgcc.a(_aeabi_uldivmod.o)
                0x0000000008000270                __aeabi_uldivmod
 .text          0x00000000080002a0      0x2c4 /opt/st/stm32cubeide_1.6.1/plugins/com.st.stm32cube.ide.mcu.externaltools.gnu-tools-for-stm32.9-2020-q2-update.linux64_1.5.0.202011040924/tools/bin/../lib/gcc/arm-none-eabi/9.3.1/thumb/v7e-m+fp/hard/libgcc.a(_udivmoddi4.o)
                0x00000000080002a0                __udivmoddi4
 .text          0x0000000008000564        0x4 /opt/st/stm32cubeide_1.6.1/plugins/com.st.stm32cube.ide.mcu.externaltools.gnu-tools-for-stm32.9-2020-q2-update.linux64_1.5.0.202011040924/tools/bin/../lib/gcc/arm-none-eabi/9.3.1/thumb/v7e-m+fp/hard/libgcc.a(_dvmd_tls.o)
                0x0000000008000564                __aeabi_ldiv0
                0x0000000008000564                __aeabi_idiv0
 *(.text*)
 .text.SELECT   0x0000000008000568       0x1c Core/Src/fatfs_sd.o
 .text.DESELECT
                0x0000000008000584       0x1c Core/Src/fatfs_sd.o
 .text.SPI_TxByte
                0x00000000080005a0       0x34 Core/Src/fatfs_sd.o
 .text.SPI_TxBuffer
                0x00000000080005d4       0x34 Core/Src/fatfs_sd.o
 .text.SPI_RxByte
                0x0000000008000608       0x38 Core/Src/fatfs_sd.o
 .text.SPI_RxBytePtr
                0x0000000008000640       0x1c Core/Src/fatfs_sd.o
 .text.SD_ReadyWait
                0x000000000800065c       0x34 Core/Src/fatfs_sd.o
 .text.SD_PowerOn
                0x0000000008000690       0x84 Core/Src/fatfs_sd.o
 .text.SD_PowerOff
                0x0000000008000714       0x18 Core/Src/fatfs_sd.o
 .text.SD_CheckPower
                0x000000000800072c       0x18 Core/Src/fatfs_sd.o
 .text.SD_RxDataBlock
                0x0000000008000744       0x5c Core/Src/fatfs_sd.o
 .text.SD_TxDataBlock
                0x00000000080007a0       0x86 Core/Src/fatfs_sd.o
 .text.SD_SendCmd
                0x0000000008000826       0xa8 Core/Src/fatfs_sd.o
 *fill*         0x00000000080008ce        0x2 
 .text.SD_disk_initialize
                0x00000000080008d0      0x1cc Core/Src/fatfs_sd.o
                0x00000000080008d0                SD_disk_initialize
 .text.SD_disk_status
                0x0000000008000a9c       0x2c Core/Src/fatfs_sd.o
                0x0000000008000a9c                SD_disk_status
 .text.SD_disk_read
                0x0000000008000ac8       0xd4 Core/Src/fatfs_sd.o
                0x0000000008000ac8                SD_disk_read
 .text.SD_disk_write
                0x0000000008000b9c      0x108 Core/Src/fatfs_sd.o
                0x0000000008000b9c                SD_disk_write
 .text.SD_disk_ioctl
                0x0000000008000ca4      0x258 Core/Src/fatfs_sd.o
                0x0000000008000ca4                SD_disk_ioctl
 .text.__io_putchar
                0x0000000008000efc       0x24 Core/Src/main.o
                0x0000000008000efc                __io_putchar
 .text.main     0x0000000008000f20       0xac Core/Src/main.o
                0x0000000008000f20                main
 .text.SystemClock_Config
                0x0000000008000fcc      0x114 Core/Src/main.o
                0x0000000008000fcc                SystemClock_Config
 .text.MX_ADC1_Init
                0x00000000080010e0       0xec Core/Src/main.o
 .text.MX_I2C1_Init
                0x00000000080011cc       0x80 Core/Src/main.o
 .text.MX_SPI1_Init
                0x000000000800124c       0x7c Core/Src/main.o
 .text.MX_TIM1_Init
                0x00000000080012c8      0x120 Core/Src/main.o
 .text.MX_TIM3_Init
                0x00000000080013e8       0xf8 Core/Src/main.o
 .text.MX_TIM15_Init
                0x00000000080014e0      0x108 Core/Src/main.o
 .text.MX_TIM16_Init
                0x00000000080015e8       0xf0 Core/Src/main.o
 .text.MX_TIM17_Init
                0x00000000080016d8       0xf0 Core/Src/main.o
 .text.MX_USART2_UART_Init
                0x00000000080017c8       0x60 Core/Src/main.o
 .text.MX_GPIO_Init
                0x0000000008001828       0xac Core/Src/main.o
 .text.StartMainMenuTask
                0x00000000080018d4       0x64 Core/Src/main.o
                0x00000000080018d4                StartMainMenuTask
 .text.StartPlayTickTask
                0x0000000008001938       0x64 Core/Src/main.o
                0x0000000008001938                StartPlayTickTask
 .text.StartPlayState
                0x000000000800199c       0x44 Core/Src/main.o
                0x000000000800199c                StartPlayState
 .text.HAL_TIM_PeriodElapsedCallback
                0x00000000080019e0       0x24 Core/Src/main.o
                0x00000000080019e0                HAL_TIM_PeriodElapsedCallback
 .text.Error_Handler
                0x0000000008001a04        0xa Core/Src/main.o
                0x0000000008001a04                Error_Handler
 .text.Piece_ucParseBeatValue
                0x0000000008001a0e       0x36 Core/Src/piece.o
                0x0000000008001a0e                Piece_ucParseBeatValue
 .text.Piece_vParseCommand
                0x0000000008001a44       0xf0 Core/Src/piece.o
                0x0000000008001a44                Piece_vParseCommand
 .text.Piece_vSetMovement
                0x0000000008001b34       0x30 Core/Src/piece.o
                0x0000000008001b34                Piece_vSetMovement
 .text.Piece_vSetBPM
                0x0000000008001b64       0x30 Core/Src/piece.o
                0x0000000008001b64                Piece_vSetBPM
 .text.Piece_vSetDynamic
                0x0000000008001b94       0x30 Core/Src/piece.o
                0x0000000008001b94                Piece_vSetDynamic
 .text.Piece_vConfigureAll
                0x0000000008001bc4       0x88 Core/Src/piece.o
                0x0000000008001bc4                Piece_vConfigureAll
 .text.Piece_vCaptureFragment
                0x0000000008001c4c       0xa4 Core/Src/piece.o
                0x0000000008001c4c                Piece_vCaptureFragment
 .text.Piece_vResetGoal
                0x0000000008001cf0       0x44 Core/Src/piece.o
                0x0000000008001cf0                Piece_vResetGoal
 .text.Piece_vParseNoteGoal
                0x0000000008001d34      0x10c Core/Src/piece.o
                0x0000000008001d34                Piece_vParseNoteGoal
 .text.Piece_vParseGoal
                0x0000000008001e40       0x42 Core/Src/piece.o
                0x0000000008001e40                Piece_vParseGoal
 *fill*         0x0000000008001e82        0x2 
 .text.Piece_vPlayNotes
                0x0000000008001e84      0x2c0 Core/Src/piece.o
                0x0000000008001e84                Piece_vPlayNotes
 .text.bIsPlayCommand
                0x0000000008002144       0x20 Core/Src/piece.o
                0x0000000008002144                bIsPlayCommand
 .text.Piece_usGetPitchTick
                0x0000000008002164       0x74 Core/Src/piece.o
                0x0000000008002164                Piece_usGetPitchTick
 .text.Piece_Debug_vPrintGoal
                0x00000000080021d8      0x20c Core/Src/piece.o
                0x00000000080021d8                Piece_Debug_vPrintGoal
 .text.HAL_MspInit
                0x00000000080023e4       0x50 Core/Src/stm32l4xx_hal_msp.o
                0x00000000080023e4                HAL_MspInit
 .text.HAL_ADC_MspInit
                0x0000000008002434       0x90 Core/Src/stm32l4xx_hal_msp.o
                0x0000000008002434                HAL_ADC_MspInit
 .text.HAL_I2C_MspInit
                0x00000000080024c4       0x88 Core/Src/stm32l4xx_hal_msp.o
                0x00000000080024c4                HAL_I2C_MspInit
 .text.HAL_SPI_MspInit
                0x000000000800254c       0xc0 Core/Src/stm32l4xx_hal_msp.o
                0x000000000800254c                HAL_SPI_MspInit
 .text.HAL_TIM_PWM_MspInit
                0x000000000800260c       0x90 Core/Src/stm32l4xx_hal_msp.o
                0x000000000800260c                HAL_TIM_PWM_MspInit
 .text.HAL_TIM_Base_MspInit
                0x000000000800269c       0x68 Core/Src/stm32l4xx_hal_msp.o
                0x000000000800269c                HAL_TIM_Base_MspInit
 .text.HAL_TIM_MspPostInit
                0x0000000008002704      0x1d4 Core/Src/stm32l4xx_hal_msp.o
                0x0000000008002704                HAL_TIM_MspPostInit
 .text.HAL_UART_MspInit
                0x00000000080028d8       0x84 Core/Src/stm32l4xx_hal_msp.o
                0x00000000080028d8                HAL_UART_MspInit
 .text.HAL_InitTick
                0x000000000800295c       0xac Core/Src/stm32l4xx_hal_timebase_tim.o
                0x000000000800295c                HAL_InitTick
 .text.NMI_Handler
                0x0000000008002a08        0x6 Core/Src/stm32l4xx_it.o
                0x0000000008002a08                NMI_Handler
 .text.HardFault_Handler
                0x0000000008002a0e        0x6 Core/Src/stm32l4xx_it.o
                0x0000000008002a0e                HardFault_Handler
 .text.MemManage_Handler
                0x0000000008002a14        0x6 Core/Src/stm32l4xx_it.o
                0x0000000008002a14                MemManage_Handler
 .text.BusFault_Handler
                0x0000000008002a1a        0x6 Core/Src/stm32l4xx_it.o
                0x0000000008002a1a                BusFault_Handler
 .text.UsageFault_Handler
                0x0000000008002a20        0x6 Core/Src/stm32l4xx_it.o
                0x0000000008002a20                UsageFault_Handler
 .text.DebugMon_Handler
                0x0000000008002a26        0xe Core/Src/stm32l4xx_it.o
                0x0000000008002a26                DebugMon_Handler
 .text.ADC1_2_IRQHandler
                0x0000000008002a34       0x14 Core/Src/stm32l4xx_it.o
                0x0000000008002a34                ADC1_2_IRQHandler
 .text.TIM6_DAC_IRQHandler
                0x0000000008002a48       0x44 Core/Src/stm32l4xx_it.o
                0x0000000008002a48                TIM6_DAC_IRQHandler
 .text._read    0x0000000008002a8c       0x3a Core/Src/syscalls.o
                0x0000000008002a8c                _read
 .text._write   0x0000000008002ac6       0x38 Core/Src/syscalls.o
                0x0000000008002ac6                _write
 .text._close   0x0000000008002afe       0x18 Core/Src/syscalls.o
                0x0000000008002afe                _close
 .text._fstat   0x0000000008002b16       0x20 Core/Src/syscalls.o
                0x0000000008002b16                _fstat
 .text._isatty  0x0000000008002b36       0x16 Core/Src/syscalls.o
                0x0000000008002b36                _isatty
 .text._lseek   0x0000000008002b4c       0x1a Core/Src/syscalls.o
                0x0000000008002b4c                _lseek
 *fill*         0x0000000008002b66        0x2 
 .text._sbrk    0x0000000008002b68       0x6c Core/Src/sysmem.o
                0x0000000008002b68                _sbrk
 .text.SystemInit
                0x0000000008002bd4       0x64 Core/Src/system_stm32l4xx.o
                0x0000000008002bd4                SystemInit
 .text.Reset_Handler
                0x0000000008002c38       0x50 Core/Startup/startup_stm32l476rgtx.o
                0x0000000008002c38                Reset_Handler
 .text.Default_Handler
                0x0000000008002c88        0x2 Core/Startup/startup_stm32l476rgtx.o
                0x0000000008002c88                RTC_Alarm_IRQHandler
                0x0000000008002c88                EXTI2_IRQHandler
                0x0000000008002c88                TIM8_TRG_COM_IRQHandler
                0x0000000008002c88                TIM8_CC_IRQHandler
                0x0000000008002c88                TIM1_CC_IRQHandler
                0x0000000008002c88                TSC_IRQHandler
                0x0000000008002c88                TAMP_STAMP_IRQHandler
                0x0000000008002c88                EXTI3_IRQHandler
                0x0000000008002c88                LPTIM2_IRQHandler
                0x0000000008002c88                DFSDM1_FLT1_IRQHandler
                0x0000000008002c88                I2C3_ER_IRQHandler
                0x0000000008002c88                DFSDM1_FLT2_IRQHandler
                0x0000000008002c88                EXTI0_IRQHandler
                0x0000000008002c88                I2C2_EV_IRQHandler
                0x0000000008002c88                CAN1_RX0_IRQHandler
                0x0000000008002c88                FPU_IRQHandler
                0x0000000008002c88                TIM1_UP_TIM16_IRQHandler
                0x0000000008002c88                SPI1_IRQHandler
                0x0000000008002c88                TIM8_UP_IRQHandler
                0x0000000008002c88                DMA2_Channel2_IRQHandler
                0x0000000008002c88                DMA1_Channel4_IRQHandler
                0x0000000008002c88                SAI2_IRQHandler
                0x0000000008002c88                DFSDM1_FLT3_IRQHandler
                0x0000000008002c88                USART3_IRQHandler
                0x0000000008002c88                DMA1_Channel7_IRQHandler
                0x0000000008002c88                CAN1_RX1_IRQHandler
                0x0000000008002c88                LCD_IRQHandler
                0x0000000008002c88                UART5_IRQHandler
                0x0000000008002c88                ADC3_IRQHandler
                0x0000000008002c88                TIM4_IRQHandler
                0x0000000008002c88                DMA2_Channel1_IRQHandler
                0x0000000008002c88                QUADSPI_IRQHandler
                0x0000000008002c88                I2C1_EV_IRQHandler
                0x0000000008002c88                DMA1_Channel6_IRQHandler
                0x0000000008002c88                UART4_IRQHandler
                0x0000000008002c88                DMA2_Channel4_IRQHandler
                0x0000000008002c88                TIM3_IRQHandler
                0x0000000008002c88                RCC_IRQHandler
                0x0000000008002c88                DMA1_Channel1_IRQHandler
                0x0000000008002c88                Default_Handler
                0x0000000008002c88                DMA2_Channel7_IRQHandler
                0x0000000008002c88                EXTI15_10_IRQHandler
                0x0000000008002c88                TIM7_IRQHandler
                0x0000000008002c88                SDMMC1_IRQHandler
                0x0000000008002c88                TIM5_IRQHandler
                0x0000000008002c88                I2C3_EV_IRQHandler
                0x0000000008002c88                EXTI9_5_IRQHandler
                0x0000000008002c88                RTC_WKUP_IRQHandler
                0x0000000008002c88                PVD_PVM_IRQHandler
                0x0000000008002c88                SPI2_IRQHandler
                0x0000000008002c88                CAN1_TX_IRQHandler
                0x0000000008002c88                DMA2_Channel5_IRQHandler
                0x0000000008002c88                DMA1_Channel5_IRQHandler
                0x0000000008002c88                EXTI4_IRQHandler
                0x0000000008002c88                RNG_IRQHandler
                0x0000000008002c88                TIM1_TRG_COM_TIM17_IRQHandler
                0x0000000008002c88                DMA1_Channel3_IRQHandler
                0x0000000008002c88                COMP_IRQHandler
                0x0000000008002c88                WWDG_IRQHandler
                0x0000000008002c88                LPUART1_IRQHandler
                0x0000000008002c88                DMA2_Channel6_IRQHandler
                0x0000000008002c88                TIM2_IRQHandler
                0x0000000008002c88                EXTI1_IRQHandler
                0x0000000008002c88                USART2_IRQHandler
                0x0000000008002c88                DFSDM1_FLT0_IRQHandler
                0x0000000008002c88                I2C2_ER_IRQHandler
                0x0000000008002c88                DMA1_Channel2_IRQHandler
                0x0000000008002c88                TIM8_BRK_IRQHandler
                0x0000000008002c88                CAN1_SCE_IRQHandler
                0x0000000008002c88                FLASH_IRQHandler
                0x0000000008002c88                USART1_IRQHandler
                0x0000000008002c88                OTG_FS_IRQHandler
                0x0000000008002c88                SPI3_IRQHandler
                0x0000000008002c88                I2C1_ER_IRQHandler
                0x0000000008002c88                FMC_IRQHandler
                0x0000000008002c88                SWPMI1_IRQHandler
                0x0000000008002c88                LPTIM1_IRQHandler
                0x0000000008002c88                SAI1_IRQHandler
                0x0000000008002c88                DMA2_Channel3_IRQHandler
                0x0000000008002c88                TIM1_BRK_TIM15_IRQHandler
 *fill*         0x0000000008002c8a        0x2 
 .text.HAL_Init
                0x0000000008002c8c       0x40 Drivers/STM32L4xx_HAL_Driver/Src/stm32l4xx_hal.o
                0x0000000008002c8c                HAL_Init
 .text.HAL_IncTick
                0x0000000008002ccc       0x28 Drivers/STM32L4xx_HAL_Driver/Src/stm32l4xx_hal.o
                0x0000000008002ccc                HAL_IncTick
 .text.HAL_GetTick
                0x0000000008002cf4       0x18 Drivers/STM32L4xx_HAL_Driver/Src/stm32l4xx_hal.o
                0x0000000008002cf4                HAL_GetTick
 .text.HAL_Delay
                0x0000000008002d0c       0x48 Drivers/STM32L4xx_HAL_Driver/Src/stm32l4xx_hal.o
                0x0000000008002d0c                HAL_Delay
 .text.LL_ADC_SetCommonClock
                0x0000000008002d54       0x26 Drivers/STM32L4xx_HAL_Driver/Src/stm32l4xx_hal_adc.o
 .text.LL_ADC_SetCommonPathInternalCh
                0x0000000008002d7a       0x26 Drivers/STM32L4xx_HAL_Driver/Src/stm32l4xx_hal_adc.o
 .text.LL_ADC_GetCommonPathInternalCh
                0x0000000008002da0       0x1c Drivers/STM32L4xx_HAL_Driver/Src/stm32l4xx_hal_adc.o
 .text.LL_ADC_SetOffset
                0x0000000008002dbc       0x48 Drivers/STM32L4xx_HAL_Driver/Src/stm32l4xx_hal_adc.o
 .text.LL_ADC_GetOffsetChannel
                0x0000000008002e04       0x2c Drivers/STM32L4xx_HAL_Driver/Src/stm32l4xx_hal_adc.o
 .text.LL_ADC_SetOffsetState
                0x0000000008002e30       0x36 Drivers/STM32L4xx_HAL_Driver/Src/stm32l4xx_hal_adc.o
 .text.LL_ADC_REG_IsTriggerSourceSWStart
                0x0000000008002e66       0x26 Drivers/STM32L4xx_HAL_Driver/Src/stm32l4xx_hal_adc.o
 .text.LL_ADC_REG_SetSequencerRanks
                0x0000000008002e8c       0x58 Drivers/STM32L4xx_HAL_Driver/Src/stm32l4xx_hal_adc.o
 .text.LL_ADC_INJ_IsTriggerSourceSWStart
                0x0000000008002ee4       0x26 Drivers/STM32L4xx_HAL_Driver/Src/stm32l4xx_hal_adc.o
 .text.LL_ADC_SetChannelSamplingTime
                0x0000000008002f0a       0x56 Drivers/STM32L4xx_HAL_Driver/Src/stm32l4xx_hal_adc.o
 .text.LL_ADC_SetChannelSingleDiff
                0x0000000008002f60       0x48 Drivers/STM32L4xx_HAL_Driver/Src/stm32l4xx_hal_adc.o
 .text.LL_ADC_GetMultimode
                0x0000000008002fa8       0x1c Drivers/STM32L4xx_HAL_Driver/Src/stm32l4xx_hal_adc.o
 .text.LL_ADC_GetMultiDMATransfer
                0x0000000008002fc4       0x1c Drivers/STM32L4xx_HAL_Driver/Src/stm32l4xx_hal_adc.o
 .text.LL_ADC_DisableDeepPowerDown
                0x0000000008002fe0       0x24 Drivers/STM32L4xx_HAL_Driver/Src/stm32l4xx_hal_adc.o
 .text.LL_ADC_IsDeepPowerDownEnabled
                0x0000000008003004       0x28 Drivers/STM32L4xx_HAL_Driver/Src/stm32l4xx_hal_adc.o
 .text.LL_ADC_EnableInternalRegulator
                0x000000000800302c       0x28 Drivers/STM32L4xx_HAL_Driver/Src/stm32l4xx_hal_adc.o
 .text.LL_ADC_IsInternalRegulatorEnabled
                0x0000000008003054       0x28 Drivers/STM32L4xx_HAL_Driver/Src/stm32l4xx_hal_adc.o
 .text.LL_ADC_IsEnabled
                0x000000000800307c       0x26 Drivers/STM32L4xx_HAL_Driver/Src/stm32l4xx_hal_adc.o
 .text.LL_ADC_REG_IsConversionOngoing
                0x00000000080030a2       0x26 Drivers/STM32L4xx_HAL_Driver/Src/stm32l4xx_hal_adc.o
 .text.LL_ADC_INJ_IsConversionOngoing
                0x00000000080030c8       0x26 Drivers/STM32L4xx_HAL_Driver/Src/stm32l4xx_hal_adc.o
 *fill*         0x00000000080030ee        0x2 
 .text.HAL_ADC_Init
                0x00000000080030f0      0x2ac Drivers/STM32L4xx_HAL_Driver/Src/stm32l4xx_hal_adc.o
                0x00000000080030f0                HAL_ADC_Init
 .text.HAL_ADC_IRQHandler
                0x000000000800339c      0x434 Drivers/STM32L4xx_HAL_Driver/Src/stm32l4xx_hal_adc.o
                0x000000000800339c                HAL_ADC_IRQHandler
 .text.HAL_ADC_ConvCpltCallback
                0x00000000080037d0       0x14 Drivers/STM32L4xx_HAL_Driver/Src/stm32l4xx_hal_adc.o
                0x00000000080037d0                HAL_ADC_ConvCpltCallback
 .text.HAL_ADC_LevelOutOfWindowCallback
                0x00000000080037e4       0x14 Drivers/STM32L4xx_HAL_Driver/Src/stm32l4xx_hal_adc.o
                0x00000000080037e4                HAL_ADC_LevelOutOfWindowCallback
 .text.HAL_ADC_ErrorCallback
                0x00000000080037f8       0x14 Drivers/STM32L4xx_HAL_Driver/Src/stm32l4xx_hal_adc.o
                0x00000000080037f8                HAL_ADC_ErrorCallback
 .text.HAL_ADC_ConfigChannel
                0x000000000800380c      0x7e0 Drivers/STM32L4xx_HAL_Driver/Src/stm32l4xx_hal_adc.o
                0x000000000800380c                HAL_ADC_ConfigChannel
 .text.LL_ADC_IsEnabled
                0x0000000008003fec       0x26 Drivers/STM32L4xx_HAL_Driver/Src/stm32l4xx_hal_adc_ex.o
 .text.LL_ADC_REG_IsConversionOngoing
                0x0000000008004012       0x26 Drivers/STM32L4xx_HAL_Driver/Src/stm32l4xx_hal_adc_ex.o
 .text.HAL_ADCEx_InjectedConvCpltCallback
                0x0000000008004038       0x14 Drivers/STM32L4xx_HAL_Driver/Src/stm32l4xx_hal_adc_ex.o
                0x0000000008004038                HAL_ADCEx_InjectedConvCpltCallback
 .text.HAL_ADCEx_InjectedQueueOverflowCallback
                0x000000000800404c       0x14 Drivers/STM32L4xx_HAL_Driver/Src/stm32l4xx_hal_adc_ex.o
                0x000000000800404c                HAL_ADCEx_InjectedQueueOverflowCallback
 .text.HAL_ADCEx_LevelOutOfWindow2Callback
                0x0000000008004060       0x14 Drivers/STM32L4xx_HAL_Driver/Src/stm32l4xx_hal_adc_ex.o
                0x0000000008004060                HAL_ADCEx_LevelOutOfWindow2Callback
 .text.HAL_ADCEx_LevelOutOfWindow3Callback
                0x0000000008004074       0x14 Drivers/STM32L4xx_HAL_Driver/Src/stm32l4xx_hal_adc_ex.o
                0x0000000008004074                HAL_ADCEx_LevelOutOfWindow3Callback
 .text.HAL_ADCEx_EndOfSamplingCallback
                0x0000000008004088       0x14 Drivers/STM32L4xx_HAL_Driver/Src/stm32l4xx_hal_adc_ex.o
                0x0000000008004088                HAL_ADCEx_EndOfSamplingCallback
 .text.HAL_ADCEx_MultiModeConfigChannel
                0x000000000800409c      0x160 Drivers/STM32L4xx_HAL_Driver/Src/stm32l4xx_hal_adc_ex.o
                0x000000000800409c                HAL_ADCEx_MultiModeConfigChannel
 .text.__NVIC_SetPriorityGrouping
                0x00000000080041fc       0x48 Drivers/STM32L4xx_HAL_Driver/Src/stm32l4xx_hal_cortex.o
 .text.__NVIC_GetPriorityGrouping
                0x0000000008004244       0x1c Drivers/STM32L4xx_HAL_Driver/Src/stm32l4xx_hal_cortex.o
 .text.__NVIC_EnableIRQ
                0x0000000008004260       0x3c Drivers/STM32L4xx_HAL_Driver/Src/stm32l4xx_hal_cortex.o
 .text.__NVIC_SetPriority
                0x000000000800429c       0x54 Drivers/STM32L4xx_HAL_Driver/Src/stm32l4xx_hal_cortex.o
 .text.NVIC_EncodePriority
                0x00000000080042f0       0x66 Drivers/STM32L4xx_HAL_Driver/Src/stm32l4xx_hal_cortex.o
 .text.HAL_NVIC_SetPriorityGrouping
                0x0000000008004356       0x16 Drivers/STM32L4xx_HAL_Driver/Src/stm32l4xx_hal_cortex.o
                0x0000000008004356                HAL_NVIC_SetPriorityGrouping
 .text.HAL_NVIC_SetPriority
                0x000000000800436c       0x38 Drivers/STM32L4xx_HAL_Driver/Src/stm32l4xx_hal_cortex.o
                0x000000000800436c                HAL_NVIC_SetPriority
 .text.HAL_NVIC_EnableIRQ
                0x00000000080043a4       0x1c Drivers/STM32L4xx_HAL_Driver/Src/stm32l4xx_hal_cortex.o
                0x00000000080043a4                HAL_NVIC_EnableIRQ
 .text.HAL_GPIO_Init
                0x00000000080043c0      0x354 Drivers/STM32L4xx_HAL_Driver/Src/stm32l4xx_hal_gpio.o
                0x00000000080043c0                HAL_GPIO_Init
 .text.HAL_GPIO_WritePin
                0x0000000008004714       0x30 Drivers/STM32L4xx_HAL_Driver/Src/stm32l4xx_hal_gpio.o
                0x0000000008004714                HAL_GPIO_WritePin
 .text.HAL_I2C_Init
                0x0000000008004744      0x11e Drivers/STM32L4xx_HAL_Driver/Src/stm32l4xx_hal_i2c.o
                0x0000000008004744                HAL_I2C_Init
 .text.HAL_I2CEx_ConfigAnalogFilter
                0x0000000008004862       0x96 Drivers/STM32L4xx_HAL_Driver/Src/stm32l4xx_hal_i2c_ex.o
                0x0000000008004862                HAL_I2CEx_ConfigAnalogFilter
 .text.HAL_I2CEx_ConfigDigitalFilter
                0x00000000080048f8       0x98 Drivers/STM32L4xx_HAL_Driver/Src/stm32l4xx_hal_i2c_ex.o
                0x00000000080048f8                HAL_I2CEx_ConfigDigitalFilter
 .text.HAL_PWREx_GetVoltageRange
                0x0000000008004990       0x1c Drivers/STM32L4xx_HAL_Driver/Src/stm32l4xx_hal_pwr_ex.o
                0x0000000008004990                HAL_PWREx_GetVoltageRange
 .text.HAL_PWREx_ControlVoltageScaling
                0x00000000080049ac       0xac Drivers/STM32L4xx_HAL_Driver/Src/stm32l4xx_hal_pwr_ex.o
                0x00000000080049ac                HAL_PWREx_ControlVoltageScaling
 .text.HAL_RCC_OscConfig
                0x0000000008004a58      0x7cc Drivers/STM32L4xx_HAL_Driver/Src/stm32l4xx_hal_rcc.o
                0x0000000008004a58                HAL_RCC_OscConfig
 .text.HAL_RCC_ClockConfig
                0x0000000008005224      0x1c4 Drivers/STM32L4xx_HAL_Driver/Src/stm32l4xx_hal_rcc.o
                0x0000000008005224                HAL_RCC_ClockConfig
 .text.HAL_RCC_GetSysClockFreq
                0x00000000080053e8      0x118 Drivers/STM32L4xx_HAL_Driver/Src/stm32l4xx_hal_rcc.o
                0x00000000080053e8                HAL_RCC_GetSysClockFreq
 .text.HAL_RCC_GetHCLKFreq
                0x0000000008005500       0x18 Drivers/STM32L4xx_HAL_Driver/Src/stm32l4xx_hal_rcc.o
                0x0000000008005500                HAL_RCC_GetHCLKFreq
 .text.HAL_RCC_GetPCLK1Freq
                0x0000000008005518       0x2c Drivers/STM32L4xx_HAL_Driver/Src/stm32l4xx_hal_rcc.o
                0x0000000008005518                HAL_RCC_GetPCLK1Freq
 .text.HAL_RCC_GetPCLK2Freq
                0x0000000008005544       0x2c Drivers/STM32L4xx_HAL_Driver/Src/stm32l4xx_hal_rcc.o
                0x0000000008005544                HAL_RCC_GetPCLK2Freq
 .text.HAL_RCC_GetClockConfig
                0x0000000008005570       0x64 Drivers/STM32L4xx_HAL_Driver/Src/stm32l4xx_hal_rcc.o
                0x0000000008005570                HAL_RCC_GetClockConfig
 .text.RCC_SetFlashLatencyFromMSIRange
                0x00000000080055d4       0xc0 Drivers/STM32L4xx_HAL_Driver/Src/stm32l4xx_hal_rcc.o
 .text.HAL_RCCEx_PeriphCLKConfig
                0x0000000008005694      0x5d4 Drivers/STM32L4xx_HAL_Driver/Src/stm32l4xx_hal_rcc_ex.o
                0x0000000008005694                HAL_RCCEx_PeriphCLKConfig
 .text.RCCEx_PLLSAI1_Config
                0x0000000008005c68      0x1e8 Drivers/STM32L4xx_HAL_Driver/Src/stm32l4xx_hal_rcc_ex.o
 .text.RCCEx_PLLSAI2_Config
                0x0000000008005e50      0x1bc Drivers/STM32L4xx_HAL_Driver/Src/stm32l4xx_hal_rcc_ex.o
 .text.HAL_SPI_Init
                0x000000000800600c      0x146 Drivers/STM32L4xx_HAL_Driver/Src/stm32l4xx_hal_spi.o
                0x000000000800600c                HAL_SPI_Init
 .text.HAL_SPI_Transmit
                0x0000000008006152      0x2dc Drivers/STM32L4xx_HAL_Driver/Src/stm32l4xx_hal_spi.o
                0x0000000008006152                HAL_SPI_Transmit
 .text.HAL_SPI_TransmitReceive
                0x000000000800642e      0x426 Drivers/STM32L4xx_HAL_Driver/Src/stm32l4xx_hal_spi.o
                0x000000000800642e                HAL_SPI_TransmitReceive
 .text.SPI_WaitFlagStateUntilTimeout
                0x0000000008006854      0x110 Drivers/STM32L4xx_HAL_Driver/Src/stm32l4xx_hal_spi.o
 .text.SPI_WaitFifoStateUntilTimeout
                0x0000000008006964      0x124 Drivers/STM32L4xx_HAL_Driver/Src/stm32l4xx_hal_spi.o
 .text.SPI_EndRxTxTransaction
                0x0000000008006a88       0x8c Drivers/STM32L4xx_HAL_Driver/Src/stm32l4xx_hal_spi.o
 .text.HAL_TIM_Base_Init
                0x0000000008006b14       0xae Drivers/STM32L4xx_HAL_Driver/Src/stm32l4xx_hal_tim.o
                0x0000000008006b14                HAL_TIM_Base_Init
 *fill*         0x0000000008006bc2        0x2 
 .text.HAL_TIM_Base_Start_IT
                0x0000000008006bc4       0xe0 Drivers/STM32L4xx_HAL_Driver/Src/stm32l4xx_hal_tim.o
                0x0000000008006bc4                HAL_TIM_Base_Start_IT
 .text.HAL_TIM_PWM_Init
                0x0000000008006ca4       0xae Drivers/STM32L4xx_HAL_Driver/Src/stm32l4xx_hal_tim.o
                0x0000000008006ca4                HAL_TIM_PWM_Init
 *fill*         0x0000000008006d52        0x2 
 .text.HAL_TIM_PWM_Start_IT
                0x0000000008006d54      0x298 Drivers/STM32L4xx_HAL_Driver/Src/stm32l4xx_hal_tim.o
                0x0000000008006d54                HAL_TIM_PWM_Start_IT
 .text.HAL_TIM_PWM_Stop_IT
                0x0000000008006fec      0x1b8 Drivers/STM32L4xx_HAL_Driver/Src/stm32l4xx_hal_tim.o
                0x0000000008006fec                HAL_TIM_PWM_Stop_IT
 .text.HAL_TIM_IRQHandler
                0x00000000080071a4      0x23e Drivers/STM32L4xx_HAL_Driver/Src/stm32l4xx_hal_tim.o
                0x00000000080071a4                HAL_TIM_IRQHandler
 *fill*         0x00000000080073e2        0x2 
 .text.HAL_TIM_PWM_ConfigChannel
                0x00000000080073e4      0x220 Drivers/STM32L4xx_HAL_Driver/Src/stm32l4xx_hal_tim.o
                0x00000000080073e4                HAL_TIM_PWM_ConfigChannel
 .text.HAL_TIM_OC_DelayElapsedCallback
                0x0000000008007604       0x14 Drivers/STM32L4xx_HAL_Driver/Src/stm32l4xx_hal_tim.o
                0x0000000008007604                HAL_TIM_OC_DelayElapsedCallback
 .text.HAL_TIM_IC_CaptureCallback
                0x0000000008007618       0x14 Drivers/STM32L4xx_HAL_Driver/Src/stm32l4xx_hal_tim.o
                0x0000000008007618                HAL_TIM_IC_CaptureCallback
 .text.HAL_TIM_PWM_PulseFinishedCallback
                0x000000000800762c       0x14 Drivers/STM32L4xx_HAL_Driver/Src/stm32l4xx_hal_tim.o
                0x000000000800762c                HAL_TIM_PWM_PulseFinishedCallback
 .text.HAL_TIM_TriggerCallback
                0x0000000008007640       0x14 Drivers/STM32L4xx_HAL_Driver/Src/stm32l4xx_hal_tim.o
                0x0000000008007640                HAL_TIM_TriggerCallback
 .text.TIM_Base_SetConfig
                0x0000000008007654      0x134 Drivers/STM32L4xx_HAL_Driver/Src/stm32l4xx_hal_tim.o
                0x0000000008007654                TIM_Base_SetConfig
 .text.TIM_OC1_SetConfig
                0x0000000008007788      0x120 Drivers/STM32L4xx_HAL_Driver/Src/stm32l4xx_hal_tim.o
 .text.TIM_OC2_SetConfig
                0x00000000080078a8      0x114 Drivers/STM32L4xx_HAL_Driver/Src/stm32l4xx_hal_tim.o
                0x00000000080078a8                TIM_OC2_SetConfig
 .text.TIM_OC3_SetConfig
                0x00000000080079bc      0x110 Drivers/STM32L4xx_HAL_Driver/Src/stm32l4xx_hal_tim.o
 .text.TIM_OC4_SetConfig
                0x0000000008007acc       0xd4 Drivers/STM32L4xx_HAL_Driver/Src/stm32l4xx_hal_tim.o
 .text.TIM_OC5_SetConfig
                0x0000000008007ba0       0xc8 Drivers/STM32L4xx_HAL_Driver/Src/stm32l4xx_hal_tim.o
 .text.TIM_OC6_SetConfig
                0x0000000008007c68       0xcc Drivers/STM32L4xx_HAL_Driver/Src/stm32l4xx_hal_tim.o
 .text.TIM_CCxChannelCmd
                0x0000000008007d34       0x4a Drivers/STM32L4xx_HAL_Driver/Src/stm32l4xx_hal_tim.o
                0x0000000008007d34                TIM_CCxChannelCmd
 *fill*         0x0000000008007d7e        0x2 
 .text.HAL_TIMEx_MasterConfigSynchronization
                0x0000000008007d80      0x110 Drivers/STM32L4xx_HAL_Driver/Src/stm32l4xx_hal_tim_ex.o
                0x0000000008007d80                HAL_TIMEx_MasterConfigSynchronization
 .text.HAL_TIMEx_ConfigBreakDeadTime
                0x0000000008007e90       0xfc Drivers/STM32L4xx_HAL_Driver/Src/stm32l4xx_hal_tim_ex.o
                0x0000000008007e90                HAL_TIMEx_ConfigBreakDeadTime
 .text.HAL_TIMEx_CommutCallback
                0x0000000008007f8c       0x14 Drivers/STM32L4xx_HAL_Driver/Src/stm32l4xx_hal_tim_ex.o
                0x0000000008007f8c                HAL_TIMEx_CommutCallback
 .text.HAL_TIMEx_BreakCallback
                0x0000000008007fa0       0x14 Drivers/STM32L4xx_HAL_Driver/Src/stm32l4xx_hal_tim_ex.o
                0x0000000008007fa0                HAL_TIMEx_BreakCallback
 .text.HAL_TIMEx_Break2Callback
                0x0000000008007fb4       0x14 Drivers/STM32L4xx_HAL_Driver/Src/stm32l4xx_hal_tim_ex.o
                0x0000000008007fb4                HAL_TIMEx_Break2Callback
 .text.HAL_UART_Init
                0x0000000008007fc8       0x9c Drivers/STM32L4xx_HAL_Driver/Src/stm32l4xx_hal_uart.o
                0x0000000008007fc8                HAL_UART_Init
 .text.HAL_UART_Transmit
                0x0000000008008064      0x128 Drivers/STM32L4xx_HAL_Driver/Src/stm32l4xx_hal_uart.o
                0x0000000008008064                HAL_UART_Transmit
 .text.UART_SetConfig
                0x000000000800818c      0x514 Drivers/STM32L4xx_HAL_Driver/Src/stm32l4xx_hal_uart.o
                0x000000000800818c                UART_SetConfig
 .text.UART_AdvFeatureConfig
                0x00000000080086a0      0x144 Drivers/STM32L4xx_HAL_Driver/Src/stm32l4xx_hal_uart.o
                0x00000000080086a0                UART_AdvFeatureConfig
 .text.UART_CheckIdleState
                0x00000000080087e4       0x92 Drivers/STM32L4xx_HAL_Driver/Src/stm32l4xx_hal_uart.o
                0x00000000080087e4                UART_CheckIdleState
 .text.UART_WaitOnFlagUntilTimeout
                0x0000000008008876       0xf8 Drivers/STM32L4xx_HAL_Driver/Src/stm32l4xx_hal_uart.o
                0x0000000008008876                UART_WaitOnFlagUntilTimeout
 *fill*         0x000000000800896e        0x2 
 .text.MX_FATFS_Init
                0x0000000008008970       0x24 FATFS/App/fatfs.o
                0x0000000008008970                MX_FATFS_Init
 .text.USER_initialize
                0x0000000008008994       0x1c FATFS/Target/user_diskio.o
                0x0000000008008994                USER_initialize
 .text.USER_status
                0x00000000080089b0       0x1c FATFS/Target/user_diskio.o
                0x00000000080089b0                USER_status
 .text.USER_read
                0x00000000080089cc       0x26 FATFS/Target/user_diskio.o
                0x00000000080089cc                USER_read
 .text.USER_write
                0x00000000080089f2       0x26 FATFS/Target/user_diskio.o
                0x00000000080089f2                USER_write
 .text.USER_ioctl
                0x0000000008008a18       0x26 FATFS/Target/user_diskio.o
                0x0000000008008a18                USER_ioctl
 *fill*         0x0000000008008a3e        0x2 
 .text.FATFS_LinkDriverEx
                0x0000000008008a40       0x98 Middlewares/Third_Party/FatFs/src/ff_gen_drv.o
                0x0000000008008a40                FATFS_LinkDriverEx
 .text.FATFS_LinkDriver
                0x0000000008008ad8       0x1e Middlewares/Third_Party/FatFs/src/ff_gen_drv.o
                0x0000000008008ad8                FATFS_LinkDriver
 *fill*         0x0000000008008af6        0x2 
 .text.__NVIC_SetPriority
                0x0000000008008af8       0x54 Middlewares/Third_Party/FreeRTOS/Source/CMSIS_RTOS_V2/cmsis_os2.o
 .text.SysTick_Handler
                0x0000000008008b4c       0x20 Middlewares/Third_Party/FreeRTOS/Source/CMSIS_RTOS_V2/cmsis_os2.o
                0x0000000008008b4c                SysTick_Handler
 .text.SVC_Setup
                0x0000000008008b6c       0x12 Middlewares/Third_Party/FreeRTOS/Source/CMSIS_RTOS_V2/cmsis_os2.o
 *fill*         0x0000000008008b7e        0x2 
 .text.osKernelInitialize
                0x0000000008008b80       0x48 Middlewares/Third_Party/FreeRTOS/Source/CMSIS_RTOS_V2/cmsis_os2.o
                0x0000000008008b80                osKernelInitialize
 .text.osKernelStart
                0x0000000008008bc8       0x4c Middlewares/Third_Party/FreeRTOS/Source/CMSIS_RTOS_V2/cmsis_os2.o
                0x0000000008008bc8                osKernelStart
 .text.osThreadNew
                0x0000000008008c14      0x124 Middlewares/Third_Party/FreeRTOS/Source/CMSIS_RTOS_V2/cmsis_os2.o
                0x0000000008008c14                osThreadNew
 .text.osDelay  0x0000000008008d38       0x36 Middlewares/Third_Party/FreeRTOS/Source/CMSIS_RTOS_V2/cmsis_os2.o
                0x0000000008008d38                osDelay
 .text.osDelayUntil
                0x0000000008008d6e       0x5a Middlewares/Third_Party/FreeRTOS/Source/CMSIS_RTOS_V2/cmsis_os2.o
                0x0000000008008d6e                osDelayUntil
 .text.osEventFlagsNew
                0x0000000008008dc8       0x7e Middlewares/Third_Party/FreeRTOS/Source/CMSIS_RTOS_V2/cmsis_os2.o
                0x0000000008008dc8                osEventFlagsNew
 .text.osEventFlagsWait
                0x0000000008008e46       0xcc Middlewares/Third_Party/FreeRTOS/Source/CMSIS_RTOS_V2/cmsis_os2.o
                0x0000000008008e46                osEventFlagsWait
 *fill*         0x0000000008008f12        0x2 
 .text.vApplicationGetIdleTaskMemory
                0x0000000008008f14       0x34 Middlewares/Third_Party/FreeRTOS/Source/CMSIS_RTOS_V2/cmsis_os2.o
                0x0000000008008f14                vApplicationGetIdleTaskMemory
 .text.vApplicationGetTimerTaskMemory
                0x0000000008008f48       0x34 Middlewares/Third_Party/FreeRTOS/Source/CMSIS_RTOS_V2/cmsis_os2.o
                0x0000000008008f48                vApplicationGetTimerTaskMemory
 .text.xEventGroupCreateStatic
                0x0000000008008f7c       0x6e Middlewares/Third_Party/FreeRTOS/Source/event_groups.o
                0x0000000008008f7c                xEventGroupCreateStatic
 .text.xEventGroupCreate
                0x0000000008008fea       0x34 Middlewares/Third_Party/FreeRTOS/Source/event_groups.o
                0x0000000008008fea                xEventGroupCreate
 *fill*         0x000000000800901e        0x2 
 .text.xEventGroupWaitBits
                0x0000000008009020      0x19c Middlewares/Third_Party/FreeRTOS/Source/event_groups.o
                0x0000000008009020                xEventGroupWaitBits
 .text.prvTestWaitCondition
                0x00000000080091bc       0x44 Middlewares/Third_Party/FreeRTOS/Source/event_groups.o
 .text.vListInitialise
                0x0000000008009200       0x40 Middlewares/Third_Party/FreeRTOS/Source/list.o
                0x0000000008009200                vListInitialise
 .text.vListInitialiseItem
                0x0000000008009240       0x1a Middlewares/Third_Party/FreeRTOS/Source/list.o
                0x0000000008009240                vListInitialiseItem
 .text.vListInsertEnd
                0x000000000800925a       0x48 Middlewares/Third_Party/FreeRTOS/Source/list.o
                0x000000000800925a                vListInsertEnd
 .text.vListInsert
                0x00000000080092a2       0x72 Middlewares/Third_Party/FreeRTOS/Source/list.o
                0x00000000080092a2                vListInsert
 .text.uxListRemove
                0x0000000008009314       0x54 Middlewares/Third_Party/FreeRTOS/Source/list.o
                0x0000000008009314                uxListRemove
 .text.xQueueGenericReset
                0x0000000008009368       0xd0 Middlewares/Third_Party/FreeRTOS/Source/queue.o
                0x0000000008009368                xQueueGenericReset
 .text.xQueueGenericCreateStatic
                0x0000000008009438       0xf0 Middlewares/Third_Party/FreeRTOS/Source/queue.o
                0x0000000008009438                xQueueGenericCreateStatic
 .text.prvInitialiseNewQueue
                0x0000000008009528       0x46 Middlewares/Third_Party/FreeRTOS/Source/queue.o
 *fill*         0x000000000800956e        0x2 
 .text.xQueueGenericSend
                0x0000000008009570      0x1fc Middlewares/Third_Party/FreeRTOS/Source/queue.o
                0x0000000008009570                xQueueGenericSend
 .text.xQueueGenericSendFromISR
                0x000000000800976c      0x136 Middlewares/Third_Party/FreeRTOS/Source/queue.o
                0x000000000800976c                xQueueGenericSendFromISR
 *fill*         0x00000000080098a2        0x2 
 .text.xQueueReceive
                0x00000000080098a4      0x1c0 Middlewares/Third_Party/FreeRTOS/Source/queue.o
                0x00000000080098a4                xQueueReceive
 .text.prvCopyDataToQueue
                0x0000000008009a64       0xd4 Middlewares/Third_Party/FreeRTOS/Source/queue.o
 .text.prvCopyDataFromQueue
                0x0000000008009b38       0x4c Middlewares/Third_Party/FreeRTOS/Source/queue.o
 .text.prvUnlockQueue
                0x0000000008009b84       0xa4 Middlewares/Third_Party/FreeRTOS/Source/queue.o
 .text.prvIsQueueEmpty
                0x0000000008009c28       0x2c Middlewares/Third_Party/FreeRTOS/Source/queue.o
 .text.prvIsQueueFull
                0x0000000008009c54       0x30 Middlewares/Third_Party/FreeRTOS/Source/queue.o
 .text.vQueueAddToRegistry
                0x0000000008009c84       0x54 Middlewares/Third_Party/FreeRTOS/Source/queue.o
                0x0000000008009c84                vQueueAddToRegistry
 .text.vQueueWaitForMessageRestricted
                0x0000000008009cd8       0x68 Middlewares/Third_Party/FreeRTOS/Source/queue.o
                0x0000000008009cd8                vQueueWaitForMessageRestricted
 .text.xTaskCreateStatic
                0x0000000008009d40       0xba Middlewares/Third_Party/FreeRTOS/Source/tasks.o
                0x0000000008009d40                xTaskCreateStatic
 .text.xTaskCreate
                0x0000000008009dfa       0x8a Middlewares/Third_Party/FreeRTOS/Source/tasks.o
                0x0000000008009dfa                xTaskCreate
 .text.prvInitialiseNewTask
                0x0000000008009e84      0x11e Middlewares/Third_Party/FreeRTOS/Source/tasks.o
 *fill*         0x0000000008009fa2        0x2 
 .text.prvAddNewTaskToReadyList
                0x0000000008009fa4       0xe0 Middlewares/Third_Party/FreeRTOS/Source/tasks.o
 .text.vTaskDelayUntil
                0x000000000800a084       0xfc Middlewares/Third_Party/FreeRTOS/Source/tasks.o
                0x000000000800a084                vTaskDelayUntil
 .text.vTaskDelay
                0x000000000800a180       0x68 Middlewares/Third_Party/FreeRTOS/Source/tasks.o
                0x000000000800a180                vTaskDelay
 .text.vTaskStartScheduler
                0x000000000800a1e8       0xcc Middlewares/Third_Party/FreeRTOS/Source/tasks.o
                0x000000000800a1e8                vTaskStartScheduler
 .text.vTaskSuspendAll
                0x000000000800a2b4       0x1c Middlewares/Third_Party/FreeRTOS/Source/tasks.o
                0x000000000800a2b4                vTaskSuspendAll
 .text.xTaskResumeAll
                0x000000000800a2d0      0x13c Middlewares/Third_Party/FreeRTOS/Source/tasks.o
                0x000000000800a2d0                xTaskResumeAll
 .text.xTaskGetTickCount
                0x000000000800a40c       0x20 Middlewares/Third_Party/FreeRTOS/Source/tasks.o
                0x000000000800a40c                xTaskGetTickCount
 .text.xTaskIncrementTick
                0x000000000800a42c      0x174 Middlewares/Third_Party/FreeRTOS/Source/tasks.o
                0x000000000800a42c                xTaskIncrementTick
 .text.vTaskSwitchContext
                0x000000000800a5a0       0xbc Middlewares/Third_Party/FreeRTOS/Source/tasks.o
                0x000000000800a5a0                vTaskSwitchContext
 .text.vTaskPlaceOnEventList
                0x000000000800a65c       0x48 Middlewares/Third_Party/FreeRTOS/Source/tasks.o
                0x000000000800a65c                vTaskPlaceOnEventList
 .text.vTaskPlaceOnUnorderedEventList
                0x000000000800a6a4       0x78 Middlewares/Third_Party/FreeRTOS/Source/tasks.o
                0x000000000800a6a4                vTaskPlaceOnUnorderedEventList
 .text.vTaskPlaceOnEventListRestricted
                0x000000000800a71c       0x58 Middlewares/Third_Party/FreeRTOS/Source/tasks.o
                0x000000000800a71c                vTaskPlaceOnEventListRestricted
 .text.xTaskRemoveFromEventList
                0x000000000800a774       0xc8 Middlewares/Third_Party/FreeRTOS/Source/tasks.o
                0x000000000800a774                xTaskRemoveFromEventList
 .text.vTaskInternalSetTimeOutState
                0x000000000800a83c       0x2c Middlewares/Third_Party/FreeRTOS/Source/tasks.o
                0x000000000800a83c                vTaskInternalSetTimeOutState
 .text.xTaskCheckForTimeOut
                0x000000000800a868       0xc4 Middlewares/Third_Party/FreeRTOS/Source/tasks.o
                0x000000000800a868                xTaskCheckForTimeOut
 .text.vTaskMissedYield
                0x000000000800a92c       0x18 Middlewares/Third_Party/FreeRTOS/Source/tasks.o
                0x000000000800a92c                vTaskMissedYield
 .text.prvIdleTask
                0x000000000800a944       0x30 Middlewares/Third_Party/FreeRTOS/Source/tasks.o
 .text.prvInitialiseTaskLists
                0x000000000800a974       0x80 Middlewares/Third_Party/FreeRTOS/Source/tasks.o
 .text.prvCheckTasksWaitingTermination
                0x000000000800a9f4       0x5c Middlewares/Third_Party/FreeRTOS/Source/tasks.o
 .text.prvDeleteTCB
                0x000000000800aa50       0x5e Middlewares/Third_Party/FreeRTOS/Source/tasks.o
 *fill*         0x000000000800aaae        0x2 
 .text.prvResetNextTaskUnblockTime
                0x000000000800aab0       0x40 Middlewares/Third_Party/FreeRTOS/Source/tasks.o
 .text.xTaskGetSchedulerState
                0x000000000800aaf0       0x3c Middlewares/Third_Party/FreeRTOS/Source/tasks.o
                0x000000000800aaf0                xTaskGetSchedulerState
 .text.xTaskPriorityDisinherit
                0x000000000800ab2c       0xdc Middlewares/Third_Party/FreeRTOS/Source/tasks.o
                0x000000000800ab2c                xTaskPriorityDisinherit
 .text.uxTaskResetEventItemValue
                0x000000000800ac08       0x30 Middlewares/Third_Party/FreeRTOS/Source/tasks.o
                0x000000000800ac08                uxTaskResetEventItemValue
 .text.prvAddCurrentTaskToDelayedList
                0x000000000800ac38       0xa8 Middlewares/Third_Party/FreeRTOS/Source/tasks.o
 .text.xTimerCreateTimerTask
                0x000000000800ace0       0x90 Middlewares/Third_Party/FreeRTOS/Source/timers.o
                0x000000000800ace0                xTimerCreateTimerTask
 .text.xTimerGenericCommand
                0x000000000800ad70       0x9c Middlewares/Third_Party/FreeRTOS/Source/timers.o
                0x000000000800ad70                xTimerGenericCommand
 .text.prvProcessExpiredTimer
                0x000000000800ae0c       0x98 Middlewares/Third_Party/FreeRTOS/Source/timers.o
 .text.prvTimerTask
                0x000000000800aea4       0x24 Middlewares/Third_Party/FreeRTOS/Source/timers.o
 .text.prvProcessTimerOrBlockTask
                0x000000000800aec8       0x9c Middlewares/Third_Party/FreeRTOS/Source/timers.o
 .text.prvGetNextExpireTime
                0x000000000800af64       0x48 Middlewares/Third_Party/FreeRTOS/Source/timers.o
 .text.prvSampleTimeNow
                0x000000000800afac       0x40 Middlewares/Third_Party/FreeRTOS/Source/timers.o
 .text.prvInsertTimerInActiveList
                0x000000000800afec       0x84 Middlewares/Third_Party/FreeRTOS/Source/timers.o
 .text.prvProcessReceivedCommands
                0x000000000800b070      0x1c4 Middlewares/Third_Party/FreeRTOS/Source/timers.o
 .text.prvSwitchTimerLists
                0x000000000800b234       0xc8 Middlewares/Third_Party/FreeRTOS/Source/timers.o
 .text.prvCheckForValidListAndQueue
                0x000000000800b2fc       0x80 Middlewares/Third_Party/FreeRTOS/Source/timers.o
 .text.pxPortInitialiseStack
                0x000000000800b37c       0x68 Middlewares/Third_Party/FreeRTOS/Source/portable/GCC/ARM_CM4F/port.o
                0x000000000800b37c                pxPortInitialiseStack
 .text.prvTaskExitError
                0x000000000800b3e4       0x58 Middlewares/Third_Party/FreeRTOS/Source/portable/GCC/ARM_CM4F/port.o
 *fill*         0x000000000800b43c        0x4 
 .text.SVC_Handler
                0x000000000800b440       0x28 Middlewares/Third_Party/FreeRTOS/Source/portable/GCC/ARM_CM4F/port.o
                0x000000000800b440                SVC_Handler
 .text.prvPortStartFirstTask
                0x000000000800b468       0x28 Middlewares/Third_Party/FreeRTOS/Source/portable/GCC/ARM_CM4F/port.o
 .text.xPortStartScheduler
                0x000000000800b490      0x144 Middlewares/Third_Party/FreeRTOS/Source/portable/GCC/ARM_CM4F/port.o
                0x000000000800b490                xPortStartScheduler
 .text.vPortEnterCritical
                0x000000000800b5d4       0x60 Middlewares/Third_Party/FreeRTOS/Source/portable/GCC/ARM_CM4F/port.o
                0x000000000800b5d4                vPortEnterCritical
 .text.vPortExitCritical
                0x000000000800b634       0x54 Middlewares/Third_Party/FreeRTOS/Source/portable/GCC/ARM_CM4F/port.o
                0x000000000800b634                vPortExitCritical
 *fill*         0x000000000800b688        0x8 
 .text.PendSV_Handler
                0x000000000800b690       0x68 Middlewares/Third_Party/FreeRTOS/Source/portable/GCC/ARM_CM4F/port.o
                0x000000000800b690                PendSV_Handler
 .text.xPortSysTickHandler
                0x000000000800b6f8       0x44 Middlewares/Third_Party/FreeRTOS/Source/portable/GCC/ARM_CM4F/port.o
                0x000000000800b6f8                xPortSysTickHandler
 .text.vPortSetupTimerInterrupt
                0x000000000800b73c       0x48 Middlewares/Third_Party/FreeRTOS/Source/portable/GCC/ARM_CM4F/port.o
                0x000000000800b73c                vPortSetupTimerInterrupt
 .text.vPortEnableVFP
                0x000000000800b784       0x14 Middlewares/Third_Party/FreeRTOS/Source/portable/GCC/ARM_CM4F/port.o
 .text.vPortValidateInterruptPriority
                0x000000000800b798       0x80 Middlewares/Third_Party/FreeRTOS/Source/portable/GCC/ARM_CM4F/port.o
                0x000000000800b798                vPortValidateInterruptPriority
 .text.pvPortMalloc
                0x000000000800b818      0x198 Middlewares/Third_Party/FreeRTOS/Source/portable/MemMang/heap_4.o
                0x000000000800b818                pvPortMalloc
 .text.vPortFree
                0x000000000800b9b0       0xc4 Middlewares/Third_Party/FreeRTOS/Source/portable/MemMang/heap_4.o
                0x000000000800b9b0                vPortFree
 .text.prvHeapInit
                0x000000000800ba74       0xc4 Middlewares/Third_Party/FreeRTOS/Source/portable/MemMang/heap_4.o
 .text.prvInsertBlockIntoFreeList
                0x000000000800bb38       0xb4 Middlewares/Third_Party/FreeRTOS/Source/portable/MemMang/heap_4.o
 .text.__errno  0x000000000800bbec        0xc /opt/st/stm32cubeide_1.6.1/plugins/com.st.stm32cube.ide.mcu.externaltools.gnu-tools-for-stm32.9-2020-q2-update.linux64_1.5.0.202011040924/tools/bin/../lib/gcc/arm-none-eabi/9.3.1/../../../../arm-none-eabi/lib/thumb/v7e-m+fp/hard/libc_nano.a(lib_a-errno.o)
                0x000000000800bbec                __errno
 .text.__libc_init_array
                0x000000000800bbf8       0x48 /opt/st/stm32cubeide_1.6.1/plugins/com.st.stm32cube.ide.mcu.externaltools.gnu-tools-for-stm32.9-2020-q2-update.linux64_1.5.0.202011040924/tools/bin/../lib/gcc/arm-none-eabi/9.3.1/../../../../arm-none-eabi/lib/thumb/v7e-m+fp/hard/libc_nano.a(lib_a-init.o)
                0x000000000800bbf8                __libc_init_array
 .text.memcpy   0x000000000800bc40       0x1c /opt/st/stm32cubeide_1.6.1/plugins/com.st.stm32cube.ide.mcu.externaltools.gnu-tools-for-stm32.9-2020-q2-update.linux64_1.5.0.202011040924/tools/bin/../lib/gcc/arm-none-eabi/9.3.1/../../../../arm-none-eabi/lib/thumb/v7e-m+fp/hard/libc_nano.a(lib_a-memcpy-stub.o)
                0x000000000800bc40                memcpy
 .text.memset   0x000000000800bc5c       0x10 /opt/st/stm32cubeide_1.6.1/plugins/com.st.stm32cube.ide.mcu.externaltools.gnu-tools-for-stm32.9-2020-q2-update.linux64_1.5.0.202011040924/tools/bin/../lib/gcc/arm-none-eabi/9.3.1/../../../../arm-none-eabi/lib/thumb/v7e-m+fp/hard/libc_nano.a(lib_a-memset.o)
                0x000000000800bc5c                memset
 .text.printf   0x000000000800bc6c       0x30 /opt/st/stm32cubeide_1.6.1/plugins/com.st.stm32cube.ide.mcu.externaltools.gnu-tools-for-stm32.9-2020-q2-update.linux64_1.5.0.202011040924/tools/bin/../lib/gcc/arm-none-eabi/9.3.1/../../../../arm-none-eabi/lib/thumb/v7e-m+fp/hard/libc_nano.a(lib_a-printf.o)
                0x000000000800bc6c                printf
                0x000000000800bc6c                iprintf
 .text._puts_r  0x000000000800bc9c       0xdc /opt/st/stm32cubeide_1.6.1/plugins/com.st.stm32cube.ide.mcu.externaltools.gnu-tools-for-stm32.9-2020-q2-update.linux64_1.5.0.202011040924/tools/bin/../lib/gcc/arm-none-eabi/9.3.1/../../../../arm-none-eabi/lib/thumb/v7e-m+fp/hard/libc_nano.a(lib_a-puts.o)
                0x000000000800bc9c                _puts_r
 .text.puts     0x000000000800bd78       0x10 /opt/st/stm32cubeide_1.6.1/plugins/com.st.stm32cube.ide.mcu.externaltools.gnu-tools-for-stm32.9-2020-q2-update.linux64_1.5.0.202011040924/tools/bin/../lib/gcc/arm-none-eabi/9.3.1/../../../../arm-none-eabi/lib/thumb/v7e-m+fp/hard/libc_nano.a(lib_a-puts.o)
                0x000000000800bd78                puts
 .text.__swbuf_r
                0x000000000800bd88       0xa4 /opt/st/stm32cubeide_1.6.1/plugins/com.st.stm32cube.ide.mcu.externaltools.gnu-tools-for-stm32.9-2020-q2-update.linux64_1.5.0.202011040924/tools/bin/../lib/gcc/arm-none-eabi/9.3.1/../../../../arm-none-eabi/lib/thumb/v7e-m+fp/hard/libc_nano.a(lib_a-wbuf.o)
                0x000000000800bd88                __swbuf_r
 .text.__swsetup_r
                0x000000000800be2c       0xdc /opt/st/stm32cubeide_1.6.1/plugins/com.st.stm32cube.ide.mcu.externaltools.gnu-tools-for-stm32.9-2020-q2-update.linux64_1.5.0.202011040924/tools/bin/../lib/gcc/arm-none-eabi/9.3.1/../../../../arm-none-eabi/lib/thumb/v7e-m+fp/hard/libc_nano.a(lib_a-wsetup.o)
                0x000000000800be2c                __swsetup_r
 .text.__sflush_r
                0x000000000800bf08      0x10c /opt/st/stm32cubeide_1.6.1/plugins/com.st.stm32cube.ide.mcu.externaltools.gnu-tools-for-stm32.9-2020-q2-update.linux64_1.5.0.202011040924/tools/bin/../lib/gcc/arm-none-eabi/9.3.1/../../../../arm-none-eabi/lib/thumb/v7e-m+fp/hard/libc_nano.a(lib_a-fflush.o)
                0x000000000800bf08                __sflush_r
 .text._fflush_r
                0x000000000800c014       0x78 /opt/st/stm32cubeide_1.6.1/plugins/com.st.stm32cube.ide.mcu.externaltools.gnu-tools-for-stm32.9-2020-q2-update.linux64_1.5.0.202011040924/tools/bin/../lib/gcc/arm-none-eabi/9.3.1/../../../../arm-none-eabi/lib/thumb/v7e-m+fp/hard/libc_nano.a(lib_a-fflush.o)
                0x000000000800c014                _fflush_r
 .text.std      0x000000000800c08c       0x48 /opt/st/stm32cubeide_1.6.1/plugins/com.st.stm32cube.ide.mcu.externaltools.gnu-tools-for-stm32.9-2020-q2-update.linux64_1.5.0.202011040924/tools/bin/../lib/gcc/arm-none-eabi/9.3.1/../../../../arm-none-eabi/lib/thumb/v7e-m+fp/hard/libc_nano.a(lib_a-findfp.o)
 .text._cleanup_r
                0x000000000800c0d4        0xc /opt/st/stm32cubeide_1.6.1/plugins/com.st.stm32cube.ide.mcu.externaltools.gnu-tools-for-stm32.9-2020-q2-update.linux64_1.5.0.202011040924/tools/bin/../lib/gcc/arm-none-eabi/9.3.1/../../../../arm-none-eabi/lib/thumb/v7e-m+fp/hard/libc_nano.a(lib_a-findfp.o)
                0x000000000800c0d4                _cleanup_r
 .text.__sfmoreglue
                0x000000000800c0e0       0x2c /opt/st/stm32cubeide_1.6.1/plugins/com.st.stm32cube.ide.mcu.externaltools.gnu-tools-for-stm32.9-2020-q2-update.linux64_1.5.0.202011040924/tools/bin/../lib/gcc/arm-none-eabi/9.3.1/../../../../arm-none-eabi/lib/thumb/v7e-m+fp/hard/libc_nano.a(lib_a-findfp.o)
                0x000000000800c0e0                __sfmoreglue
 .text.__sfp_lock_acquire
                0x000000000800c10c        0xc /opt/st/stm32cubeide_1.6.1/plugins/com.st.stm32cube.ide.mcu.externaltools.gnu-tools-for-stm32.9-2020-q2-update.linux64_1.5.0.202011040924/tools/bin/../lib/gcc/arm-none-eabi/9.3.1/../../../../arm-none-eabi/lib/thumb/v7e-m+fp/hard/libc_nano.a(lib_a-findfp.o)
                0x000000000800c10c                __sfp_lock_acquire
 .text.__sfp_lock_release
                0x000000000800c118        0xc /opt/st/stm32cubeide_1.6.1/plugins/com.st.stm32cube.ide.mcu.externaltools.gnu-tools-for-stm32.9-2020-q2-update.linux64_1.5.0.202011040924/tools/bin/../lib/gcc/arm-none-eabi/9.3.1/../../../../arm-none-eabi/lib/thumb/v7e-m+fp/hard/libc_nano.a(lib_a-findfp.o)
                0x000000000800c118                __sfp_lock_release
 .text.__sinit_lock_acquire
                0x000000000800c124        0xc /opt/st/stm32cubeide_1.6.1/plugins/com.st.stm32cube.ide.mcu.externaltools.gnu-tools-for-stm32.9-2020-q2-update.linux64_1.5.0.202011040924/tools/bin/../lib/gcc/arm-none-eabi/9.3.1/../../../../arm-none-eabi/lib/thumb/v7e-m+fp/hard/libc_nano.a(lib_a-findfp.o)
                0x000000000800c124                __sinit_lock_acquire
 .text.__sinit_lock_release
                0x000000000800c130        0xc /opt/st/stm32cubeide_1.6.1/plugins/com.st.stm32cube.ide.mcu.externaltools.gnu-tools-for-stm32.9-2020-q2-update.linux64_1.5.0.202011040924/tools/bin/../lib/gcc/arm-none-eabi/9.3.1/../../../../arm-none-eabi/lib/thumb/v7e-m+fp/hard/libc_nano.a(lib_a-findfp.o)
                0x000000000800c130                __sinit_lock_release
 .text.__sinit  0x000000000800c13c       0x70 /opt/st/stm32cubeide_1.6.1/plugins/com.st.stm32cube.ide.mcu.externaltools.gnu-tools-for-stm32.9-2020-q2-update.linux64_1.5.0.202011040924/tools/bin/../lib/gcc/arm-none-eabi/9.3.1/../../../../arm-none-eabi/lib/thumb/v7e-m+fp/hard/libc_nano.a(lib_a-findfp.o)
                0x000000000800c13c                __sinit
 .text.__sfp    0x000000000800c1ac       0x8c /opt/st/stm32cubeide_1.6.1/plugins/com.st.stm32cube.ide.mcu.externaltools.gnu-tools-for-stm32.9-2020-q2-update.linux64_1.5.0.202011040924/tools/bin/../lib/gcc/arm-none-eabi/9.3.1/../../../../arm-none-eabi/lib/thumb/v7e-m+fp/hard/libc_nano.a(lib_a-findfp.o)
                0x000000000800c1ac                __sfp
 .text._fwalk_reent
                0x000000000800c238       0x3e /opt/st/stm32cubeide_1.6.1/plugins/com.st.stm32cube.ide.mcu.externaltools.gnu-tools-for-stm32.9-2020-q2-update.linux64_1.5.0.202011040924/tools/bin/../lib/gcc/arm-none-eabi/9.3.1/../../../../arm-none-eabi/lib/thumb/v7e-m+fp/hard/libc_nano.a(lib_a-fwalk.o)
                0x000000000800c238                _fwalk_reent
 .text.__retarget_lock_init_recursive
                0x000000000800c276        0x2 /opt/st/stm32cubeide_1.6.1/plugins/com.st.stm32cube.ide.mcu.externaltools.gnu-tools-for-stm32.9-2020-q2-update.linux64_1.5.0.202011040924/tools/bin/../lib/gcc/arm-none-eabi/9.3.1/../../../../arm-none-eabi/lib/thumb/v7e-m+fp/hard/libc_nano.a(lib_a-lock.o)
                0x000000000800c276                __retarget_lock_init_recursive
 .text.__retarget_lock_acquire_recursive
                0x000000000800c278        0x2 /opt/st/stm32cubeide_1.6.1/plugins/com.st.stm32cube.ide.mcu.externaltools.gnu-tools-for-stm32.9-2020-q2-update.linux64_1.5.0.202011040924/tools/bin/../lib/gcc/arm-none-eabi/9.3.1/../../../../arm-none-eabi/lib/thumb/v7e-m+fp/hard/libc_nano.a(lib_a-lock.o)
                0x000000000800c278                __retarget_lock_acquire_recursive
 .text.__retarget_lock_release_recursive
                0x000000000800c27a        0x2 /opt/st/stm32cubeide_1.6.1/plugins/com.st.stm32cube.ide.mcu.externaltools.gnu-tools-for-stm32.9-2020-q2-update.linux64_1.5.0.202011040924/tools/bin/../lib/gcc/arm-none-eabi/9.3.1/../../../../arm-none-eabi/lib/thumb/v7e-m+fp/hard/libc_nano.a(lib_a-lock.o)
                0x000000000800c27a                __retarget_lock_release_recursive
 .text.__swhatbuf_r
                0x000000000800c27c       0x48 /opt/st/stm32cubeide_1.6.1/plugins/com.st.stm32cube.ide.mcu.externaltools.gnu-tools-for-stm32.9-2020-q2-update.linux64_1.5.0.202011040924/tools/bin/../lib/gcc/arm-none-eabi/9.3.1/../../../../arm-none-eabi/lib/thumb/v7e-m+fp/hard/libc_nano.a(lib_a-makebuf.o)
                0x000000000800c27c                __swhatbuf_r
 .text.__smakebuf_r
                0x000000000800c2c4       0x80 /opt/st/stm32cubeide_1.6.1/plugins/com.st.stm32cube.ide.mcu.externaltools.gnu-tools-for-stm32.9-2020-q2-update.linux64_1.5.0.202011040924/tools/bin/../lib/gcc/arm-none-eabi/9.3.1/../../../../arm-none-eabi/lib/thumb/v7e-m+fp/hard/libc_nano.a(lib_a-makebuf.o)
                0x000000000800c2c4                __smakebuf_r
 .text._free_r  0x000000000800c344       0xa0 /opt/st/stm32cubeide_1.6.1/plugins/com.st.stm32cube.ide.mcu.externaltools.gnu-tools-for-stm32.9-2020-q2-update.linux64_1.5.0.202011040924/tools/bin/../lib/gcc/arm-none-eabi/9.3.1/../../../../arm-none-eabi/lib/thumb/v7e-m+fp/hard/libc_nano.a(lib_a-nano-freer.o)
                0x000000000800c344                _free_r
 .text._malloc_r
                0x000000000800c3e4       0xb4 /opt/st/stm32cubeide_1.6.1/plugins/com.st.stm32cube.ide.mcu.externaltools.gnu-tools-for-stm32.9-2020-q2-update.linux64_1.5.0.202011040924/tools/bin/../lib/gcc/arm-none-eabi/9.3.1/../../../../arm-none-eabi/lib/thumb/v7e-m+fp/hard/libc_nano.a(lib_a-nano-mallocr.o)
                0x000000000800c3e4                _malloc_r
 .text.__sfputc_r
                0x000000000800c498       0x2e /opt/st/stm32cubeide_1.6.1/plugins/com.st.stm32cube.ide.mcu.externaltools.gnu-tools-for-stm32.9-2020-q2-update.linux64_1.5.0.202011040924/tools/bin/../lib/gcc/arm-none-eabi/9.3.1/../../../../arm-none-eabi/lib/thumb/v7e-m+fp/hard/libc_nano.a(lib_a-nano-vfprintf.o)
 .text.__sfputs_r
                0x000000000800c4c6       0x24 /opt/st/stm32cubeide_1.6.1/plugins/com.st.stm32cube.ide.mcu.externaltools.gnu-tools-for-stm32.9-2020-q2-update.linux64_1.5.0.202011040924/tools/bin/../lib/gcc/arm-none-eabi/9.3.1/../../../../arm-none-eabi/lib/thumb/v7e-m+fp/hard/libc_nano.a(lib_a-nano-vfprintf.o)
                0x000000000800c4c6                __sfputs_r
 *fill*         0x000000000800c4ea        0x2 
 .text._vfprintf_r
                0x000000000800c4ec      0x260 /opt/st/stm32cubeide_1.6.1/plugins/com.st.stm32cube.ide.mcu.externaltools.gnu-tools-for-stm32.9-2020-q2-update.linux64_1.5.0.202011040924/tools/bin/../lib/gcc/arm-none-eabi/9.3.1/../../../../arm-none-eabi/lib/thumb/v7e-m+fp/hard/libc_nano.a(lib_a-nano-vfprintf.o)
                0x000000000800c4ec                _vfiprintf_r
                0x000000000800c4ec                _vfprintf_r
 .text._printf_common
                0x000000000800c74c       0xda /opt/st/stm32cubeide_1.6.1/plugins/com.st.stm32cube.ide.mcu.externaltools.gnu-tools-for-stm32.9-2020-q2-update.linux64_1.5.0.202011040924/tools/bin/../lib/gcc/arm-none-eabi/9.3.1/../../../../arm-none-eabi/lib/thumb/v7e-m+fp/hard/libc_nano.a(lib_a-nano-vfprintf_i.o)
                0x000000000800c74c                _printf_common
 *fill*         0x000000000800c826        0x2 
 .text._printf_i
                0x000000000800c828      0x24c /opt/st/stm32cubeide_1.6.1/plugins/com.st.stm32cube.ide.mcu.externaltools.gnu-tools-for-stm32.9-2020-q2-update.linux64_1.5.0.202011040924/tools/bin/../lib/gcc/arm-none-eabi/9.3.1/../../../../arm-none-eabi/lib/thumb/v7e-m+fp/hard/libc_nano.a(lib_a-nano-vfprintf_i.o)
                0x000000000800c828                _printf_i
 .text._sbrk_r  0x000000000800ca74       0x20 /opt/st/stm32cubeide_1.6.1/plugins/com.st.stm32cube.ide.mcu.externaltools.gnu-tools-for-stm32.9-2020-q2-update.linux64_1.5.0.202011040924/tools/bin/../lib/gcc/arm-none-eabi/9.3.1/../../../../arm-none-eabi/lib/thumb/v7e-m+fp/hard/libc_nano.a(lib_a-sbrkr.o)
                0x000000000800ca74                _sbrk_r
 .text.__sread  0x000000000800ca94       0x22 /opt/st/stm32cubeide_1.6.1/plugins/com.st.stm32cube.ide.mcu.externaltools.gnu-tools-for-stm32.9-2020-q2-update.linux64_1.5.0.202011040924/tools/bin/../lib/gcc/arm-none-eabi/9.3.1/../../../../arm-none-eabi/lib/thumb/v7e-m+fp/hard/libc_nano.a(lib_a-stdio.o)
                0x000000000800ca94                __sread
 .text.__swrite
                0x000000000800cab6       0x38 /opt/st/stm32cubeide_1.6.1/plugins/com.st.stm32cube.ide.mcu.externaltools.gnu-tools-for-stm32.9-2020-q2-update.linux64_1.5.0.202011040924/tools/bin/../lib/gcc/arm-none-eabi/9.3.1/../../../../arm-none-eabi/lib/thumb/v7e-m+fp/hard/libc_nano.a(lib_a-stdio.o)
                0x000000000800cab6                __swrite
 .text.__sseek  0x000000000800caee       0x24 /opt/st/stm32cubeide_1.6.1/plugins/com.st.stm32cube.ide.mcu.externaltools.gnu-tools-for-stm32.9-2020-q2-update.linux64_1.5.0.202011040924/tools/bin/../lib/gcc/arm-none-eabi/9.3.1/../../../../arm-none-eabi/lib/thumb/v7e-m+fp/hard/libc_nano.a(lib_a-stdio.o)
                0x000000000800caee                __sseek
 .text.__sclose
                0x000000000800cb12        0x8 /opt/st/stm32cubeide_1.6.1/plugins/com.st.stm32cube.ide.mcu.externaltools.gnu-tools-for-stm32.9-2020-q2-update.linux64_1.5.0.202011040924/tools/bin/../lib/gcc/arm-none-eabi/9.3.1/../../../../arm-none-eabi/lib/thumb/v7e-m+fp/hard/libc_nano.a(lib_a-stdio.o)
                0x000000000800cb12                __sclose
 *fill*         0x000000000800cb1a        0x2 
 .text._write_r
                0x000000000800cb1c       0x24 /opt/st/stm32cubeide_1.6.1/plugins/com.st.stm32cube.ide.mcu.externaltools.gnu-tools-for-stm32.9-2020-q2-update.linux64_1.5.0.202011040924/tools/bin/../lib/gcc/arm-none-eabi/9.3.1/../../../../arm-none-eabi/lib/thumb/v7e-m+fp/hard/libc_nano.a(lib_a-writer.o)
                0x000000000800cb1c                _write_r
 .text._close_r
                0x000000000800cb40       0x20 /opt/st/stm32cubeide_1.6.1/plugins/com.st.stm32cube.ide.mcu.externaltools.gnu-tools-for-stm32.9-2020-q2-update.linux64_1.5.0.202011040924/tools/bin/../lib/gcc/arm-none-eabi/9.3.1/../../../../arm-none-eabi/lib/thumb/v7e-m+fp/hard/libc_nano.a(lib_a-closer.o)
                0x000000000800cb40                _close_r
 .text._fstat_r
                0x000000000800cb60       0x24 /opt/st/stm32cubeide_1.6.1/plugins/com.st.stm32cube.ide.mcu.externaltools.gnu-tools-for-stm32.9-2020-q2-update.linux64_1.5.0.202011040924/tools/bin/../lib/gcc/arm-none-eabi/9.3.1/../../../../arm-none-eabi/lib/thumb/v7e-m+fp/hard/libc_nano.a(lib_a-fstatr.o)
                0x000000000800cb60                _fstat_r
 .text._isatty_r
                0x000000000800cb84       0x20 /opt/st/stm32cubeide_1.6.1/plugins/com.st.stm32cube.ide.mcu.externaltools.gnu-tools-for-stm32.9-2020-q2-update.linux64_1.5.0.202011040924/tools/bin/../lib/gcc/arm-none-eabi/9.3.1/../../../../arm-none-eabi/lib/thumb/v7e-m+fp/hard/libc_nano.a(lib_a-isattyr.o)
                0x000000000800cb84                _isatty_r
 .text._lseek_r
                0x000000000800cba4       0x24 /opt/st/stm32cubeide_1.6.1/plugins/com.st.stm32cube.ide.mcu.externaltools.gnu-tools-for-stm32.9-2020-q2-update.linux64_1.5.0.202011040924/tools/bin/../lib/gcc/arm-none-eabi/9.3.1/../../../../arm-none-eabi/lib/thumb/v7e-m+fp/hard/libc_nano.a(lib_a-lseekr.o)
                0x000000000800cba4                _lseek_r
 .text.__malloc_lock
                0x000000000800cbc8        0xc /opt/st/stm32cubeide_1.6.1/plugins/com.st.stm32cube.ide.mcu.externaltools.gnu-tools-for-stm32.9-2020-q2-update.linux64_1.5.0.202011040924/tools/bin/../lib/gcc/arm-none-eabi/9.3.1/../../../../arm-none-eabi/lib/thumb/v7e-m+fp/hard/libc_nano.a(lib_a-mlock.o)
                0x000000000800cbc8                __malloc_lock
 .text.__malloc_unlock
                0x000000000800cbd4        0xc /opt/st/stm32cubeide_1.6.1/plugins/com.st.stm32cube.ide.mcu.externaltools.gnu-tools-for-stm32.9-2020-q2-update.linux64_1.5.0.202011040924/tools/bin/../lib/gcc/arm-none-eabi/9.3.1/../../../../arm-none-eabi/lib/thumb/v7e-m+fp/hard/libc_nano.a(lib_a-mlock.o)
                0x000000000800cbd4                __malloc_unlock
 .text._read_r  0x000000000800cbe0       0x24 /opt/st/stm32cubeide_1.6.1/plugins/com.st.stm32cube.ide.mcu.externaltools.gnu-tools-for-stm32.9-2020-q2-update.linux64_1.5.0.202011040924/tools/bin/../lib/gcc/arm-none-eabi/9.3.1/../../../../arm-none-eabi/lib/thumb/v7e-m+fp/hard/libc_nano.a(lib_a-readr.o)
                0x000000000800cbe0                _read_r
 *(.glue_7)
 .glue_7        0x000000000800cc04        0x0 linker stubs
 *(.glue_7t)
 .glue_7t       0x000000000800cc04        0x0 linker stubs
 *(.eh_frame)
 .eh_frame      0x000000000800cc04        0x0 /opt/st/stm32cubeide_1.6.1/plugins/com.st.stm32cube.ide.mcu.externaltools.gnu-tools-for-stm32.9-2020-q2-update.linux64_1.5.0.202011040924/tools/bin/../lib/gcc/arm-none-eabi/9.3.1/thumb/v7e-m+fp/hard/crtbegin.o
 *(.init)
 .init          0x000000000800cc04        0x4 /opt/st/stm32cubeide_1.6.1/plugins/com.st.stm32cube.ide.mcu.externaltools.gnu-tools-for-stm32.9-2020-q2-update.linux64_1.5.0.202011040924/tools/bin/../lib/gcc/arm-none-eabi/9.3.1/thumb/v7e-m+fp/hard/crti.o
                0x000000000800cc04                _init
 .init          0x000000000800cc08        0x8 /opt/st/stm32cubeide_1.6.1/plugins/com.st.stm32cube.ide.mcu.externaltools.gnu-tools-for-stm32.9-2020-q2-update.linux64_1.5.0.202011040924/tools/bin/../lib/gcc/arm-none-eabi/9.3.1/thumb/v7e-m+fp/hard/crtn.o
 *(.fini)
 .fini          0x000000000800cc10        0x4 /opt/st/stm32cubeide_1.6.1/plugins/com.st.stm32cube.ide.mcu.externaltools.gnu-tools-for-stm32.9-2020-q2-update.linux64_1.5.0.202011040924/tools/bin/../lib/gcc/arm-none-eabi/9.3.1/thumb/v7e-m+fp/hard/crti.o
                0x000000000800cc10                _fini
 .fini          0x000000000800cc14        0x8 /opt/st/stm32cubeide_1.6.1/plugins/com.st.stm32cube.ide.mcu.externaltools.gnu-tools-for-stm32.9-2020-q2-update.linux64_1.5.0.202011040924/tools/bin/../lib/gcc/arm-none-eabi/9.3.1/thumb/v7e-m+fp/hard/crtn.o
                0x000000000800cc1c                . = ALIGN (0x4)
                0x000000000800cc1c                _etext = .

.vfp11_veneer   0x000000000800cc1c        0x0
 .vfp11_veneer  0x000000000800cc1c        0x0 linker stubs

.v4_bx          0x000000000800cc1c        0x0
 .v4_bx         0x000000000800cc1c        0x0 linker stubs

.iplt           0x000000000800cc1c        0x0
 .iplt          0x000000000800cc1c        0x0 /opt/st/stm32cubeide_1.6.1/plugins/com.st.stm32cube.ide.mcu.externaltools.gnu-tools-for-stm32.9-2020-q2-update.linux64_1.5.0.202011040924/tools/bin/../lib/gcc/arm-none-eabi/9.3.1/thumb/v7e-m+fp/hard/crtbegin.o

.rodata         0x000000000800cc1c      0x374
                0x000000000800cc1c                . = ALIGN (0x4)
 *(.rodata)
 .rodata        0x000000000800cc1c       0x7e Core/Src/main.o
 *fill*         0x000000000800cc9a        0x2 
 .rodata        0x000000000800cc9c      0x171 Core/Src/piece.o
 *fill*         0x000000000800ce0d        0x3 
 .rodata        0x000000000800ce10        0x5 Middlewares/Third_Party/FreeRTOS/Source/tasks.o
 *fill*         0x000000000800ce15        0x3 
 .rodata        0x000000000800ce18        0xd Middlewares/Third_Party/FreeRTOS/Source/timers.o
 *(.rodata*)
 *fill*         0x000000000800ce25        0x3 
 .rodata.xMainMenuTask_attributes
                0x000000000800ce28       0x24 Core/Src/main.o
                0x000000000800ce28                xMainMenuTask_attributes
 .rodata.xPlayTickTask_attributes
                0x000000000800ce4c       0x24 Core/Src/main.o
                0x000000000800ce4c                xPlayTickTask_attributes
 .rodata.xPlayStateTask_attributes
                0x000000000800ce70       0x24 Core/Src/main.o
                0x000000000800ce70                xPlayStateTask_attributes
 .rodata.xEmbeddedViolinEventGroup_attributes
                0x000000000800ce94       0x10 Core/Src/main.o
                0x000000000800ce94                xEmbeddedViolinEventGroup_attributes
 .rodata.xBitsToWaitFor.13034
                0x000000000800cea4        0x4 Core/Src/main.o
 .rodata.xFrequency.13035
                0x000000000800cea8        0x4 Core/Src/main.o
 .rodata.xBitsToWaitFor.13044
                0x000000000800ceac        0x4 Core/Src/main.o
 .rodata.AHBPrescTable
                0x000000000800ceb0       0x10 Core/Src/system_stm32l4xx.o
                0x000000000800ceb0                AHBPrescTable
 .rodata.APBPrescTable
                0x000000000800cec0        0x8 Core/Src/system_stm32l4xx.o
                0x000000000800cec0                APBPrescTable
 .rodata.MSIRangeTable
                0x000000000800cec8       0x30 Core/Src/system_stm32l4xx.o
                0x000000000800cec8                MSIRangeTable
 .rodata._global_impure_ptr
                0x000000000800cef8        0x4 /opt/st/stm32cubeide_1.6.1/plugins/com.st.stm32cube.ide.mcu.externaltools.gnu-tools-for-stm32.9-2020-q2-update.linux64_1.5.0.202011040924/tools/bin/../lib/gcc/arm-none-eabi/9.3.1/../../../../arm-none-eabi/lib/thumb/v7e-m+fp/hard/libc_nano.a(lib_a-impure.o)
                0x000000000800cef8                _global_impure_ptr
 .rodata.__sf_fake_stderr
                0x000000000800cefc       0x20 /opt/st/stm32cubeide_1.6.1/plugins/com.st.stm32cube.ide.mcu.externaltools.gnu-tools-for-stm32.9-2020-q2-update.linux64_1.5.0.202011040924/tools/bin/../lib/gcc/arm-none-eabi/9.3.1/../../../../arm-none-eabi/lib/thumb/v7e-m+fp/hard/libc_nano.a(lib_a-findfp.o)
                0x000000000800cefc                __sf_fake_stderr
 .rodata.__sf_fake_stdin
                0x000000000800cf1c       0x20 /opt/st/stm32cubeide_1.6.1/plugins/com.st.stm32cube.ide.mcu.externaltools.gnu-tools-for-stm32.9-2020-q2-update.linux64_1.5.0.202011040924/tools/bin/../lib/gcc/arm-none-eabi/9.3.1/../../../../arm-none-eabi/lib/thumb/v7e-m+fp/hard/libc_nano.a(lib_a-findfp.o)
                0x000000000800cf1c                __sf_fake_stdin
 .rodata.__sf_fake_stdout
                0x000000000800cf3c       0x20 /opt/st/stm32cubeide_1.6.1/plugins/com.st.stm32cube.ide.mcu.externaltools.gnu-tools-for-stm32.9-2020-q2-update.linux64_1.5.0.202011040924/tools/bin/../lib/gcc/arm-none-eabi/9.3.1/../../../../arm-none-eabi/lib/thumb/v7e-m+fp/hard/libc_nano.a(lib_a-findfp.o)
                0x000000000800cf3c                __sf_fake_stdout
 .rodata._vfprintf_r.str1.1
                0x000000000800cf5c       0x11 /opt/st/stm32cubeide_1.6.1/plugins/com.st.stm32cube.ide.mcu.externaltools.gnu-tools-for-stm32.9-2020-q2-update.linux64_1.5.0.202011040924/tools/bin/../lib/gcc/arm-none-eabi/9.3.1/../../../../arm-none-eabi/lib/thumb/v7e-m+fp/hard/libc_nano.a(lib_a-nano-vfprintf.o)
 .rodata._printf_i.str1.1
                0x000000000800cf6d       0x22 /opt/st/stm32cubeide_1.6.1/plugins/com.st.stm32cube.ide.mcu.externaltools.gnu-tools-for-stm32.9-2020-q2-update.linux64_1.5.0.202011040924/tools/bin/../lib/gcc/arm-none-eabi/9.3.1/../../../../arm-none-eabi/lib/thumb/v7e-m+fp/hard/libc_nano.a(lib_a-nano-vfprintf_i.o)
                0x000000000800cf90                . = ALIGN (0x4)
 *fill*         0x000000000800cf8f        0x1 

.ARM.extab      0x000000000800cf90        0x0
                0x000000000800cf90                . = ALIGN (0x4)
 *(.ARM.extab* .gnu.linkonce.armextab.*)
                0x000000000800cf90                . = ALIGN (0x4)

.ARM            0x000000000800cf90        0x8
                0x000000000800cf90                . = ALIGN (0x4)
                0x000000000800cf90                __exidx_start = .
 *(.ARM.exidx*)
 .ARM.exidx     0x000000000800cf90        0x8 /opt/st/stm32cubeide_1.6.1/plugins/com.st.stm32cube.ide.mcu.externaltools.gnu-tools-for-stm32.9-2020-q2-update.linux64_1.5.0.202011040924/tools/bin/../lib/gcc/arm-none-eabi/9.3.1/thumb/v7e-m+fp/hard/libgcc.a(_udivmoddi4.o)
                0x000000000800cf98                __exidx_end = .
                0x000000000800cf98                . = ALIGN (0x4)

.rel.dyn        0x000000000800cf98        0x0
 .rel.iplt      0x000000000800cf98        0x0 /opt/st/stm32cubeide_1.6.1/plugins/com.st.stm32cube.ide.mcu.externaltools.gnu-tools-for-stm32.9-2020-q2-update.linux64_1.5.0.202011040924/tools/bin/../lib/gcc/arm-none-eabi/9.3.1/thumb/v7e-m+fp/hard/crtbegin.o

.preinit_array  0x000000000800cf98        0x0
                0x000000000800cf98                . = ALIGN (0x4)
                0x000000000800cf98                PROVIDE (__preinit_array_start = .)
 *(.preinit_array*)
                0x000000000800cf98                PROVIDE (__preinit_array_end = .)
                0x000000000800cf98                . = ALIGN (0x4)

.init_array     0x000000000800cf98        0x4
                0x000000000800cf98                . = ALIGN (0x4)
                0x000000000800cf98                PROVIDE (__init_array_start = .)
 *(SORT_BY_NAME(.init_array.*))
 *(.init_array*)
 .init_array    0x000000000800cf98        0x4 /opt/st/stm32cubeide_1.6.1/plugins/com.st.stm32cube.ide.mcu.externaltools.gnu-tools-for-stm32.9-2020-q2-update.linux64_1.5.0.202011040924/tools/bin/../lib/gcc/arm-none-eabi/9.3.1/thumb/v7e-m+fp/hard/crtbegin.o
                0x000000000800cf9c                PROVIDE (__init_array_end = .)
                0x000000000800cf9c                . = ALIGN (0x4)

.fini_array     0x000000000800cf9c        0x4
                0x000000000800cf9c                . = ALIGN (0x4)
                [!provide]                        PROVIDE (__fini_array_start = .)
 *(SORT_BY_NAME(.fini_array.*))
 *(.fini_array*)
 .fini_array    0x000000000800cf9c        0x4 /opt/st/stm32cubeide_1.6.1/plugins/com.st.stm32cube.ide.mcu.externaltools.gnu-tools-for-stm32.9-2020-q2-update.linux64_1.5.0.202011040924/tools/bin/../lib/gcc/arm-none-eabi/9.3.1/thumb/v7e-m+fp/hard/crtbegin.o
                [!provide]                        PROVIDE (__fini_array_end = .)
                0x000000000800cfa0                . = ALIGN (0x4)
                0x000000000800cfa0                _sidata = LOADADDR (.data)

.data           0x0000000020000000      0x11c load address 0x000000000800cfa0
                0x0000000020000000                . = ALIGN (0x4)
                0x0000000020000000                _sdata = .
 *(.data)
 *(.data*)
 .data.Stat     0x0000000020000000        0x1 Core/Src/fatfs_sd.o
 *fill*         0x0000000020000001        0x3 
 .data.pusPitchTickMap
                0x0000000020000004       0x90 Core/Src/piece.o
                0x0000000020000004                pusPitchTickMap
 .data.SystemCoreClock
                0x0000000020000094        0x4 Core/Src/system_stm32l4xx.o
                0x0000000020000094                SystemCoreClock
 .data.uwTickPrio
                0x0000000020000098        0x4 Drivers/STM32L4xx_HAL_Driver/Src/stm32l4xx_hal.o
                0x0000000020000098                uwTickPrio
 .data.uwTickFreq
                0x000000002000009c        0x1 Drivers/STM32L4xx_HAL_Driver/Src/stm32l4xx_hal.o
                0x000000002000009c                uwTickFreq
 *fill*         0x000000002000009d        0x3 
 .data.USER_Driver
                0x00000000200000a0       0x14 FATFS/Target/user_diskio.o
                0x00000000200000a0                USER_Driver
 .data.uxCriticalNesting
                0x00000000200000b4        0x4 Middlewares/Third_Party/FreeRTOS/Source/portable/GCC/ARM_CM4F/port.o
 .data._impure_ptr
                0x00000000200000b8        0x4 /opt/st/stm32cubeide_1.6.1/plugins/com.st.stm32cube.ide.mcu.externaltools.gnu-tools-for-stm32.9-2020-q2-update.linux64_1.5.0.202011040924/tools/bin/../lib/gcc/arm-none-eabi/9.3.1/../../../../arm-none-eabi/lib/thumb/v7e-m+fp/hard/libc_nano.a(lib_a-impure.o)
                0x00000000200000b8                _impure_ptr
 .data.impure_data
                0x00000000200000bc       0x60 /opt/st/stm32cubeide_1.6.1/plugins/com.st.stm32cube.ide.mcu.externaltools.gnu-tools-for-stm32.9-2020-q2-update.linux64_1.5.0.202011040924/tools/bin/../lib/gcc/arm-none-eabi/9.3.1/../../../../arm-none-eabi/lib/thumb/v7e-m+fp/hard/libc_nano.a(lib_a-impure.o)
 *(.RamFunc)
 *(.RamFunc*)
                0x000000002000011c                . = ALIGN (0x4)
                0x000000002000011c                _edata = .

.igot.plt       0x000000002000011c        0x0 load address 0x000000000800d0bc
 .igot.plt      0x000000002000011c        0x0 /opt/st/stm32cubeide_1.6.1/plugins/com.st.stm32cube.ide.mcu.externaltools.gnu-tools-for-stm32.9-2020-q2-update.linux64_1.5.0.202011040924/tools/bin/../lib/gcc/arm-none-eabi/9.3.1/thumb/v7e-m+fp/hard/crtbegin.o
                0x000000002000011c                . = ALIGN (0x4)

.bss            0x000000002000011c     0xfa24 load address 0x000000000800d0bc
                0x000000002000011c                _sbss = .
                0x000000002000011c                __bss_start__ = _sbss
 *(.bss)
 .bss           0x000000002000011c       0x1c /opt/st/stm32cubeide_1.6.1/plugins/com.st.stm32cube.ide.mcu.externaltools.gnu-tools-for-stm32.9-2020-q2-update.linux64_1.5.0.202011040924/tools/bin/../lib/gcc/arm-none-eabi/9.3.1/thumb/v7e-m+fp/hard/crtbegin.o
 *(.bss*)
 .bss.CardType  0x0000000020000138        0x1 Core/Src/fatfs_sd.o
 .bss.PowerFlag
                0x0000000020000139        0x1 Core/Src/fatfs_sd.o
 *fill*         0x000000002000013a        0x2 
 .bss.running   0x000000002000013c        0x4 Core/Src/main.o
                0x000000002000013c                running
 .bss.__sbrk_heap_end
                0x0000000020000140        0x4 Core/Src/sysmem.o
 .bss.disk      0x0000000020000144        0xc Middlewares/Third_Party/FatFs/src/ff_gen_drv.o
                0x0000000020000144                disk
 .bss.KernelState
                0x0000000020000150        0x4 Middlewares/Third_Party/FreeRTOS/Source/CMSIS_RTOS_V2/cmsis_os2.o
 .bss.Idle_TCB.11769
                0x0000000020000154       0x5c Middlewares/Third_Party/FreeRTOS/Source/CMSIS_RTOS_V2/cmsis_os2.o
 .bss.Idle_Stack.11770
                0x00000000200001b0      0x200 Middlewares/Third_Party/FreeRTOS/Source/CMSIS_RTOS_V2/cmsis_os2.o
 .bss.Timer_TCB.11776
                0x00000000200003b0       0x5c Middlewares/Third_Party/FreeRTOS/Source/CMSIS_RTOS_V2/cmsis_os2.o
 .bss.Timer_Stack.11777
                0x000000002000040c      0x400 Middlewares/Third_Party/FreeRTOS/Source/CMSIS_RTOS_V2/cmsis_os2.o
 .bss.pxCurrentTCB
                0x000000002000080c        0x4 Middlewares/Third_Party/FreeRTOS/Source/tasks.o
                0x000000002000080c                pxCurrentTCB
 .bss.pxReadyTasksLists
                0x0000000020000810      0x460 Middlewares/Third_Party/FreeRTOS/Source/tasks.o
 .bss.xDelayedTaskList1
                0x0000000020000c70       0x14 Middlewares/Third_Party/FreeRTOS/Source/tasks.o
 .bss.xDelayedTaskList2
                0x0000000020000c84       0x14 Middlewares/Third_Party/FreeRTOS/Source/tasks.o
 .bss.pxDelayedTaskList
                0x0000000020000c98        0x4 Middlewares/Third_Party/FreeRTOS/Source/tasks.o
 .bss.pxOverflowDelayedTaskList
                0x0000000020000c9c        0x4 Middlewares/Third_Party/FreeRTOS/Source/tasks.o
 .bss.xPendingReadyList
                0x0000000020000ca0       0x14 Middlewares/Third_Party/FreeRTOS/Source/tasks.o
 .bss.xTasksWaitingTermination
                0x0000000020000cb4       0x14 Middlewares/Third_Party/FreeRTOS/Source/tasks.o
 .bss.uxDeletedTasksWaitingCleanUp
                0x0000000020000cc8        0x4 Middlewares/Third_Party/FreeRTOS/Source/tasks.o
 .bss.xSuspendedTaskList
                0x0000000020000ccc       0x14 Middlewares/Third_Party/FreeRTOS/Source/tasks.o
 .bss.uxCurrentNumberOfTasks
                0x0000000020000ce0        0x4 Middlewares/Third_Party/FreeRTOS/Source/tasks.o
 .bss.xTickCount
                0x0000000020000ce4        0x4 Middlewares/Third_Party/FreeRTOS/Source/tasks.o
 .bss.uxTopReadyPriority
                0x0000000020000ce8        0x4 Middlewares/Third_Party/FreeRTOS/Source/tasks.o
 .bss.xSchedulerRunning
                0x0000000020000cec        0x4 Middlewares/Third_Party/FreeRTOS/Source/tasks.o
 .bss.xPendedTicks
                0x0000000020000cf0        0x4 Middlewares/Third_Party/FreeRTOS/Source/tasks.o
 .bss.xYieldPending
                0x0000000020000cf4        0x4 Middlewares/Third_Party/FreeRTOS/Source/tasks.o
 .bss.xNumOfOverflows
                0x0000000020000cf8        0x4 Middlewares/Third_Party/FreeRTOS/Source/tasks.o
 .bss.uxTaskNumber
                0x0000000020000cfc        0x4 Middlewares/Third_Party/FreeRTOS/Source/tasks.o
 .bss.xNextTaskUnblockTime
                0x0000000020000d00        0x4 Middlewares/Third_Party/FreeRTOS/Source/tasks.o
 .bss.xIdleTaskHandle
                0x0000000020000d04        0x4 Middlewares/Third_Party/FreeRTOS/Source/tasks.o
 .bss.uxSchedulerSuspended
                0x0000000020000d08        0x4 Middlewares/Third_Party/FreeRTOS/Source/tasks.o
 .bss.xActiveTimerList1
                0x0000000020000d0c       0x14 Middlewares/Third_Party/FreeRTOS/Source/timers.o
 .bss.xActiveTimerList2
                0x0000000020000d20       0x14 Middlewares/Third_Party/FreeRTOS/Source/timers.o
 .bss.pxCurrentTimerList
                0x0000000020000d34        0x4 Middlewares/Third_Party/FreeRTOS/Source/timers.o
 .bss.pxOverflowTimerList
                0x0000000020000d38        0x4 Middlewares/Third_Party/FreeRTOS/Source/timers.o
 .bss.xTimerQueue
                0x0000000020000d3c        0x4 Middlewares/Third_Party/FreeRTOS/Source/timers.o
 .bss.xTimerTaskHandle
                0x0000000020000d40        0x4 Middlewares/Third_Party/FreeRTOS/Source/timers.o
 .bss.xLastTime.6925
                0x0000000020000d44        0x4 Middlewares/Third_Party/FreeRTOS/Source/timers.o
 .bss.ucStaticTimerQueueStorage.6976
                0x0000000020000d48       0xa0 Middlewares/Third_Party/FreeRTOS/Source/timers.o
 .bss.xStaticTimerQueue.6975