main.c:208:1:__io_putchar	16	static
main.c:214:6:transmit_uart	24	static
main.c:246:5:main	8	static
main.c:341:6:SystemClock_Config	232	static
main.c:404:13:MX_ADC1_Init	48	static
main.c:468:13:MX_SPI1_Init	8	static
main.c:508:13:MX_TIM1_Init	96	static
main.c:578:13:MX_TIM15_Init	96	static
main.c:643:13:MX_TIM16_Init	80	static
main.c:705:13:MX_TIM17_Init	80	static
main.c:767:13:MX_USART2_UART_Init	8	static
main.c:802:13:MX_GPIO_Init	48	static
main.c:904:7:movingAverage	24	static
main.c:910:9:getPeriod	24	static
main.c:933:6:StartMainMenuTask	16	static
main.c:1023:6:StartPlayTickTask	24	static
main.c:1054:6:StartPlayState	24	static
main.c:1079:6:HAL_TIM_PeriodElapsedCallback	16	static
main.c:1095:6:Error_Handler	4	static,ignoring_inline_asm
