main.c:201:1:__io_putchar	16	static
main.c:207:6:transmit_uart	24	static
main.c:238:5:main	8	static
main.c:334:6:SystemClock_Config	232	static
main.c:397:13:MX_ADC1_Init	48	static
main.c:461:13:MX_SPI1_Init	8	static
main.c:501:13:MX_TIM1_Init	96	static
main.c:571:13:MX_USART2_UART_Init	8	static
main.c:606:13:MX_GPIO_Init	48	static
main.c:706:7:movingAverage	24	static
main.c:712:9:getPeriod	24	static
main.c:735:6:StartMainMenuTask	16	static
main.c:814:6:StartPlayTickTask	24	static
main.c:844:6:StartPlayGoalCheck	32	static
main.c:877:6:HAL_TIM_PeriodElapsedCallback	16	static
main.c:893:6:Error_Handler	4	static,ignoring_inline_asm
